Component: ARM Compiler 5.06 update 6 (build 750) Tool: armlink [4d35ed]

==============================================================================

Section Cross References

    startup_stm32f407xx.o(RESET) refers to startup_stm32f407xx.o(STACK) for __initial_sp
    startup_stm32f407xx.o(RESET) refers to startup_stm32f407xx.o(.text) for Reset_Handler
    startup_stm32f407xx.o(RESET) refers to stm32f4xx_it.o(i.NMI_Handler) for NMI_Handler
    startup_stm32f407xx.o(RESET) refers to stm32f4xx_it.o(i.HardFault_Handler) for HardFault_Handler
    startup_stm32f407xx.o(RESET) refers to stm32f4xx_it.o(i.MemManage_Handler) for MemManage_Handler
    startup_stm32f407xx.o(RESET) refers to stm32f4xx_it.o(i.BusFault_Handler) for BusFault_Handler
    startup_stm32f407xx.o(RESET) refers to stm32f4xx_it.o(i.UsageFault_Handler) for UsageFault_Handler
    startup_stm32f407xx.o(RESET) refers to port.o(.emb_text) for SVC_Handler
    startup_stm32f407xx.o(RESET) refers to stm32f4xx_it.o(i.DebugMon_Handler) for DebugMon_Handler
    startup_stm32f407xx.o(RESET) refers to stm32f4xx_it.o(i.SysTick_Handler) for SysTick_Handler
    startup_stm32f407xx.o(RESET) refers to stm32f4xx_it.o(i.TIM1_BRK_TIM9_IRQHandler) for TIM1_BRK_TIM9_IRQHandler
    startup_stm32f407xx.o(RESET) refers to stm32f4xx_it.o(i.TIM1_UP_TIM10_IRQHandler) for TIM1_UP_TIM10_IRQHandler
    startup_stm32f407xx.o(RESET) refers to stm32f4xx_it.o(i.TIM8_UP_TIM13_IRQHandler) for TIM8_UP_TIM13_IRQHandler
    startup_stm32f407xx.o(RESET) refers to stm32f4xx_it.o(i.UART4_IRQHandler) for UART4_IRQHandler
    startup_stm32f407xx.o(.text) refers to system_stm32f4xx.o(i.SystemInit) for SystemInit
    startup_stm32f407xx.o(.text) refers to entry.o(.ARM.Collect$$$$00000000) for __main
    main.o(i.SystemClock_Config) refers to memseta.o(.text) for __aeabi_memclr4
    main.o(i.SystemClock_Config) refers to stm32f4xx_hal_rcc.o(i.HAL_RCC_OscConfig) for HAL_RCC_OscConfig
    main.o(i.SystemClock_Config) refers to stm32f4xx_hal_rcc.o(i.HAL_RCC_ClockConfig) for HAL_RCC_ClockConfig
    main.o(i.main) refers to stm32f4xx_hal.o(i.HAL_Init) for HAL_Init
    main.o(i.main) refers to main.o(i.SystemClock_Config) for SystemClock_Config
    main.o(i.main) refers to gpio.o(i.MX_GPIO_Init) for MX_GPIO_Init
    main.o(i.main) refers to i2c.o(i.MX_I2C1_Init) for MX_I2C1_Init
    main.o(i.main) refers to usart.o(i.MX_UART4_Init) for MX_UART4_Init
    main.o(i.main) refers to tim.o(i.MX_TIM2_Init) for MX_TIM2_Init
    main.o(i.main) refers to tim.o(i.MX_TIM1_Init) for MX_TIM1_Init
    main.o(i.main) refers to tim.o(i.MX_TIM8_Init) for MX_TIM8_Init
    main.o(i.main) refers to tim.o(i.MX_TIM9_Init) for MX_TIM9_Init
    main.o(i.main) refers to my_tim.o(i.my_tim_init) for my_tim_init
    main.o(i.main) refers to my_gpio.o(i.my_gpio_init) for my_gpio_init
    main.o(i.main) refers to stm32f4xx_hal_tim.o(i.HAL_TIM_Base_Start_IT) for HAL_TIM_Base_Start_IT
    main.o(i.main) refers to memcpya.o(.text) for __aeabi_memcpy4
    main.o(i.main) refers to my_motor.o(i.motor_init) for motor_init
    main.o(i.main) refers to pid_user.o(i.PID_devices_Init) for PID_devices_Init
    main.o(i.main) refers to my_iic.o(i.u8g2_init) for u8g2_init
    main.o(i.main) refers to cmsis_os2.o(i.osKernelInitialize) for osKernelInitialize
    main.o(i.main) refers to freertos.o(i.MX_FREERTOS_Init) for MX_FREERTOS_Init
    main.o(i.main) refers to cmsis_os2.o(i.osKernelStart) for osKernelStart
    main.o(i.main) refers to tim.o(.bss) for htim8
    main.o(i.main) refers to my_motor.o(.bss) for MOTOR
    gpio.o(i.MX_GPIO_Init) refers to memseta.o(.text) for __aeabi_memclr4
    gpio.o(i.MX_GPIO_Init) refers to stm32f4xx_hal_gpio.o(i.HAL_GPIO_WritePin) for HAL_GPIO_WritePin
    gpio.o(i.MX_GPIO_Init) refers to stm32f4xx_hal_gpio.o(i.HAL_GPIO_Init) for HAL_GPIO_Init
    freertos.o(i.MX_FREERTOS_Init) refers to cmsis_os2.o(i.osThreadNew) for osThreadNew
    freertos.o(i.MX_FREERTOS_Init) refers to freertos.o(.constdata) for .constdata
    freertos.o(i.MX_FREERTOS_Init) refers to freertos.o(i.StartDefaultTask) for StartDefaultTask
    freertos.o(i.MX_FREERTOS_Init) refers to freertos.o(.data) for .data
    freertos.o(i.MX_FREERTOS_Init) refers to my_tasks.o(i.led_blink_Task) for led_blink_Task
    freertos.o(i.MX_FREERTOS_Init) refers to my_tasks.o(i.chassis_Move_Task) for chassis_Move_Task
    freertos.o(i.MX_FREERTOS_Init) refers to my_tasks.o(i.oled_task) for oled_task
    freertos.o(i.StartDefaultTask) refers to cmsis_os2.o(i.osDelay) for osDelay
    freertos.o(.constdata) refers to freertos.o(.conststring) for .conststring
    i2c.o(i.HAL_I2C_MspDeInit) refers to stm32f4xx_hal_gpio.o(i.HAL_GPIO_DeInit) for HAL_GPIO_DeInit
    i2c.o(i.HAL_I2C_MspInit) refers to memseta.o(.text) for __aeabi_memclr4
    i2c.o(i.HAL_I2C_MspInit) refers to stm32f4xx_hal_gpio.o(i.HAL_GPIO_Init) for HAL_GPIO_Init
    i2c.o(i.MX_I2C1_Init) refers to stm32f4xx_hal_i2c.o(i.HAL_I2C_Init) for HAL_I2C_Init
[...]
    i.vTaskSwitchContext                     0x0800486c   Section        0  tasks.o(i.vTaskSwitchContext)
    i.xPortStartScheduler                    0x080048d0   Section        0  port.o(i.xPortStartScheduler)
    i.xPortSysTickHandler                    0x080049c4   Section        0  port.o(i.xPortSysTickHandler)
    i.xQueueGenericCreateStatic              0x080049f0   Section        0  queue.o(i.xQueueGenericCreateStatic)
    i.xQueueGenericReset                     0x08004a58   Section        0  queue.o(i.xQueueGenericReset)
    i.xQueueGenericSend                      0x08004ae0   Section        0  queue.o(i.xQueueGenericSend)
    i.xQueueGenericSendFromISR               0x08004c40   Section        0  queue.o(i.xQueueGenericSendFromISR)
    i.xQueueReceive                          0x08004d00   Section        0  queue.o(i.xQueueReceive)
    i.xTaskCheckForTimeOut                   0x08004e38   Section        0  tasks.o(i.xTaskCheckForTimeOut)
    i.xTaskCreate                            0x08004eac   Section        0  tasks.o(i.xTaskCreate)
    i.xTaskCreateStatic                      0x08004f06   Section        0  tasks.o(i.xTaskCreateStatic)
    i.xTaskGetSchedulerState                 0x08004f5c   Section        0  tasks.o(i.xTaskGetSchedulerState)
    i.xTaskGetTickCount                      0x08004f78   Section        0  tasks.o(i.xTaskGetTickCount)
    i.xTaskIncrementTick                     0x08004f84   Section        0  tasks.o(i.xTaskIncrementTick)
    i.xTaskPriorityDisinherit                0x0800504c   Section        0  tasks.o(i.xTaskPriorityDisinherit)
    i.xTaskRemoveFromEventList               0x080050cc   Section        0  tasks.o(i.xTaskRemoveFromEventList)
    i.xTaskResumeAll                         0x0800513c   Section        0  tasks.o(i.xTaskResumeAll)
    i.xTimerCreateTimerTask                  0x08005200   Section        0  timers.o(i.xTimerCreateTimerTask)
    i.xTimerGenericCommand                   0x08005260   Section        0  timers.o(i.xTimerGenericCommand)
    .constdata                               0x080052c8   Section      144  freertos.o(.constdata)
    .constdata                               0x08005358   Section       16  system_stm32f4xx.o(.constdata)
    .constdata                               0x08005368   Section        8  system_stm32f4xx.o(.constdata)
    .constdata                               0x08005370   Section     1028  u8g2_fonts.o(.constdata)
    .constdata                               0x08005774   Section       12  u8g2_setup.o(.constdata)
    .constdata                               0x08005780   Section      344  u8x8_d_ssd1306_128x64_noname.o(.constdata)
    u8x8_d_ssd1306_128x64_noname_powersave0_seq 0x08005780   Data           5  u8x8_d_ssd1306_128x64_noname.o(.constdata)
    u8x8_d_ssd1306_128x64_noname_powersave1_seq 0x08005785   Data           5  u8x8_d_ssd1306_128x64_noname.o(.constdata)
    u8x8_d_ssd1306_128x64_noname_flip0_seq   0x0800578a   Data           7  u8x8_d_ssd1306_128x64_noname.o(.constdata)
    u8x8_d_ssd1306_128x64_noname_flip1_seq   0x08005791   Data           7  u8x8_d_ssd1306_128x64_noname.o(.constdata)
    u8x8_d_ssd1312_128x64_noname_flip0_seq   0x08005798   Data           7  u8x8_d_ssd1306_128x64_noname.o(.constdata)
    u8x8_d_ssd1312_128x64_noname_flip1_seq   0x0800579f   Data           7  u8x8_d_ssd1306_128x64_noname.o(.constdata)
    u8x8_d_ssd1306_128x64_noname_init_seq    0x080057a6   Data          53  u8x8_d_ssd1306_128x64_noname.o(.constdata)
    u8x8_d_ssd1306_128x64_vcomh0_init_seq    0x080057db   Data          53  u8x8_d_ssd1306_128x64_noname.o(.constdata)
    u8x8_d_ssd1306_128x64_alt0_init_seq      0x08005810   Data          53  u8x8_d_ssd1306_128x64_noname.o(.constdata)
    u8x8_d_sh1106_128x64_winstar_init_seq    0x08005845   Data          45  u8x8_d_ssd1306_128x64_noname.o(.constdata)
    u8x8_d_ssd1312_128x64_noname_init_seq    0x08005872   Data          53  u8x8_d_ssd1306_128x64_noname.o(.constdata)
    u8x8_ssd1306_128x64_noname_display_info  0x080058a8   Data          24  u8x8_d_ssd1306_128x64_noname.o(.constdata)
    u8x8_sh1106_128x64_noname_display_info   0x080058c0   Data          24  u8x8_d_ssd1306_128x64_noname.o(.constdata)
    .conststring                             0x080058d8   Section       48  freertos.o(.conststring)
    .data                                    0x20000000   Section       16  freertos.o(.data)
    .data                                    0x20000010   Section       12  stm32f4xx_hal.o(.data)
    .data                                    0x2000001c   Section        4  system_stm32f4xx.o(.data)
    .data                                    0x20000020   Section       24  pid_user.o(.data)
    .data                                    0x20000038   Section        1  my_iic.o(.data)
    buf_idx                                  0x20000038   Data           1  my_iic.o(.data)
    .data                                    0x2000003c   Section       60  tasks.o(.data)
    uxDeletedTasksWaitingCleanUp             0x20000040   Data           4  tasks.o(.data)
    uxCurrentNumberOfTasks                   0x20000044   Data           4  tasks.o(.data)
    xTickCount                               0x20000048   Data           4  tasks.o(.data)
    uxTopReadyPriority                       0x2000004c   Data           4  tasks.o(.data)
    xSchedulerRunning                        0x20000050   Data           4  tasks.o(.data)
    xPendedTicks                             0x20000054   Data           4  tasks.o(.data)
    xYieldPending                            0x20000058   Data           4  tasks.o(.data)
    xNumOfOverflows                          0x2000005c   Data           4  tasks.o(.data)
    uxTaskNumber                             0x20000060   Data           4  tasks.o(.data)
    xNextTaskUnblockTime                     0x20000064   Data           4  tasks.o(.data)
    xIdleTaskHandle                          0x20000068   Data           4  tasks.o(.data)
    uxSchedulerSuspended                     0x2000006c   Data           4  tasks.o(.data)
    pxDelayedTaskList                        0x20000070   Data           4  tasks.o(.data)
    pxOverflowDelayedTaskList                0x20000074   Data           4  tasks.o(.data)
    .data                                    0x20000078   Section       20  timers.o(.data)
    xTimerQueue                              0x20000078   Data           4  timers.o(.data)
    xTimerTaskHandle                         0x2000007c   Data           4  timers.o(.data)
    xLastTime                                0x20000080   Data           4  timers.o(.data)
    pxCurrentTimerList                       0x20000084   Data           4  timers.o(.data)
    pxOverflowTimerList                      0x20000088   Data           4  timers.o(.data)
    .data                                    0x2000008c   Section        4  cmsis_os2.o(.data)
    KernelState                              0x2000008c   Data           4  cmsis_os2.o(.data)
    .data                                    0x20000090   Section       32  heap_4.o(.data)
    pxEnd                                    0x20000090   Data           4  heap_4.o(.data)
    xFreeBytesRemaining                      0x20000094   Data           4  heap_4.o(.data)
    xMinimumEverFreeBytesRemaining           0x20000098   Data           4  heap_4.o(.data)
    xNumberOfSuccessfulAllocations           0x2000009c   Data           4  heap_4.o(.data)
    xNumberOfSuccessfulFrees                 0x200000a0   Data           4  heap_4.o(.data)
    xBlockAllocatedBit                       0x200000a4   Data           4  heap_4.o(.data)
    xStart                                   0x200000a8   Data           8  heap_4.o(.data)
    .data                                    0x200000b0   Section       12  port.o(.data)
    ucMaxSysCallPriority                     0x200000b0   Data           1  port.o(.data)
    uxCriticalNesting                        0x200000b4   Data           4  port.o(.data)
    ulMaxPRIGROUPValue                       0x200000b8   Data           4  port.o(.data)
    .data                                    0x200000bc   Section        6  u8x8_cad.o(.data)
    in_transfer                              0x200000bc   Data           1  u8x8_cad.o(.data)
    in_transfer                              0x200000bd   Data           1  u8x8_cad.o(.data)
    in_transfer                              0x200000be   Data           1  u8x8_cad.o(.data)
    is_data                                  0x200000bf   Data           1  u8x8_cad.o(.data)
    in_transfer                              0x200000c0   Data           1  u8x8_cad.o(.data)
    is_data                                  0x200000c1   Data           1  u8x8_cad.o(.data)
    .bss                                     0x200000c4   Section       84  i2c.o(.bss)
    .bss                                     0x20000118   Section      288  tim.o(.bss)
    .bss                                     0x20000238   Section       68  usart.o(.bss)
    .bss                                     0x2000027c   Section      176  my_motor.o(.bss)
    .bss                                     0x2000032c   Section      288  pid_user.o(.bss)
    .bss                                     0x2000044c   Section      180  my_iic.o(.bss)
    buffer                                   0x2000044c   Data          32  my_iic.o(.bss)
    .bss                                     0x20000500   Section       64  queue.o(.bss)
    .bss                                     0x20000540   Section     1220  tasks.o(.bss)
    pxReadyTasksLists                        0x20000540   Data        1120  tasks.o(.bss)
    xDelayedTaskList1                        0x200009a0   Data          20  tasks.o(.bss)
    xDelayedTaskList2                        0x200009b4   Data          20  tasks.o(.bss)
    xPendingReadyList                        0x200009c8   Data          20  tasks.o(.bss)
    xTasksWaitingTermination                 0x200009dc   Data          20  tasks.o(.bss)
    xSuspendedTaskList                       0x200009f0   Data          20  tasks.o(.bss)
    .bss                                     0x20000a04   Section      280  timers.o(.bss)
    xStaticTimerQueue                        0x20000a04   Data          80  timers.o(.bss)
    ucStaticTimerQueueStorage                0x20000a54   Data         160  timers.o(.bss)
    xActiveTimerList1                        0x20000af4   Data          20  timers.o(.bss)
    xActiveTimerList2                        0x20000b08   Data          20  timers.o(.bss)
    .bss                                     0x20000b1c   Section     1720  cmsis_os2.o(.bss)
    Idle_TCB                                 0x20000b1c   Data          92  cmsis_os2.o(.bss)
    Idle_Stack                               0x20000b78   Data         512  cmsis_os2.o(.bss)
    Timer_TCB                                0x20000d78   Data          92  cmsis_os2.o(.bss)
    Timer_Stack                              0x20000dd4   Data        1024  cmsis_os2.o(.bss)
    .bss                                     0x200011d4   Section    15360  heap_4.o(.bss)
    ucHeap                                   0x200011d4   Data       15360  heap_4.o(.bss)
    .bss                                     0x20004dd4   Section     1024  u8g2_d_memory.o(.bss)
    buf                                      0x20004dd4   Data        1024  u8g2_d_memory.o(.bss)
    STACK                                    0x200051d8   Section     1024  startup_stm32f407xx.o(STACK)

    Global Symbols

    Symbol Name                              Value     Ov Type        Size  Object(Section)

    BuildAttributes$$THM_ISAv4$E$P$D$K$B$S$7EM$VFPi3$EXTD16$VFPS$VFMA$PE$A:L22UL41UL21$X:L11$S22US41US21$IEEE1$IW$USESV6$~STKCKD$USESV7$~SHL$OSPACE$ROPI$EBA8$MICROLIB$REQ8$PRES8$EABIv2 0x00000000   Number         0  anon$$obj.o ABSOLUTE
    __ARM_use_no_argv                        0x00000000   Number         0  main.o ABSOLUTE
    _printf_a                                0x00000000   Number         0  stubs.o ABSOLUTE
    _printf_c                                0x00000000   Number         0  stubs.o ABSOLUTE
    _printf_charcount                        0x00000000   Number         0  stubs.o ABSOLUTE
    _printf_d                                0x00000000   Number         0  stubs.o ABSOLUTE
    _printf_e                                0x00000000   Number         0  stubs.o ABSOLUTE
    _printf_f                                0x00000000   Number         0  stubs.o ABSOLUTE
    _printf_flags                            0x00000000   Number         0  stubs.o ABSOLUTE
    _printf_fp_dec                           0x00000000   Number         0  stubs.o ABSOLUTE
    _printf_fp_hex                           0x00000000   Number         0  stubs.o ABSOLUTE
    _printf_g                                0x00000000   Number         0  stubs.o ABSOLUTE
    _printf_i                                0x00000000   Number         0  stubs.o ABSOLUTE
    _printf_int_dec                          0x00000000   Number         0  stubs.o ABSOLUTE
    _printf_l                                0x00000000   Number         0  stubs.o ABSOLUTE
    _printf_lc                               0x00000000   Number         0  stubs.o ABSOLUTE
    _printf_ll                               0x00000000   Number         0  stubs.o ABSOLUTE
    _printf_lld                              0x00000000   Number         0  stubs.o ABSOLUTE
    _printf_lli                              0x00000000   Number         0  stubs.o ABSOLUTE
    _printf_llo                              0x00000000   Number         0  stubs.o ABSOLUTE
    _printf_llu                              0x00000000   Number         0  stubs.o ABSOLUTE
    _printf_llx                              0x00000000   Number         0  stubs.o ABSOLUTE
    _printf_longlong_dec                     0x00000000   Number         0  stubs.o ABSOLUTE
    _printf_longlong_hex                     0x00000000   Number         0  stubs.o ABSOLUTE
    _printf_longlong_oct                     0x00000000   Number         0  stubs.o ABSOLUTE
    _printf_ls                               0x00000000   Number         0  stubs.o ABSOLUTE
    _printf_mbtowc                           0x00000000   Number         0  stubs.o ABSOLUTE
    _printf_n                                0x00000000   Number         0  stubs.o ABSOLUTE
    _printf_o                                0x00000000   Number         0  stubs.o ABSOLUTE
    _printf_p                                0x00000000   Number         0  stubs.o ABSOLUTE
    _printf_percent                          0x00000000   Number         0  stubs.o ABSOLUTE
    _printf_pre_padding                      0x00000000   Number         0  stubs.o ABSOLUTE
    _printf_return_value                     0x00000000   Number         0  stubs.o ABSOLUTE
    _printf_s                                0x00000000   Number         0  stubs.o ABSOLUTE
    _printf_sizespec                         0x00000000   Number         0  stubs.o ABSOLUTE
    _printf_str                              0x00000000   Number         0  stubs.o ABSOLUTE
    _printf_truncate_signed                  0x00000000   Number         0  stubs.o ABSOLUTE
    _printf_truncate_unsigned                0x00000000   Number         0  stubs.o ABSOLUTE
    _printf_u                                0x00000000   Number         0  stubs.o ABSOLUTE
    _printf_wc                               0x00000000   Number         0  stubs.o ABSOLUTE
    _printf_wctomb                           0x00000000   Number         0  stubs.o ABSOLUTE
    _printf_widthprec                        0x00000000   Number         0  stubs.o ABSOLUTE
    _printf_x                                0x00000000   Number         0  stubs.o ABSOLUTE
    __cpp_initialize__aeabi_                  - Undefined Weak Reference
    __cxa_finalize                            - Undefined Weak Reference
    __decompress                              - Undefined Weak Reference
    _clock_init                               - Undefined Weak Reference
    _microlib_exit                            - Undefined Weak Reference
    __Vectors_Size                           0x00000188   Number         0  startup_stm32f407xx.o ABSOLUTE
    __Vectors                                0x08000000   Data           4  startup_stm32f407xx.o(RESET)
    __Vectors_End                            0x08000188   Data           0  startup_stm32f407xx.o(RESET)
    __main                                   0x08000189   Thumb Code     0  entry.o(.ARM.Collect$$$$00000000)
    _main_stk                                0x08000189   Thumb Code     0  entry2.o(.ARM.Collect$$$$00000001)
    _main_scatterload                        0x0800018d   Thumb Code     0  entry5.o(.ARM.Collect$$$$00000004)
    __main_after_scatterload                 0x08000191   Thumb Code     0  entry5.o(.ARM.Collect$$$$00000004)
    _main_clock                              0x08000191   Thumb Code     0  entry7b.o(.ARM.Collect$$$$00000008)
    _main_cpp_init                           0x08000191   Thumb Code     0  entry8b.o(.ARM.Collect$$$$0000000A)
    _main_init                               0x08000191   Thumb Code     0  entry9a.o(.ARM.Collect$$$$0000000B)
    __rt_final_cpp                           0x08000199   Thumb Code     0  entry10a.o(.ARM.Collect$$$$0000000D)
    __rt_final_exit                          0x08000199   Thumb Code     0  entry11a.o(.ARM.Collect$$$$0000000F)
    SVC_Handler                              0x0800019d   Thumb Code    28  port.o(.emb_text)
    __asm___6_port_c_39a90d8d__prvStartFirstTask 0x080001bd   Thumb Code    36  port.o(.emb_text)
    __asm___6_port_c_39a90d8d__prvEnableVFP  0x080001e5   Thumb Code    16  port.o(.emb_text)
    PendSV_Handler                           0x080001f9   Thumb Code    88  port.o(.emb_text)
    vPortGetIPSR                             0x08000255   Thumb Code     6  port.o(.emb_text)
    Reset_Handler                            0x0800025d   Thumb Code     8  startup_stm32f407xx.o(.text)
    ADC_IRQHandler                           0x08000277   Thumb Code     0  startup_stm32f407xx.o(.text)
    CAN1_RX0_IRQHandler                      0x08000277   Thumb Code     0  startup_stm32f407xx.o(.text)
    CAN1_RX1_IRQHandler                      0x08000277   Thumb Code     0  startup_stm32f407xx.o(.text)
    CAN1_SCE_IRQHandler                      0x08000277   Thumb Code     0  startup_stm32f407xx.o(.text)
    CAN1_TX_IRQHandler                       0x08000277   Thumb Code     0  startup_stm32f407xx.o(.text)
    CAN2_RX0_IRQHandler                      0x08000277   Thumb Code     0  startup_stm32f407xx.o(.text)
    CAN2_RX1_IRQHandler                      0x08000277   Thumb Code     0  startup_stm32f407xx.o(.text)
    CAN2_SCE_IRQHandler                      0x08000277   Thumb Code     0  startup_stm32f407xx.o(.text)
    CAN2_TX_IRQHandler                       0x08000277   Thumb Code     0  startup_stm32f407xx.o(.text)
    DCMI_IRQHandler                          0x08000277   Thumb Code     0  startup_stm32f407xx.o(.text)
    DMA1_Stream0_IRQHandler                  0x08000277   Thumb Code     0  startup_stm32f407xx.o(.text)
    DMA1_Stream1_IRQHandler                  0x08000277   Thumb Code     0  startup_stm32f407xx.o(.text)
    DMA1_Stream2_IRQHandler                  0x08000277   Thumb Code     0  startup_stm32f407xx.o(.text)
    DMA1_Stream3_IRQHandler                  0x08000277   Thumb Code     0  startup_stm32f407xx.o(.text)
    DMA1_Stream4_IRQHandler                  0x08000277   Thumb Code     0  startup_stm32f407xx.o(.text)
    DMA1_Stream5_IRQHandler                  0x08000277   Thumb Code     0  startup_stm32f407xx.o(.text)
    DMA1_Stream6_IRQHandler                  0x08000277   Thumb Code     0  startup_stm32f407xx.o(.text)
    DMA1_Stream7_IRQHandler                  0x08000277   Thumb Code     0  startup_stm32f407xx.o(.text)
    DMA2_Stream0_IRQHandler                  0x08000277   Thumb Code     0  startup_stm32f407xx.o(.text)
    DMA2_Stream1_IRQHandler                  0x08000277   Thumb Code     0  startup_stm32f407xx.o(.text)
    DMA2_Stream2_IRQHandler                  0x08000277   Thumb Code     0  startup_stm32f407xx.o(.text)
    DMA2_Stream3_IRQHandler                  0x08000277   Thumb Code     0  startup_stm32f407xx.o(.text)
    DMA2_Stream4_IRQHandler                  0x08000277   Thumb Code     0  startup_stm32f407xx.o(.text)
    DMA2_Stream5_IRQHandler                  0x08000277   Thumb Code     0  startup_stm32f407xx.o(.text)
    DMA2_Stream6_IRQHandler                  0x08000277   Thumb Code     0  startup_stm32f407xx.o(.text)
    DMA2_Stream7_IRQHandler                  0x08000277   Thumb Code     0  startup_stm32f407xx.o(.text)
    ETH_IRQHandler                           0x08000277   Thumb Code     0  startup_stm32f407xx.o(.text)
    ETH_WKUP_IRQHandler                      0x08000277   Thumb Code     0  startup_stm32f407xx.o(.text)
    EXTI0_IRQHandler                         0x08000277   Thumb Code     0  startup_stm32f407xx.o(.text)
    EXTI15_10_IRQHandler                     0x08000277   Thumb Code     0  startup_stm32f407xx.o(.text)
    EXTI1_IRQHandler                         0x08000277   Thumb Code     0  startup_stm32f407xx.o(.text)
    EXTI2_IRQHandler                         0x08000277   Thumb Code     0  startup_stm32f407xx.o(.text)
    EXTI3_IRQHandler                         0x08000277   Thumb Code     0  startup_stm32f407xx.o(.text)
    EXTI4_IRQHandler                         0x08000277   Thumb Code     0  startup_stm32f407xx.o(.text)
    EXTI9_5_IRQHandler                       0x08000277   Thumb Code     0  startup_stm32f407xx.o(.text)
    FLASH_IRQHandler                         0x08000277   Thumb Code     0  startup_stm32f407xx.o(.text)
    FMC_IRQHandler                           0x08000277   Thumb Code     0  startup_stm32f407xx.o(.text)
    FPU_IRQHandler                           0x08000277   Thumb Code     0  startup_stm32f407xx.o(.text)
    HASH_RNG_IRQHandler                      0x08000277   Thumb Code     0  startup_stm32f407xx.o(.text)
    I2C1_ER_IRQHandler                       0x08000277   Thumb Code     0  startup_stm32f407xx.o(.text)
    I2C1_EV_IRQHandler                       0x08000277   Thumb Code     0  startup_stm32f407xx.o(.text)
    I2C2_ER_IRQHandler                       0x08000277   Thumb Code     0  startup_stm32f407xx.o(.text)
    I2C2_EV_IRQHandler                       0x08000277   Thumb Code     0  startup_stm32f407xx.o(.text)
    I2C3_ER_IRQHandler                       0x08000277   Thumb Code     0  startup_stm32f407xx.o(.text)
    I2C3_EV_IRQHandler                       0x08000277   Thumb Code     0  startup_stm32f407xx.o(.text)
    OTG_FS_IRQHandler                        0x08000277   Thumb Code     0  startup_stm32f407xx.o(.text)
    OTG_FS_WKUP_IRQHandler                   0x08000277   Thumb Code     0  startup_stm32f407xx.o(.text)
    OTG_HS_EP1_IN_IRQHandler                 0x08000277   Thumb Code     0  startup_stm32f407xx.o(.text)
    OTG_HS_EP1_OUT_IRQHandler                0x08000277   Thumb Code     0  startup_stm32f407xx.o(.text)
    OTG_HS_IRQHandler                        0x08000277   Thumb Code     0  startup_stm32f407xx.o(.text)
    OTG_HS_WKUP_IRQHandler                   0x08000277   Thumb Code     0  startup_stm32f407xx.o(.text)
    PVD_IRQHandler                           0x08000277   Thumb Code     0  startup_stm32f407xx.o(.text)
    RCC_IRQHandler                           0x08000277   Thumb Code     0  startup_stm32f407xx.o(.text)
    RTC_Alarm_IRQHandler                     0x08000277   Thumb Code     0  startup_stm32f407xx.o(.text)
    RTC_WKUP_IRQHandler                      0x08000277   Thumb Code     0  startup_stm32f407xx.o(.text)
    SDIO_IRQHandler                          0x08000277   Thumb Code     0  startup_stm32f407xx.o(.text)
    SPI1_IRQHandler                          0x08000277   Thumb Code     0  startup_stm32f407xx.o(.text)
    SPI2_IRQHandler                          0x08000277   Thumb Code     0  startup_stm32f407xx.o(.text)
    SPI3_IRQHandler                          0x08000277   Thumb Code     0  startup_stm32f407xx.o(.text)
    TAMP_STAMP_IRQHandler                    0x08000277   Thumb Code     0  startup_stm32f407xx.o(.text)
    TIM1_CC_IRQHandler                       0x08000277   Thumb Code     0  startup_stm32f407xx.o(.text)
    TIM1_TRG_COM_TIM11_IRQHandler            0x08000277   Thumb Code     0  startup_stm32f407xx.o(.text)
    TIM2_IRQHandler                          0x08000277   Thumb Code     0  startup_stm32f407xx.o(.text)
    TIM3_IRQHandler                          0x08000277   Thumb Code     0  startup_stm32f407xx.o(.text)
    TIM4_IRQHandler                          0x08000277   Thumb Code     0  startup_stm32f407xx.o(.text)
    TIM5_IRQHandler                          0x08000277   Thumb Code     0  startup_stm32f407xx.o(.text)
    TIM6_DAC_IRQHandler                      0x08000277   Thumb Code     0  startup_stm32f407xx.o(.text)
    TIM7_IRQHandler                          0x08000277   Thumb Code     0  startup_stm32f407xx.o(.text)
    TIM8_BRK_TIM12_IRQHandler                0x08000277   Thumb Code     0  startup_stm32f407xx.o(.text)
    TIM8_CC_IRQHandler                       0x08000277   Thumb Code     0  startup_stm32f407xx.o(.text)
    TIM8_TRG_COM_TIM14_IRQHandler            0x08000277   Thumb Code     0  startup_stm32f407xx.o(.text)
    UART5_IRQHandler                         0x08000277   Thumb Code     0  startup_stm32f407xx.o(.text)
    USART1_IRQHandler                        0x08000277   Thumb Code     0  startup_stm32f407xx.o(.text)
    USART2_IRQHandler                        0x08000277   Thumb Code     0  startup_stm32f407xx.o(.text)
    USART3_IRQHandler                        0x08000277   Thumb Code     0  startup_stm32f407xx.o(.text)
    USART6_IRQHandler                        0x08000277   Thumb Code     0  startup_stm32f407xx.o(.text)
    WWDG_IRQHandler                          0x08000277   Thumb Code     0  startup_stm32f407xx.o(.text)
    __aeabi_uldivmod                         0x08000281   Thumb Code    98  uldiv.o(.text)
    __aeabi_memcpy                           0x080002e3   Thumb Code    36  memcpya.o(.text)
    __aeabi_memcpy4                          0x080002e3   Thumb Code     0  memcpya.o(.text)
    __aeabi_memcpy8                          0x080002e3   Thumb Code     0  memcpya.o(.text)
    __aeabi_memset                           0x08000307   Thumb Code    14  memseta.o(.text)
    __aeabi_memset4                          0x08000307   Thumb Code     0  memseta.o(.text)
    __aeabi_memset8                          0x08000307   Thumb Code     0  memseta.o(.text)
    __aeabi_memclr                           0x08000315   Thumb Code     4  memseta.o(.text)
    __aeabi_memclr4                          0x08000315   Thumb Code     0  memseta.o(.text)
    __aeabi_memclr8                          0x08000315   Thumb Code     0  memseta.o(.text)
    memset                                   0x08000319   Thumb Code    18  memseta.o(.text)
    __aeabi_uidiv                            0x0800032b   Thumb Code     0  uidiv.o(.text)
    __aeabi_uidivmod                         0x0800032b   Thumb Code    44  uidiv.o(.text)
    __aeabi_llsl                             0x08000357   Thumb Code    30  llshl.o(.text)
    _ll_shift_l                              0x08000357   Thumb Code     0  llshl.o(.text)
    __aeabi_llsr                             0x08000375   Thumb Code    32  llushr.o(.text)
    _ll_ushift_r                             0x08000375   Thumb Code     0  llushr.o(.text)
    __scatterload                            0x08000395   Thumb Code    28  init.o(.text)
    __scatterload_rt2                        0x08000395   Thumb Code     0  init.o(.text)
    BusFault_Handler                         0x080003b9   Thumb Code     2  stm32f4xx_it.o(i.BusFault_Handler)
    DebugMon_Handler                         0x080003bb   Thumb Code     2  stm32f4xx_it.o(i.DebugMon_Handler)
    Error_Handler                            0x080003bd   Thumb Code     4  main.o(i.Error_Handler)
    HAL_DMA_Abort                            0x080003c1   Thumb Code   146  stm32f4xx_hal_dma.o(i.HAL_DMA_Abort)
    HAL_DMA_Abort_IT                         0x08000453   Thumb Code    36  stm32f4xx_hal_dma.o(i.HAL_DMA_Abort_IT)
    HAL_Delay                                0x08000479   Thumb Code    32  stm32f4xx_hal.o(i.HAL_Delay)
    HAL_GPIO_Init                            0x0800049d   Thumb Code   450  stm32f4xx_hal_gpio.o(i.HAL_GPIO_Init)
    HAL_GPIO_TogglePin                       0x0800068d   Thumb Code    16  stm32f4xx_hal_gpio.o(i.HAL_GPIO_TogglePin)
    HAL_GPIO_WritePin                        0x0800069d   Thumb Code    10  stm32f4xx_hal_gpio.o(i.HAL_GPIO_WritePin)
    HAL_GetTick                              0x080006a9   Thumb Code     6  stm32f4xx_hal.o(i.HAL_GetTick)
    HAL_I2C_Init                             0x080006b5   Thumb Code   376  stm32f4xx_hal_i2c.o(i.HAL_I2C_Init)
    HAL_I2C_Master_Transmit                  0x0800083d   Thumb Code   290  stm32f4xx_hal_i2c.o(i.HAL_I2C_Master_Transmit)
    HAL_I2C_MspInit                          0x08000969   Thumb Code    92  i2c.o(i.HAL_I2C_MspInit)
    HAL_IncTick                              0x080009d1   Thumb Code    12  stm32f4xx_hal.o(i.HAL_IncTick)
    HAL_Init                                 0x080009e1   Thumb Code    48  stm32f4xx_hal.o(i.HAL_Init)
    HAL_InitTick                             0x08000a15   Thumb Code    54  stm32f4xx_hal.o(i.HAL_InitTick)
    HAL_MspInit                              0x08000a55   Thumb Code    52  stm32f4xx_hal_msp.o(i.HAL_MspInit)
    HAL_NVIC_EnableIRQ                       0x08000a8d   Thumb Code    26  stm32f4xx_hal_cortex.o(i.HAL_NVIC_EnableIRQ)
    HAL_NVIC_SetPriority                     0x08000aa9   Thumb Code    60  stm32f4xx_hal_cortex.o(i.HAL_NVIC_SetPriority)
    HAL_NVIC_SetPriorityGrouping             0x08000ae9   Thumb Code    26  stm32f4xx_hal_cortex.o(i.HAL_NVIC_SetPriorityGrouping)
    HAL_RCC_ClockConfig                      0x08000b0d   Thumb Code   288  stm32f4xx_hal_rcc.o(i.HAL_RCC_ClockConfig)
    HAL_RCC_GetPCLK1Freq                     0x08000c41   Thumb Code    20  stm32f4xx_hal_rcc.o(i.HAL_RCC_GetPCLK1Freq)
    HAL_RCC_GetPCLK2Freq                     0x08000c61   Thumb Code    20  stm32f4xx_hal_rcc.o(i.HAL_RCC_GetPCLK2Freq)
    HAL_RCC_GetSysClockFreq                  0x08000c81   Thumb Code    88  stm32f4xx_hal_rcc.o(i.HAL_RCC_GetSysClockFreq)
    HAL_RCC_OscConfig                        0x08000ce1   Thumb Code   856  stm32f4xx_hal_rcc.o(i.HAL_RCC_OscConfig)
    HAL_SYSTICK_Config                       0x0800104d   Thumb Code    40  stm32f4xx_hal_cortex.o(i.HAL_SYSTICK_Config)
    HAL_TIMEx_BreakCallback                  0x08001075   Thumb Code     2  stm32f4xx_hal_tim_ex.o(i.HAL_TIMEx_BreakCallback)
    HAL_TIMEx_CommutCallback                 0x08001077   Thumb Code     2  stm32f4xx_hal_tim_ex.o(i.HAL_TIMEx_CommutCallback)
    HAL_TIMEx_MasterConfigSynchronization    0x08001079   Thumb Code   116  stm32f4xx_hal_tim_ex.o(i.HAL_TIMEx_MasterConfigSynchronization)
    HAL_TIM_Base_Init                        0x08001109   Thumb Code    90  stm32f4xx_hal_tim.o(i.HAL_TIM_Base_Init)
    HAL_TIM_Base_MspInit                     0x08001165   Thumb Code    50  tim.o(i.HAL_TIM_Base_MspInit)
    HAL_TIM_Base_Start_IT                    0x080011a1   Thumb Code   100  stm32f4xx_hal_tim.o(i.HAL_TIM_Base_Start_IT)
    HAL_TIM_ConfigClockSource                0x08001221   Thumb Code   220  stm32f4xx_hal_tim.o(i.HAL_TIM_ConfigClockSource)
    HAL_TIM_Encoder_Init                     0x080012fd   Thumb Code   164  stm32f4xx_hal_tim.o(i.HAL_TIM_Encoder_Init)
    HAL_TIM_Encoder_MspInit                  0x080013a1   Thumb Code   198  tim.o(i.HAL_TIM_Encoder_MspInit)
    HAL_TIM_IC_CaptureCallback               0x0800147d   Thumb Code     2  stm32f4xx_hal_tim.o(i.HAL_TIM_IC_CaptureCallback)
    HAL_TIM_IRQHandler                       0x0800147f   Thumb Code   358  stm32f4xx_hal_tim.o(i.HAL_TIM_IRQHandler)
    HAL_TIM_MspPostInit                      0x080015e5   Thumb Code   106  tim.o(i.HAL_TIM_MspPostInit)
    HAL_TIM_OC_DelayElapsedCallback          0x0800165d   Thumb Code     2  stm32f4xx_hal_tim.o(i.HAL_TIM_OC_DelayElapsedCallback)
    HAL_TIM_PWM_ConfigChannel                0x0800165f   Thumb Code   204  stm32f4xx_hal_tim.o(i.HAL_TIM_PWM_ConfigChannel)
    HAL_TIM_PWM_Init                         0x0800172b   Thumb Code    90  stm32f4xx_hal_tim.o(i.HAL_TIM_PWM_Init)
    HAL_TIM_PWM_MspInit                      0x08001785   Thumb Code    30  tim.o(i.HAL_TIM_PWM_MspInit)
    HAL_TIM_PWM_PulseFinishedCallback        0x080017a9   Thumb Code     2  stm32f4xx_hal_tim.o(i.HAL_TIM_PWM_PulseFinishedCallback)
    HAL_TIM_PWM_Start                        0x080017ad   Thumb Code   172  stm32f4xx_hal_tim.o(i.HAL_TIM_PWM_Start)
    HAL_TIM_PeriodElapsedCallback            0x08001875   Thumb Code    86  my_tim.o(i.HAL_TIM_PeriodElapsedCallback)
    HAL_TIM_TriggerCallback                  0x080018dd   Thumb Code     2  stm32f4xx_hal_tim.o(i.HAL_TIM_TriggerCallback)
    HAL_UARTEx_RxEventCallback               0x080018df   Thumb Code     2  stm32f4xx_hal_uart.o(i.HAL_UARTEx_RxEventCallback)
    HAL_UART_ErrorCallback                   0x080018e1   Thumb Code     2  stm32f4xx_hal_uart.o(i.HAL_UART_ErrorCallback)
    HAL_UART_IRQHandler                      0x080018e5   Thumb Code   610  stm32f4xx_hal_uart.o(i.HAL_UART_IRQHandler)
    HAL_UART_Init                            0x08001b4d   Thumb Code    98  stm32f4xx_hal_uart.o(i.HAL_UART_Init)
    HAL_UART_MspInit                         0x08001bb1   Thumb Code   106  usart.o(i.HAL_UART_MspInit)
    HAL_UART_RxCpltCallback                  0x08001c29   Thumb Code     2  stm32f4xx_hal_uart.o(i.HAL_UART_RxCpltCallback)
    HAL_UART_TxCpltCallback                  0x08001c2b   Thumb Code     2  stm32f4xx_hal_uart.o(i.HAL_UART_TxCpltCallback)
    HardFault_Handler                        0x08001c2d   Thumb Code     2  stm32f4xx_it.o(i.HardFault_Handler)
    MX_FREERTOS_Init                         0x08001e91   Thumb Code    60  freertos.o(i.MX_FREERTOS_Init)
    MX_GPIO_Init                             0x08001ee5   Thumb Code   178  gpio.o(i.MX_GPIO_Init)
    MX_I2C1_Init                             0x08001fa5   Thumb Code    50  i2c.o(i.MX_I2C1_Init)
    MX_TIM1_Init                             0x08001fe5   Thumb Code   100  tim.o(i.MX_TIM1_Init)
    MX_TIM2_Init                             0x08002051   Thumb Code   122  tim.o(i.MX_TIM2_Init)
    MX_TIM8_Init                             0x080020d1   Thumb Code   100  tim.o(i.MX_TIM8_Init)
    MX_TIM9_Init                             0x0800213d   Thumb Code    68  tim.o(i.MX_TIM9_Init)
    MX_UART4_Init                            0x08002189   Thumb Code    48  usart.o(i.MX_UART4_Init)
    MemManage_Handler                        0x080021c1   Thumb Code     2  stm32f4xx_it.o(i.MemManage_Handler)
    NMI_Handler                              0x080021c3   Thumb Code     2  stm32f4xx_it.o(i.NMI_Handler)
    PID_devices_Init                         0x080021c5   Thumb Code    84  pid_user.o(i.PID_devices_Init)
    PID_init                                 0x08002229   Thumb Code    88  pid.o(i.PID_init)
    Read_Encoder                             0x08002285   Thumb Code    14  my_motor.o(i.Read_Encoder)
    StartDefaultTask                         0x08002293   Thumb Code     8  freertos.o(i.StartDefaultTask)
    SysTick_Handler                          0x0800229b   Thumb Code    24  stm32f4xx_it.o(i.SysTick_Handler)
    SystemClock_Config                       0x080022b5   Thumb Code   138  main.o(i.SystemClock_Config)
    SystemInit                               0x08002349   Thumb Code    12  system_stm32f4xx.o(i.SystemInit)
    TIM1_BRK_TIM9_IRQHandler                 0x08002359   Thumb Code    18  stm32f4xx_it.o(i.TIM1_BRK_TIM9_IRQHandler)
    TIM1_UP_TIM10_IRQHandler                 0x08002375   Thumb Code     6  stm32f4xx_it.o(i.TIM1_UP_TIM10_IRQHandler)
    TIM8_UP_TIM13_IRQHandler                 0x08002381   Thumb Code     6  stm32f4xx_it.o(i.TIM8_UP_TIM13_IRQHandler)
    TIM_Base_SetConfig                       0x0800238d   Thumb Code   156  stm32f4xx_hal_tim.o(i.TIM_Base_SetConfig)
    TIM_CCxChannelCmd                        0x08002455   Thumb Code    26  stm32f4xx_hal_tim.o(i.TIM_CCxChannelCmd)
    TIM_ETR_SetConfig                        0x0800246f   Thumb Code    20  stm32f4xx_hal_tim.o(i.TIM_ETR_SetConfig)
    TIM_OC2_SetConfig                        0x080024f5   Thumb Code    98  stm32f4xx_hal_tim.o(i.TIM_OC2_SetConfig)
    UART4_IRQHandler                         0x08002661   Thumb Code     6  stm32f4xx_it.o(i.UART4_IRQHandler)
    UsageFault_Handler                       0x08002899   Thumb Code     2  stm32f4xx_it.o(i.UsageFault_Handler)
    __0sprintf$1                             0x0800289d   Thumb Code    34  printf1.o(i.__0sprintf$1)
    __1sprintf$1                             0x0800289d   Thumb Code     0  printf1.o(i.__0sprintf$1)
    __2sprintf                               0x0800289d   Thumb Code     0  printf1.o(i.__0sprintf$1)
    __scatterload_copy                       0x080028e5   Thumb Code    14  handlers.o(i.__scatterload_copy)
    __scatterload_null                       0x080028f3   Thumb Code     2  handlers.o(i.__scatterload_null)
    __scatterload_zeroinit                   0x080028f5   Thumb Code    14  handlers.o(i.__scatterload_zeroinit)
    chassis_Move_Task                        0x08002a63   Thumb Code     8  my_tasks.o(i.chassis_Move_Task)
    led_blink_Task                           0x08002a6d   Thumb Code    12  my_tasks.o(i.led_blink_Task)
    main                                     0x08002a7d   Thumb Code   284  main.o(i.main)
    motor_init                               0x08002ba9   Thumb Code    98  my_motor.o(i.motor_init)
    my_gpio_init                             0x08002c0d   Thumb Code    74  my_gpio.o(i.my_gpio_init)
    my_tim_init                              0x08002c61   Thumb Code    32  my_tim.o(i.my_tim_init)
    oled_task                                0x08002c85   Thumb Code    72  my_tasks.o(i.oled_task)
    osDelay                                  0x08002d05   Thumb Code    26  cmsis_os2.o(i.osDelay)
    osKernelInitialize                       0x08002d21   Thumb Code    32  cmsis_os2.o(i.osKernelInitialize)
    osKernelStart                            0x08002d45   Thumb Code    48  cmsis_os2.o(i.osKernelStart)
    osThreadNew                              0x08002d7d   Thumb Code   138  cmsis_os2.o(i.osThreadNew)
    pvPortMalloc                             0x0800359d   Thumb Code   216  heap_4.o(i.pvPortMalloc)
    pxPortInitialiseStack                    0x08003679   Thumb Code    40  port.o(i.pxPortInitialiseStack)
    speed_Encoder                            0x080036a5   Thumb Code    20  my_motor.o(i.speed_Encoder)
    u8g2_ClearBuffer                         0x080036b9   Thumb Code    20  u8g2_buffer.o(i.u8g2_ClearBuffer)
    u8g2_ClearDisplay                        0x080036cd   Thumb Code    30  u8g2_cleardisplay.o(i.u8g2_ClearDisplay)
    u8g2_DrawGlyph                           0x080036eb   Thumb Code   112  u8g2_font.o(i.u8g2_DrawGlyph)
    u8g2_DrawHVLine                          0x0800375d   Thumb Code   172  u8g2_hvline.o(i.u8g2_DrawHVLine)
    u8g2_DrawStr                             0x08003809   Thumb Code    12  u8g2_font.o(i.u8g2_DrawStr)
    u8g2_FirstPage                           0x08003819   Thumb Code    28  u8g2_buffer.o(i.u8g2_FirstPage)
    u8g2_IsIntersection                      0x08003835   Thumb Code    48  u8g2_intersection.o(i.u8g2_IsIntersection)
    u8g2_NextPage                            0x08003865   Thumb Code    62  u8g2_buffer.o(i.u8g2_NextPage)
    u8g2_SendBuffer                          0x080038a3   Thumb Code    18  u8g2_buffer.o(i.u8g2_SendBuffer)
    u8g2_SetBufferCurrTileRow                0x080038b5   Thumb Code    28  u8g2_buffer.o(i.u8g2_SetBufferCurrTileRow)
    u8g2_SetFont                             0x080038d1   Thumb Code    32  u8g2_font.o(i.u8g2_SetFont)
    u8g2_SetFontPosBaseline                  0x080038f1   Thumb Code     6  u8g2_font.o(i.u8g2_SetFontPosBaseline)
    u8g2_SetMaxClipWindow                    0x080038fd   Thumb Code    28  u8g2_setup.o(i.u8g2_SetMaxClipWindow)
    u8g2_SetupBuffer                         0x08003919   Thumb Code    70  u8g2_setup.o(i.u8g2_SetupBuffer)
    u8g2_Setup_ssd1306_i2c_128x64_noname_f   0x08003961   Thumb Code    42  u8g2_d_setup.o(i.u8g2_Setup_ssd1306_i2c_128x64_noname_f)
    u8g2_UpdateRefHeight                     0x08003999   Thumb Code    82  u8g2_font.o(i.u8g2_UpdateRefHeight)
    u8g2_add_vector_x                        0x080039eb   Thumb Code    28  u8g2_font.o(i.u8g2_add_vector_x)
    u8g2_add_vector_y                        0x08003a07   Thumb Code    28  u8g2_font.o(i.u8g2_add_vector_y)
    u8g2_draw_hv_line_2dir                   0x08003acd   Thumb Code    18  u8g2_hvline.o(i.u8g2_draw_hv_line_2dir)
    u8g2_draw_l90_r0                         0x08003adf   Thumb Code    12  u8g2_setup.o(i.u8g2_draw_l90_r0)
    u8g2_font_calc_vref_font                 0x08003b61   Thumb Code     4  u8g2_font.o(i.u8g2_font_calc_vref_font)
    u8g2_font_decode_get_signed_bits         0x08003b65   Thumb Code    20  u8g2_font.o(i.u8g2_font_decode_get_signed_bits)
    u8g2_font_decode_get_unsigned_bits       0x08003b79   Thumb Code    52  u8g2_font.o(i.u8g2_font_decode_get_unsigned_bits)
    u8g2_font_decode_glyph                   0x08003bad   Thumb Code   276  u8g2_font.o(i.u8g2_font_decode_glyph)
    u8g2_font_decode_len                     0x08003cc1   Thumb Code   140  u8g2_font.o(i.u8g2_font_decode_len)
    u8g2_font_get_glyph_data                 0x08003d4d   Thumb Code   114  u8g2_font.o(i.u8g2_font_get_glyph_data)
    u8g2_gpio_and_delay_stm32                0x08003e07   Thumb Code    32  my_iic.o(i.u8g2_gpio_and_delay_stm32)
    u8g2_init                                0x08003e29   Thumb Code    38  my_iic.o(i.u8g2_init)
    u8g2_is_intersection_decision_tree       0x08003e61   Thumb Code    24  u8g2_intersection.o(i.u8g2_is_intersection_decision_tree)
    u8g2_ll_hvline_vertical_top_lsb          0x08003e79   Thumb Code   144  u8g2_ll_hvline.o(i.u8g2_ll_hvline_vertical_top_lsb)
    u8g2_m_16_8_f                            0x08003f09   Thumb Code     8  u8g2_d_memory.o(i.u8g2_m_16_8_f)
    u8g2_read_font_info                      0x08003f15   Thumb Code   106  u8g2_font.o(i.u8g2_read_font_info)
    u8g2_update_dimension_r0                 0x08004013   Thumb Code     4  u8g2_setup.o(i.u8g2_update_dimension_r0)
    u8g2_update_page_win_r0                  0x08004017   Thumb Code    34  u8g2_setup.o(i.u8g2_update_page_win_r0)
    u8x8_DrawTile                            0x08004039   Thumb Code    30  u8x8_display.o(i.u8x8_DrawTile)
    u8x8_InitDisplay                         0x08004057   Thumb Code    16  u8x8_display.o(i.u8x8_InitDisplay)
    u8x8_RefreshDisplay                      0x08004067   Thumb Code    16  u8x8_display.o(i.u8x8_RefreshDisplay)
    u8x8_SetPowerSave                        0x08004077   Thumb Code    16  u8x8_display.o(i.u8x8_SetPowerSave)
    u8x8_Setup                               0x08004087   Thumb Code    34  u8x8_setup.o(i.u8x8_Setup)
    u8x8_SetupDefaults                       0x080040a9   Thumb Code    32  u8x8_setup.o(i.u8x8_SetupDefaults)
    u8x8_SetupMemory                         0x080040cd   Thumb Code    16  u8x8_display.o(i.u8x8_SetupMemory)
    u8x8_ascii_next                          0x080040dd   Thumb Code    14  u8x8_8x8.o(i.u8x8_ascii_next)
    u8x8_byte_EndTransfer                    0x080040eb   Thumb Code    16  u8x8_byte.o(i.u8x8_byte_EndTransfer)
    u8x8_byte_SendByte                       0x080040fb   Thumb Code    14  u8x8_byte.o(i.u8x8_byte_SendByte)
    u8x8_byte_StartTransfer                  0x08004109   Thumb Code    16  u8x8_byte.o(i.u8x8_byte_StartTransfer)
    u8x8_byte_hw_i2c                         0x08004119   Thumb Code    80  my_iic.o(i.u8x8_byte_hw_i2c)
    u8x8_cad_EndTransfer                     0x08004175   Thumb Code    16  u8x8_cad.o(i.u8x8_cad_EndTransfer)
    u8x8_cad_SendArg                         0x08004185   Thumb Code    16  u8x8_cad.o(i.u8x8_cad_SendArg)
    u8x8_cad_SendCmd                         0x08004195   Thumb Code    16  u8x8_cad.o(i.u8x8_cad_SendCmd)
    u8x8_cad_SendData                        0x080041a5   Thumb Code    16  u8x8_cad.o(i.u8x8_cad_SendData)
    u8x8_cad_SendSequence                    0x080041b5   Thumb Code   104  u8x8_cad.o(i.u8x8_cad_SendSequence)
    u8x8_cad_StartTransfer                   0x0800421d   Thumb Code    16  u8x8_cad.o(i.u8x8_cad_StartTransfer)
    u8x8_cad_ssd13xx_fast_i2c                0x0800422d   Thumb Code   182  u8x8_cad.o(i.u8x8_cad_ssd13xx_fast_i2c)
    u8x8_d_helper_display_init               0x080042e9   Thumb Code    96  u8x8_display.o(i.u8x8_d_helper_display_init)
    u8x8_d_helper_display_setup_memory       0x08004349   Thumb Code    10  u8x8_display.o(i.u8x8_d_helper_display_setup_memory)
    u8x8_d_ssd1306_128x64_noname             0x08004355   Thumb Code    52  u8x8_d_ssd1306_128x64_noname.o(i.u8x8_d_ssd1306_128x64_noname)
    u8x8_dummy_cb                            0x08004459   Thumb Code     4  u8x8_setup.o(i.u8x8_dummy_cb)
    u8x8_gpio_call                           0x0800445d   Thumb Code    12  u8x8_gpio.o(i.u8x8_gpio_call)
    u8x8_utf8_init                           0x08004495   Thumb Code     8  u8x8_8x8.o(i.u8x8_utf8_init)
    uxListRemove                             0x0800449d   Thumb Code    38  list.o(i.uxListRemove)
    vApplicationGetIdleTaskMemory            0x080044c5   Thumb Code    16  cmsis_os2.o(i.vApplicationGetIdleTaskMemory)
    vApplicationGetTimerTaskMemory           0x080044d9   Thumb Code    18  cmsis_os2.o(i.vApplicationGetTimerTaskMemory)
    vListInitialise                          0x080044f1   Thumb Code    22  list.o(i.vListInitialise)
    vListInitialiseItem                      0x08004507   Thumb Code     6  list.o(i.vListInitialiseItem)
    vListInsert                              0x0800450d   Thumb Code    48  list.o(i.vListInsert)
    vListInsertEnd                           0x0800453d   Thumb Code    24  list.o(i.vListInsertEnd)
    vPortEnterCritical                       0x08004555   Thumb Code    54  port.o(i.vPortEnterCritical)
    vPortExitCritical                        0x08004595   Thumb Code    34  port.o(i.vPortExitCritical)
    vPortFree                                0x080045bd   Thumb Code    94  heap_4.o(i.vPortFree)
    vPortSetupTimerInterrupt                 0x08004621   Thumb Code    32  port.o(i.vPortSetupTimerInterrupt)
    vPortValidateInterruptPriority           0x08004645   Thumb Code    74  port.o(i.vPortValidateInterruptPriority)
    vQueueAddToRegistry                      0x08004699   Thumb Code    34  queue.o(i.vQueueAddToRegistry)
    vQueueWaitForMessageRestricted           0x080046c1   Thumb Code    68  queue.o(i.vQueueWaitForMessageRestricted)
    vTaskDelay                               0x08004705   Thumb Code    66  tasks.o(i.vTaskDelay)
    vTaskInternalSetTimeOutState             0x08004751   Thumb Code    12  tasks.o(i.vTaskInternalSetTimeOutState)
    vTaskMissedYield                         0x08004761   Thumb Code     8  tasks.o(i.vTaskMissedYield)
    vTaskPlaceOnEventList                    0x0800476d   Thumb Code    44  tasks.o(i.vTaskPlaceOnEventList)
    vTaskPlaceOnEventListRestricted          0x0800479d   Thumb Code    52  tasks.o(i.vTaskPlaceOnEventListRestricted)
    vTaskStartScheduler                      0x080047d5   Thumb Code   118  tasks.o(i.vTaskStartScheduler)
    vTaskSuspendAll                          0x0800485d   Thumb Code    10  tasks.o(i.vTaskSuspendAll)
    vTaskSwitchContext                       0x0800486d   Thumb Code    90  tasks.o(i.vTaskSwitchContext)
    xPortStartScheduler                      0x080048d1   Thumb Code   222  port.o(i.xPortStartScheduler)
    xPortSysTickHandler                      0x080049c5   Thumb Code    38  port.o(i.xPortSysTickHandler)
    xQueueGenericCreateStatic                0x080049f1   Thumb Code   102  queue.o(i.xQueueGenericCreateStatic)
    xQueueGenericReset                       0x08004a59   Thumb Code   132  queue.o(i.xQueueGenericReset)
    xQueueGenericSend                        0x08004ae1   Thumb Code   346  queue.o(i.xQueueGenericSend)
    xQueueGenericSendFromISR                 0x08004c41   Thumb Code   190  queue.o(i.xQueueGenericSendFromISR)
    xQueueReceive                            0x08004d01   Thumb Code   308  queue.o(i.xQueueReceive)
    xTaskCheckForTimeOut                     0x08004e39   Thumb Code   112  tasks.o(i.xTaskCheckForTimeOut)
    xTaskCreate                              0x08004ead   Thumb Code    90  tasks.o(i.xTaskCreate)
    xTaskCreateStatic                        0x08004f07   Thumb Code    86  tasks.o(i.xTaskCreateStatic)
    xTaskGetSchedulerState                   0x08004f5d   Thumb Code    22  tasks.o(i.xTaskGetSchedulerState)
    xTaskGetTickCount                        0x08004f79   Thumb Code     6  tasks.o(i.xTaskGetTickCount)
    xTaskIncrementTick                       0x08004f85   Thumb Code   192  tasks.o(i.xTaskIncrementTick)
    xTaskPriorityDisinherit                  0x0800504d   Thumb Code   118  tasks.o(i.xTaskPriorityDisinherit)
    xTaskRemoveFromEventList                 0x080050cd   Thumb Code    98  tasks.o(i.xTaskRemoveFromEventList)
    xTaskResumeAll                           0x0800513d   Thumb Code   182  tasks.o(i.xTaskResumeAll)
    xTimerCreateTimerTask                    0x08005201   Thumb Code    78  timers.o(i.xTimerCreateTimerTask)
    xTimerGenericCommand                     0x08005261   Thumb Code    98  timers.o(i.xTimerGenericCommand)
    defaultTask_attributes                   0x080052c8   Data          36  freertos.o(.constdata)
    led_blink_attributes                     0x080052ec   Data          36  freertos.o(.constdata)
    chassis_Move_attributes                  0x08005310   Data          36  freertos.o(.constdata)
    oled_attributes                          0x08005334   Data          36  freertos.o(.constdata)
    AHBPrescTable                            0x08005358   Data          16  system_stm32f4xx.o(.constdata)
    APBPrescTable                            0x08005368   Data           8  system_stm32f4xx.o(.constdata)
    u8g2_font_helvB08_tr                     0x08005370   Data        1028  u8g2_fonts.o(.constdata)
    u8g2_cb_r0                               0x08005774   Data          12  u8g2_setup.o(.constdata)
    Region$$Table$$Base                      0x08005908   Number         0  anon$$obj.o(Region$$Table)
    Region$$Table$$Limit                     0x08005928   Number         0  anon$$obj.o(Region$$Table)
    defaultTaskHandle                        0x20000000   Data           4  freertos.o(.data)
    led_blinkHandle                          0x20000004   Data           4  freertos.o(.data)
    chassis_MoveHandle                       0x20000008   Data           4  freertos.o(.data)
    oledHandle                               0x2000000c   Data           4  freertos.o(.data)
    uwTickFreq                               0x20000010   Data           1  stm32f4xx_hal.o(.data)
    uwTickPrio                               0x20000014   Data           4  stm32f4xx_hal.o(.data)
    uwTick                                   0x20000018   Data           4  stm32f4xx_hal.o(.data)
    SystemCoreClock                          0x2000001c   Data           4  system_stm32f4xx.o(.data)
    motor_postion_motor_pid                  0x20000020   Data          12  pid_user.o(.data)
    motor_speed_motor_pid                    0x2000002c   Data          12  pid_user.o(.data)
    pxCurrentTCB                             0x2000003c   Data           4  tasks.o(.data)
    hi2c1                                    0x200000c4   Data          84  i2c.o(.bss)
    htim1                                    0x20000118   Data          72  tim.o(.bss)
    htim2                                    0x20000160   Data          72  tim.o(.bss)
    htim8                                    0x200001a8   Data          72  tim.o(.bss)
    htim9                                    0x200001f0   Data          72  tim.o(.bss)
    huart4                                   0x20000238   Data          68  usart.o(.bss)
    MOTOR                                    0x2000027c   Data         176  my_motor.o(.bss)
    pid_v_1                                  0x2000032c   Data         144  pid_user.o(.bss)
    pid_p_1                                  0x200003bc   Data         144  pid_user.o(.bss)
    u8g2                                     0x2000046c   Data         148  my_iic.o(.bss)
    xQueueRegistry                           0x20000500   Data          64  queue.o(.bss)
    __initial_sp                             0x200055d8   Data           0  startup_stm32f407xx.o(STACK)



==============================================================================

Memory Map of the image

  Image Entry point : 0x08000189

  Load Region LR_IROM1 (Base: 0x08000000, Size: 0x000059ec, Max: 0x00100000, ABSOLUTE)

    Execution Region ER_IROM1 (Exec base: 0x08000000, Load base: 0x08000000, Size: 0x00005928, Max: 0x00100000, ABSOLUTE)

    Exec Addr    Load Addr    Size         Type   Attr      Idx    E Section Name        Object

    0x08000000   0x08000000   0x00000188   Data   RO            3    RESET               startup_stm32f407xx.o
    0x08000188   0x08000188   0x00000000   Code   RO        10526  * .ARM.Collect$$$$00000000  mc_w.l(entry.o)
    0x08000188   0x08000188   0x00000004   Code   RO        10800    .ARM.Collect$$$$00000001  mc_w.l(entry2.o)
    0x0800018c   0x0800018c   0x00000004   Code   RO        10803    .ARM.Collect$$$$00000004  mc_w.l(entry5.o)
    0x08000190   0x08000190   0x00000000   Code   RO        10805    .ARM.Collect$$$$00000008  mc_w.l(entry7b.o)
    0x08000190   0x08000190   0x00000000   Code   RO        10807    .ARM.Collect$$$$0000000A  mc_w.l(entry8b.o)
    0x08000190   0x08000190   0x00000008   Code   RO        10808    .ARM.Collect$$$$0000000B  mc_w.l(entry9a.o)
    0x08000198   0x08000198   0x00000000   Code   RO        10810    .ARM.Collect$$$$0000000D  mc_w.l(entry10a.o)
    0x08000198   0x08000198   0x00000000   Code   RO        10812    .ARM.Collect$$$$0000000F  mc_w.l(entry11a.o)
    0x08000198   0x08000198   0x00000004   Code   RO        10801    .ARM.Collect$$$$00002712  mc_w.l(entry2.o)
    0x0800019c   0x0800019c   0x000000be   Code   RO         5765    .emb_text           port.o
    0x0800025a   0x0800025a   0x00000002   PAD
    0x0800025c   0x0800025c   0x00000024   Code   RO            4    .text               startup_stm32f407xx.o
    0x08000280   0x08000280   0x00000062   Code   RO        10529    .text               mc_w.l(uldiv.o)
    0x080002e2   0x080002e2   0x00000024   Code   RO        10531    .text               mc_w.l(memcpya.o)
    0x08000306   0x08000306   0x00000024   Code   RO        10535    .text               mc_w.l(memseta.o)
    0x0800032a   0x0800032a   0x0000002c   Code   RO        10815    .text               mc_w.l(uidiv.o)
    0x08000356   0x08000356   0x0000001e   Code   RO        10817    .text               mc_w.l(llshl.o)
    0x08000374   0x08000374   0x00000020   Code   RO        10819    .text               mc_w.l(llushr.o)
    0x08000394   0x08000394   0x00000024   Code   RO        10832    .text               mc_w.l(init.o)
    0x080003b8   0x080003b8   0x00000002   Code   RO          488    i.BusFault_Handler  stm32f4xx_it.o
    0x080003ba   0x080003ba   0x00000002   Code   RO          489    i.DebugMon_Handler  stm32f4xx_it.o
    0x080003bc   0x080003bc   0x00000004   Code   RO           13    i.Error_Handler     main.o
    0x080003c0   0x080003c0   0x00000092   Code   RO         1061    i.HAL_DMA_Abort     stm32f4xx_hal_dma.o
    0x08000452   0x08000452   0x00000024   Code   RO         1062    i.HAL_DMA_Abort_IT  stm32f4xx_hal_dma.o
    0x08000476   0x08000476   0x00000002   PAD
    0x08000478   0x08000478   0x00000024   Code   RO         1480    i.HAL_Delay         stm32f4xx_hal.o
    0x0800049c   0x0800049c   0x000001f0   Code   RO          954    i.HAL_GPIO_Init     stm32f4xx_hal_gpio.o
    0x0800068c   0x0800068c   0x00000010   Code   RO          957    i.HAL_GPIO_TogglePin  stm32f4xx_hal_gpio.o
    0x0800069c   0x0800069c   0x0000000a   Code   RO          958    i.HAL_GPIO_WritePin  stm32f4xx_hal_gpio.o
    0x080006a6   0x080006a6   0x00000002   PAD
    0x080006a8   0x080006a8   0x0000000c   Code   RO         1486    i.HAL_GetTick       stm32f4xx_hal.o
    0x080006b4   0x080006b4   0x00000188   Code   RO         1742    i.HAL_I2C_Init      stm32f4xx_hal_i2c.o
    0x0800083c   0x0800083c   0x0000012c   Code   RO         1755    i.HAL_I2C_Master_Transmit  stm32f4xx_hal_i2c.o
    0x08000968   0x08000968   0x00000068   Code   RO          315    i.HAL_I2C_MspInit   i2c.o
    0x080009d0   0x080009d0   0x00000010   Code   RO         1492    i.HAL_IncTick       stm32f4xx_hal.o
    0x080009e0   0x080009e0   0x00000034   Code   RO         1493    i.HAL_Init          stm32f4xx_hal.o
    0x08000a14   0x08000a14   0x00000040   Code   RO         1494    i.HAL_InitTick      stm32f4xx_hal.o
    0x08000a54   0x08000a54   0x00000038   Code   RO          575    i.HAL_MspInit       stm32f4xx_hal_msp.o
    0x08000a8c   0x08000a8c   0x0000001a   Code   RO         1343    i.HAL_NVIC_EnableIRQ  stm32f4xx_hal_cortex.o
    0x08000aa6   0x08000aa6   0x00000002   PAD
    0x08000aa8   0x08000aa8   0x00000040   Code   RO         1349    i.HAL_NVIC_SetPriority  stm32f4xx_hal_cortex.o
    0x08000ae8   0x08000ae8   0x00000024   Code   RO         1350    i.HAL_NVIC_SetPriorityGrouping  stm32f4xx_hal_cortex.o
    0x08000b0c   0x08000b0c   0x00000134   Code   RO          600    i.HAL_RCC_ClockConfig  stm32f4xx_hal_rcc.o
    0x08000c40   0x08000c40   0x00000020   Code   RO          607    i.HAL_RCC_GetPCLK1Freq  stm32f4xx_hal_rcc.o
    0x08000c60   0x08000c60   0x00000020   Code   RO          608    i.HAL_RCC_GetPCLK2Freq  stm32f4xx_hal_rcc.o
    0x08000c80   0x08000c80   0x00000060   Code   RO          609    i.HAL_RCC_GetSysClockFreq  stm32f4xx_hal_rcc.o
    0x08000ce0   0x08000ce0   0x0000036c   Code   RO          612    i.HAL_RCC_OscConfig  stm32f4xx_hal_rcc.o
    0x0800104c   0x0800104c   0x00000028   Code   RO         1354    i.HAL_SYSTICK_Config  stm32f4xx_hal_cortex.o
    0x08001074   0x08001074   0x00000002   Code   RO         2887    i.HAL_TIMEx_BreakCallback  stm32f4xx_hal_tim_ex.o
    0x08001076   0x08001076   0x00000002   Code   RO         2888    i.HAL_TIMEx_CommutCallback  stm32f4xx_hal_tim_ex.o
    0x08001078   0x08001078   0x00000090   Code   RO         2906    i.HAL_TIMEx_MasterConfigSynchronization  stm32f4xx_hal_tim_ex.o
    0x08001108   0x08001108   0x0000005a   Code   RO         2183    i.HAL_TIM_Base_Init  stm32f4xx_hal_tim.o
    0x08001162   0x08001162   0x00000002   PAD
    0x08001164   0x08001164   0x0000003c   Code   RO          357    i.HAL_TIM_Base_MspInit  tim.o
    0x080011a0   0x080011a0   0x00000080   Code   RO         2188    i.HAL_TIM_Base_Start_IT  stm32f4xx_hal_tim.o
    0x08001220   0x08001220   0x000000dc   Code   RO         2192    i.HAL_TIM_ConfigClockSource  stm32f4xx_hal_tim.o
    0x080012fc   0x080012fc   0x000000a4   Code   RO         2204    i.HAL_TIM_Encoder_Init  stm32f4xx_hal_tim.o
    0x080013a0   0x080013a0   0x000000dc   Code   RO          359    i.HAL_TIM_Encoder_MspInit  tim.o
    0x0800147c   0x0800147c   0x00000002   Code   RO         2217    i.HAL_TIM_IC_CaptureCallback  stm32f4xx_hal_tim.o
    0x0800147e   0x0800147e   0x00000166   Code   RO         2231    i.HAL_TIM_IRQHandler  stm32f4xx_hal_tim.o
    0x080015e4   0x080015e4   0x00000078   Code   RO          360    i.HAL_TIM_MspPostInit  tim.o
    0x0800165c   0x0800165c   0x00000002   Code   RO         2234    i.HAL_TIM_OC_DelayElapsedCallback  stm32f4xx_hal_tim.o
    0x0800165e   0x0800165e   0x000000cc   Code   RO         2255    i.HAL_TIM_PWM_ConfigChannel  stm32f4xx_hal_tim.o
    0x0800172a   0x0800172a   0x0000005a   Code   RO         2258    i.HAL_TIM_PWM_Init  stm32f4xx_hal_tim.o
    0x08001784   0x08001784   0x00000024   Code   RO          362    i.HAL_TIM_PWM_MspInit  tim.o
    0x080017a8   0x080017a8   0x00000002   Code   RO         2261    i.HAL_TIM_PWM_PulseFinishedCallback  stm32f4xx_hal_tim.o
    0x080017aa   0x080017aa   0x00000002   PAD
    0x080017ac   0x080017ac   0x000000c8   Code   RO         2263    i.HAL_TIM_PWM_Start  stm32f4xx_hal_tim.o
    0x08001874   0x08001874   0x00000068   Code   RO         4020    i.HAL_TIM_PeriodElapsedCallback  my_tim.o
    0x080018dc   0x080018dc   0x00000002   Code   RO         2274    i.HAL_TIM_TriggerCallback  stm32f4xx_hal_tim.o
    0x080018de   0x080018de   0x00000002   Code   RO         3165    i.HAL_UARTEx_RxEventCallback  stm32f4xx_hal_uart.o
    0x080018e0   0x080018e0   0x00000002   Code   RO         3179    i.HAL_UART_ErrorCallback  stm32f4xx_hal_uart.o
    0x080018e2   0x080018e2   0x00000002   PAD
    0x080018e4   0x080018e4   0x00000268   Code   RO         3182    i.HAL_UART_IRQHandler  stm32f4xx_hal_uart.o
    0x08001b4c   0x08001b4c   0x00000062   Code   RO         3183    i.HAL_UART_Init     stm32f4xx_hal_uart.o
    0x08001bae   0x08001bae   0x00000002   PAD
    0x08001bb0   0x08001bb0   0x00000078   Code   RO          447    i.HAL_UART_MspInit  usart.o
    0x08001c28   0x08001c28   0x00000002   Code   RO         3189    i.HAL_UART_RxCpltCallback  stm32f4xx_hal_uart.o
    0x08001c2a   0x08001c2a   0x00000002   Code   RO         3194    i.HAL_UART_TxCpltCallback  stm32f4xx_hal_uart.o
    0x08001c2c   0x08001c2c   0x00000002   Code   RO          490    i.HardFault_Handler  stm32f4xx_it.o
    0x08001c2e   0x08001c2e   0x0000002e   Code   RO         1784    i.I2C_IsAcknowledgeFailed  stm32f4xx_hal_i2c.o
    0x08001c5c   0x08001c5c   0x0000009c   Code   RO         1788    i.I2C_MasterRequestWrite  stm32f4xx_hal_i2c.o
    0x08001cf8   0x08001cf8   0x0000004c   Code   RO         1799    i.I2C_WaitOnBTFFlagUntilTimeout  stm32f4xx_hal_i2c.o
    0x08001d44   0x08001d44   0x00000068   Code   RO         1800    i.I2C_WaitOnFlagUntilTimeout  stm32f4xx_hal_i2c.o
    0x08001dac   0x08001dac   0x00000096   Code   RO         1801    i.I2C_WaitOnMasterAddressFlagUntilTimeout  stm32f4xx_hal_i2c.o
    0x08001e42   0x08001e42   0x0000004c   Code   RO         1803    i.I2C_WaitOnTXEFlagUntilTimeout  stm32f4xx_hal_i2c.o
    0x08001e8e   0x08001e8e   0x00000002   PAD
    0x08001e90   0x08001e90   0x00000054   Code   RO          271    i.MX_FREERTOS_Init  freertos.o
    0x08001ee4   0x08001ee4   0x000000c0   Code   RO          247    i.MX_GPIO_Init      gpio.o
    0x08001fa4   0x08001fa4   0x00000040   Code   RO          316    i.MX_I2C1_Init      i2c.o
    0x08001fe4   0x08001fe4   0x0000006c   Code   RO          363    i.MX_TIM1_Init      tim.o
    0x08002050   0x08002050   0x00000080   Code   RO          364    i.MX_TIM2_Init      tim.o
    0x080020d0   0x080020d0   0x0000006c   Code   RO          365    i.MX_TIM8_Init      tim.o
    0x0800213c   0x0800213c   0x0000004c   Code   RO          366    i.MX_TIM9_Init      tim.o
    0x08002188   0x08002188   0x00000038   Code   RO          448    i.MX_UART4_Init     usart.o
    0x080021c0   0x080021c0   0x00000002   Code   RO          491    i.MemManage_Handler  stm32f4xx_it.o
    0x080021c2   0x080021c2   0x00000002   Code   RO          492    i.NMI_Handler       stm32f4xx_it.o
    0x080021c4   0x080021c4   0x00000064   Code   RO         3736    i.PID_devices_Init  pid_user.o
    0x08002228   0x08002228   0x0000005c   Code   RO         3698    i.PID_init          pid.o
    0x08002284   0x08002284   0x0000000e   Code   RO         3549    i.Read_Encoder      my_motor.o
    0x08002292   0x08002292   0x00000008   Code   RO          272    i.StartDefaultTask  freertos.o
    0x0800229a   0x0800229a   0x00000018   Code   RO          493    i.SysTick_Handler   stm32f4xx_it.o
    0x080022b2   0x080022b2   0x00000002   PAD
    0x080022b4   0x080022b4   0x00000094   Code   RO           14    i.SystemClock_Config  main.o
    0x08002348   0x08002348   0x00000010   Code   RO         3512    i.SystemInit        system_stm32f4xx.o
    0x08002358   0x08002358   0x0000001c   Code   RO          494    i.TIM1_BRK_TIM9_IRQHandler  stm32f4xx_it.o
    0x08002374   0x08002374   0x0000000c   Code   RO          495    i.TIM1_UP_TIM10_IRQHandler  stm32f4xx_it.o
    0x08002380   0x08002380   0x0000000c   Code   RO          496    i.TIM8_UP_TIM13_IRQHandler  stm32f4xx_it.o
    0x0800238c   0x0800238c   0x000000c8   Code   RO         2276    i.TIM_Base_SetConfig  stm32f4xx_hal_tim.o
    0x08002454   0x08002454   0x0000001a   Code   RO         2277    i.TIM_CCxChannelCmd  stm32f4xx_hal_tim.o
    0x0800246e   0x0800246e   0x00000014   Code   RO         2287    i.TIM_ETR_SetConfig  stm32f4xx_hal_tim.o
    0x08002482   0x08002482   0x00000010   Code   RO         2288    i.TIM_ITRx_SetConfig  stm32f4xx_hal_tim.o
    0x08002492   0x08002492   0x00000002   PAD
    0x08002494   0x08002494   0x00000060   Code   RO         2289    i.TIM_OC1_SetConfig  stm32f4xx_hal_tim.o
    0x080024f4   0x080024f4   0x0000006c   Code   RO         2290    i.TIM_OC2_SetConfig  stm32f4xx_hal_tim.o
    0x08002560   0x08002560   0x00000068   Code   RO         2291    i.TIM_OC3_SetConfig  stm32f4xx_hal_tim.o
    0x080025c8   0x080025c8   0x00000050   Code   RO         2292    i.TIM_OC4_SetConfig  stm32f4xx_hal_tim.o
    0x08002618   0x08002618   0x00000022   Code   RO         2294    i.TIM_TI1_ConfigInputStage  stm32f4xx_hal_tim.o
    0x0800263a   0x0800263a   0x00000024   Code   RO         2296    i.TIM_TI2_ConfigInputStage  stm32f4xx_hal_tim.o
    0x0800265e   0x0800265e   0x00000002   PAD
    0x08002660   0x08002660   0x0000000c   Code   RO          497    i.UART4_IRQHandler  stm32f4xx_it.o
    0x0800266c   0x0800266c   0x00000010   Code   RO         3196    i.UART_DMAAbortOnError  stm32f4xx_hal_uart.o
    0x0800267c   0x0800267c   0x0000004e   Code   RO         3206    i.UART_EndRxTransfer  stm32f4xx_hal_uart.o
    0x080026ca   0x080026ca   0x000000c0   Code   RO         3208    i.UART_Receive_IT   stm32f4xx_hal_uart.o
    0x0800278a   0x0800278a   0x00000002   PAD
    0x0800278c   0x0800278c   0x0000010c   Code   RO         3209    i.UART_SetConfig    stm32f4xx_hal_uart.o
    0x08002898   0x08002898   0x00000002   Code   RO          498    i.UsageFault_Handler  stm32f4xx_it.o
    0x0800289a   0x0800289a   0x00000002   PAD
    0x0800289c   0x0800289c   0x00000028   Code   RO        10586    i.__0sprintf$1      mc_w.l(printf1.o)
    0x080028c4   0x080028c4   0x00000020   Code   RO         1356    i.__NVIC_SetPriority  stm32f4xx_hal_cortex.o
    0x080028e4   0x080028e4   0x0000000e   Code   RO        10840    i.__scatterload_copy  mc_w.l(handlers.o)
    0x080028f2   0x080028f2   0x00000002   Code   RO        10841    i.__scatterload_null  mc_w.l(handlers.o)
    0x080028f4   0x080028f4   0x0000000e   Code   RO        10842    i.__scatterload_zeroinit  mc_w.l(handlers.o)
    0x08002902   0x08002902   0x00000002   PAD
    0x08002904   0x08002904   0x00000154   Code   RO        10591    i._printf_core      mc_w.l(printf1.o)
    0x08002a58   0x08002a58   0x0000000a   Code   RO        10593    i._sputc            mc_w.l(printf1.o)
    0x08002a62   0x08002a62   0x00000008   Code   RO         5845    i.chassis_Move_Task  my_tasks.o
    0x08002a6a   0x08002a6a   0x00000002   PAD
    0x08002a6c   0x08002a6c   0x00000010   Code   RO         5846    i.led_blink_Task    my_tasks.o
    0x08002a7c   0x08002a7c   0x0000012c   Code   RO           15    i.main              main.o
    0x08002ba8   0x08002ba8   0x00000062   Code   RO         3550    i.motor_init        my_motor.o
    0x08002c0a   0x08002c0a   0x00000002   PAD
    0x08002c0c   0x08002c0c   0x00000054   Code   RO         3914    i.my_gpio_init      my_gpio.o
    0x08002c60   0x08002c60   0x00000024   Code   RO         4021    i.my_tim_init       my_tim.o
    0x08002c84   0x08002c84   0x00000080   Code   RO         5847    i.oled_task         my_tasks.o
    0x08002d04   0x08002d04   0x0000001a   Code   RO         5204    i.osDelay           cmsis_os2.o
    0x08002d1e   0x08002d1e   0x00000002   PAD
    0x08002d20   0x08002d20   0x00000024   Code   RO         5218    i.osKernelInitialize  cmsis_os2.o
    0x08002d44   0x08002d44   0x00000038   Code   RO         5221    i.osKernelStart     cmsis_os2.o
    0x08002d7c   0x08002d7c   0x0000008a   Code   RO         5263    i.osThreadNew       cmsis_os2.o
    0x08002e06   0x08002e06   0x00000002   PAD
    0x08002e08   0x08002e08   0x0000005c   Code   RO         4664    i.prvAddCurrentTaskToDelayedList  tasks.o
    0x08002e64   0x08002e64   0x000000d0   Code   RO         4665    i.prvAddNewTaskToReadyList  tasks.o
    0x08002f34   0x08002f34   0x00000058   Code   RO         5029    i.prvCheckForValidListAndQueue  timers.o
    0x08002f8c   0x08002f8c   0x00000026   Code   RO         4261    i.prvCopyDataFromQueue  queue.o
    0x08002fb2   0x08002fb2   0x0000006c   Code   RO         4262    i.prvCopyDataToQueue  queue.o
    0x0800301e   0x0800301e   0x00000034   Code   RO         4666    i.prvDeleteTCB      tasks.o
    0x08003052   0x08003052   0x00000002   PAD
    0x08003054   0x08003054   0x0000004c   Code   RO         5710    i.prvHeapInit       heap_4.o
    0x080030a0   0x080030a0   0x00000060   Code   RO         4667    i.prvIdleTask       tasks.o
    0x08003100   0x08003100   0x00000022   Code   RO         4264    i.prvInitialiseNewQueue  queue.o
    0x08003122   0x08003122   0x00000002   PAD
    0x08003124   0x08003124   0x000000b0   Code   RO         4668    i.prvInitialiseNewTask  tasks.o
    0x080031d4   0x080031d4   0x0000004c   Code   RO         5711    i.prvInsertBlockIntoFreeList  heap_4.o
    0x08003220   0x08003220   0x00000038   Code   RO         5031    i.prvInsertTimerInActiveList  timers.o
    0x08003258   0x08003258   0x0000001c   Code   RO         4265    i.prvIsQueueEmpty   queue.o
    0x08003274   0x08003274   0x000000fc   Code   RO         5032    i.prvProcessReceivedCommands  timers.o
    0x08003370   0x08003370   0x000000c0   Code   RO         5033    i.prvProcessTimerOrBlockTask  timers.o
    0x08003430   0x08003430   0x00000020   Code   RO         4670    i.prvResetNextTaskUnblockTime  tasks.o
    0x08003450   0x08003450   0x00000028   Code   RO         5034    i.prvSampleTimeNow  timers.o
    0x08003478   0x08003478   0x0000006c   Code   RO         5035    i.prvSwitchTimerLists  timers.o
    0x080034e4   0x080034e4   0x00000028   Code   RO         5766    i.prvTaskExitError  port.o
    0x0800350c   0x0800350c   0x00000024   Code   RO         5036    i.prvTimerTask      timers.o
    0x08003530   0x08003530   0x0000006a   Code   RO         4266    i.prvUnlockQueue    queue.o
    0x0800359a   0x0800359a   0x00000002   PAD
    0x0800359c   0x0800359c   0x000000dc   Code   RO         5712    i.pvPortMalloc      heap_4.o
    0x08003678   0x08003678   0x0000002c   Code   RO         5767    i.pxPortInitialiseStack  port.o
    0x080036a4   0x080036a4   0x00000014   Code   RO         3552    i.speed_Encoder     my_motor.o
    0x080036b8   0x080036b8   0x00000014   Code   RO         6618    i.u8g2_ClearBuffer  u8g2_buffer.o
    0x080036cc   0x080036cc   0x0000001e   Code   RO         6782    i.u8g2_ClearDisplay  u8g2_cleardisplay.o
    0x080036ea   0x080036ea   0x00000070   Code   RO         6821    i.u8g2_DrawGlyph    u8g2_font.o
    0x0800375a   0x0800375a   0x00000002   PAD
    0x0800375c   0x0800375c   0x000000ac   Code   RO         9076    i.u8g2_DrawHVLine   u8g2_hvline.o
    0x08003808   0x08003808   0x00000010   Code   RO         6823    i.u8g2_DrawStr      u8g2_font.o
    0x08003818   0x08003818   0x0000001c   Code   RO         6619    i.u8g2_FirstPage    u8g2_buffer.o
    0x08003834   0x08003834   0x00000030   Code   RO         9137    i.u8g2_IsIntersection  u8g2_intersection.o
    0x08003864   0x08003864   0x0000003e   Code   RO         6620    i.u8g2_NextPage     u8g2_buffer.o
    0x080038a2   0x080038a2   0x00000012   Code   RO         6621    i.u8g2_SendBuffer   u8g2_buffer.o
    0x080038b4   0x080038b4   0x0000001c   Code   RO         6622    i.u8g2_SetBufferCurrTileRow  u8g2_buffer.o
    0x080038d0   0x080038d0   0x00000020   Code   RO         6839    i.u8g2_SetFont      u8g2_font.o
    0x080038f0   0x080038f0   0x0000000c   Code   RO         6842    i.u8g2_SetFontPosBaseline  u8g2_font.o
    0x080038fc   0x080038fc   0x0000001c   Code   RO         9325    i.u8g2_SetMaxClipWindow  u8g2_setup.o
    0x08003918   0x08003918   0x00000046   Code   RO         9326    i.u8g2_SetupBuffer  u8g2_setup.o
    0x0800395e   0x0800395e   0x00000002   PAD
    0x08003960   0x08003960   0x00000038   Code   RO         6807    i.u8g2_Setup_ssd1306_i2c_128x64_noname_f  u8g2_d_setup.o
    0x08003998   0x08003998   0x00000052   Code   RO         6849    i.u8g2_UpdateRefHeight  u8g2_font.o
    0x080039ea   0x080039ea   0x0000001c   Code   RO         6850    i.u8g2_add_vector_x  u8g2_font.o
    0x08003a06   0x08003a06   0x0000001c   Code   RO         6851    i.u8g2_add_vector_y  u8g2_font.o
    0x08003a22   0x08003a22   0x0000006e   Code   RO         9328    i.u8g2_apply_clip_window  u8g2_setup.o
    0x08003a90   0x08003a90   0x0000003c   Code   RO         9080    i.u8g2_clip_intersection2  u8g2_hvline.o
    0x08003acc   0x08003acc   0x00000012   Code   RO         9081    i.u8g2_draw_hv_line_2dir  u8g2_hvline.o
    0x08003ade   0x08003ade   0x0000000c   Code   RO         9330    i.u8g2_draw_l90_r0  u8g2_setup.o
    0x08003aea   0x08003aea   0x00000076   Code   RO         6852    i.u8g2_draw_string  u8g2_font.o
    0x08003b60   0x08003b60   0x00000004   Code   RO         6858    i.u8g2_font_calc_vref_font  u8g2_font.o
    0x08003b64   0x08003b64   0x00000014   Code   RO         6860    i.u8g2_font_decode_get_signed_bits  u8g2_font.o
    0x08003b78   0x08003b78   0x00000034   Code   RO         6861    i.u8g2_font_decode_get_unsigned_bits  u8g2_font.o
    0x08003bac   0x08003bac   0x00000114   Code   RO         6862    i.u8g2_font_decode_glyph  u8g2_font.o
    0x08003cc0   0x08003cc0   0x0000008c   Code   RO         6863    i.u8g2_font_decode_len  u8g2_font.o
    0x08003d4c   0x08003d4c   0x00000072   Code   RO         6864    i.u8g2_font_get_glyph_data  u8g2_font.o
    0x08003dbe   0x08003dbe   0x00000014   Code   RO         6865    i.u8g2_font_get_word  u8g2_font.o
    0x08003dd2   0x08003dd2   0x00000034   Code   RO         6866    i.u8g2_font_setup_decode  u8g2_font.o
    0x08003e06   0x08003e06   0x00000020   Code   RO         3947    i.u8g2_gpio_and_delay_stm32  my_iic.o
    0x08003e26   0x08003e26   0x00000002   PAD
    0x08003e28   0x08003e28   0x00000038   Code   RO         3948    i.u8g2_init         my_iic.o
    0x08003e60   0x08003e60   0x00000018   Code   RO         9138    i.u8g2_is_intersection_decision_tree  u8g2_intersection.o
    0x08003e78   0x08003e78   0x00000090   Code   RO         9186    i.u8g2_ll_hvline_vertical_top_lsb  u8g2_ll_hvline.o
    0x08003f08   0x08003f08   0x0000000c   Code   RO         6794    i.u8g2_m_16_8_f     u8g2_d_memory.o
    0x08003f14   0x08003f14   0x0000006a   Code   RO         6867    i.u8g2_read_font_info  u8g2_font.o
    0x08003f7e   0x08003f7e   0x0000004e   Code   RO         6629    i.u8g2_send_buffer  u8g2_buffer.o
    0x08003fcc   0x08003fcc   0x00000046   Code   RO         9335    i.u8g2_update_dimension_common  u8g2_setup.o
    0x08004012   0x08004012   0x00000004   Code   RO         9336    i.u8g2_update_dimension_r0  u8g2_setup.o
    0x08004016   0x08004016   0x00000022   Code   RO         9340    i.u8g2_update_page_win_r0  u8g2_setup.o
    0x08004038   0x08004038   0x0000001e   Code   RO        10107    i.u8x8_DrawTile     u8x8_display.o
    0x08004056   0x08004056   0x00000010   Code   RO        10109    i.u8x8_InitDisplay  u8x8_display.o
    0x08004066   0x08004066   0x00000010   Code   RO        10111    i.u8x8_RefreshDisplay  u8x8_display.o
    0x08004076   0x08004076   0x00000010   Code   RO        10114    i.u8x8_SetPowerSave  u8x8_display.o
    0x08004086   0x08004086   0x00000022   Code   RO        10413    i.u8x8_Setup        u8x8_setup.o
    0x080040a8   0x080040a8   0x00000024   Code   RO        10414    i.u8x8_SetupDefaults  u8x8_setup.o
    0x080040cc   0x080040cc   0x00000010   Code   RO        10115    i.u8x8_SetupMemory  u8x8_display.o
    0x080040dc   0x080040dc   0x0000000e   Code   RO         9614    i.u8x8_ascii_next   u8x8_8x8.o
    0x080040ea   0x080040ea   0x00000010   Code   RO         9739    i.u8x8_byte_EndTransfer  u8x8_byte.o
    0x080040fa   0x080040fa   0x0000000e   Code   RO         9740    i.u8x8_byte_SendByte  u8x8_byte.o
    0x08004108   0x08004108   0x00000010   Code   RO         9743    i.u8x8_byte_StartTransfer  u8x8_byte.o
    0x08004118   0x08004118   0x0000005c   Code   RO         3949    i.u8x8_byte_hw_i2c  my_iic.o
    0x08004174   0x08004174   0x00000010   Code   RO         9859    i.u8x8_cad_EndTransfer  u8x8_cad.o
    0x08004184   0x08004184   0x00000010   Code   RO         9860    i.u8x8_cad_SendArg  u8x8_cad.o
    0x08004194   0x08004194   0x00000010   Code   RO         9861    i.u8x8_cad_SendCmd  u8x8_cad.o
    0x080041a4   0x080041a4   0x00000010   Code   RO         9862    i.u8x8_cad_SendData  u8x8_cad.o
    0x080041b4   0x080041b4   0x00000068   Code   RO         9864    i.u8x8_cad_SendSequence  u8x8_cad.o
    0x0800421c   0x0800421c   0x00000010   Code   RO         9865    i.u8x8_cad_StartTransfer  u8x8_cad.o
    0x0800422c   0x0800422c   0x000000bc   Code   RO         9868    i.u8x8_cad_ssd13xx_fast_i2c  u8x8_cad.o
    0x080042e8   0x080042e8   0x00000060   Code   RO        10116    i.u8x8_d_helper_display_init  u8x8_display.o
    0x08004348   0x08004348   0x0000000a   Code   RO        10117    i.u8x8_d_helper_display_setup_memory  u8x8_display.o
    0x08004352   0x08004352   0x00000002   PAD
    0x08004354   0x08004354   0x0000003c   Code   RO        10041    i.u8x8_d_ssd1306_128x64_noname  u8x8_d_ssd1306_128x64_noname.o
    0x08004390   0x08004390   0x000000c8   Code   RO        10043    i.u8x8_d_ssd1306_sh1106_generic  u8x8_d_ssd1306_128x64_noname.o
    0x08004458   0x08004458   0x00000004   Code   RO        10416    i.u8x8_dummy_cb     u8x8_setup.o
    0x0800445c   0x0800445c   0x0000000c   Code   RO        10335    i.u8x8_gpio_call    u8x8_gpio.o
    0x08004468   0x08004468   0x0000002c   Code   RO         9876    i.u8x8_i2c_data_transfer  u8x8_cad.o
    0x08004494   0x08004494   0x00000008   Code   RO         9622    i.u8x8_utf8_init    u8x8_8x8.o
    0x0800449c   0x0800449c   0x00000026   Code   RO         4221    i.uxListRemove      list.o
    0x080044c2   0x080044c2   0x00000002   PAD
    0x080044c4   0x080044c4   0x00000014   Code   RO         5275    i.vApplicationGetIdleTaskMemory  cmsis_os2.o
    0x080044d8   0x080044d8   0x00000018   Code   RO         5276    i.vApplicationGetTimerTaskMemory  cmsis_os2.o
    0x080044f0   0x080044f0   0x00000016   Code   RO         4222    i.vListInitialise   list.o
    0x08004506   0x08004506   0x00000006   Code   RO         4223    i.vListInitialiseItem  list.o
    0x0800450c   0x0800450c   0x00000030   Code   RO         4224    i.vListInsert       list.o
    0x0800453c   0x0800453c   0x00000018   Code   RO         4225    i.vListInsertEnd    list.o
    0x08004554   0x08004554   0x00000040   Code   RO         5769    i.vPortEnterCritical  port.o
    0x08004594   0x08004594   0x00000028   Code   RO         5770    i.vPortExitCritical  port.o
    0x080045bc   0x080045bc   0x00000064   Code   RO         5713    i.vPortFree         heap_4.o
    0x08004620   0x08004620   0x00000024   Code   RO         5771    i.vPortSetupTimerInterrupt  port.o
    0x08004644   0x08004644   0x00000054   Code   RO         5772    i.vPortValidateInterruptPriority  port.o
    0x08004698   0x08004698   0x00000028   Code   RO         4272    i.vQueueAddToRegistry  queue.o
    0x080046c0   0x080046c0   0x00000044   Code   RO         4276    i.vQueueWaitForMessageRestricted  queue.o
    0x08004704   0x08004704   0x0000004c   Code   RO         4683    i.vTaskDelay        tasks.o
    0x08004750   0x08004750   0x00000010   Code   RO         4688    i.vTaskInternalSetTimeOutState  tasks.o
    0x08004760   0x08004760   0x0000000c   Code   RO         4689    i.vTaskMissedYield  tasks.o
    0x0800476c   0x0800476c   0x00000030   Code   RO         4691    i.vTaskPlaceOnEventList  tasks.o
    0x0800479c   0x0800479c   0x00000038   Code   RO         4692    i.vTaskPlaceOnEventListRestricted  tasks.o
    0x080047d4   0x080047d4   0x00000088   Code   RO         4700    i.vTaskStartScheduler  tasks.o
    0x0800485c   0x0800485c   0x00000010   Code   RO         4702    i.vTaskSuspendAll   tasks.o
    0x0800486c   0x0800486c   0x00000064   Code   RO         4703    i.vTaskSwitchContext  tasks.o
    0x080048d0   0x080048d0   0x000000f4   Code   RO         5773    i.xPortStartScheduler  port.o
    0x080049c4   0x080049c4   0x0000002c   Code   RO         5774    i.xPortSysTickHandler  port.o
    0x080049f0   0x080049f0   0x00000066   Code   RO         4282    i.xQueueGenericCreateStatic  queue.o
    0x08004a56   0x08004a56   0x00000002   PAD
    0x08004a58   0x08004a58   0x00000088   Code   RO         4283    i.xQueueGenericReset  queue.o
    0x08004ae0   0x08004ae0   0x00000160   Code   RO         4284    i.xQueueGenericSend  queue.o
    0x08004c40   0x08004c40   0x000000be   Code   RO         4285    i.xQueueGenericSendFromISR  queue.o
    0x08004cfe   0x08004cfe   0x00000002   PAD
    0x08004d00   0x08004d00   0x00000138   Code   RO         4294    i.xQueueReceive     queue.o
    0x08004e38   0x08004e38   0x00000074   Code   RO         4705    i.xTaskCheckForTimeOut  tasks.o
    0x08004eac   0x08004eac   0x0000005a   Code   RO         4706    i.xTaskCreate       tasks.o
    0x08004f06   0x08004f06   0x00000056   Code   RO         4707    i.xTaskCreateStatic  tasks.o
    0x08004f5c   0x08004f5c   0x0000001c   Code   RO         4711    i.xTaskGetSchedulerState  tasks.o
    0x08004f78   0x08004f78   0x0000000c   Code   RO         4712    i.xTaskGetTickCount  tasks.o
    0x08004f84   0x08004f84   0x000000c8   Code   RO         4714    i.xTaskIncrementTick  tasks.o
    0x0800504c   0x0800504c   0x00000080   Code   RO         4717    i.xTaskPriorityDisinherit  tasks.o
    0x080050cc   0x080050cc   0x00000070   Code   RO         4719    i.xTaskRemoveFromEventList  tasks.o
    0x0800513c   0x0800513c   0x000000c4   Code   RO         4720    i.xTaskResumeAll    tasks.o
    0x08005200   0x08005200   0x00000060   Code   RO         5045    i.xTimerCreateTimerTask  timers.o
    0x08005260   0x08005260   0x00000068   Code   RO         5046    i.xTimerGenericCommand  timers.o
    0x080052c8   0x080052c8   0x00000090   Data   RO          273    .constdata          freertos.o
    0x08005358   0x08005358   0x00000010   Data   RO         3513    .constdata          system_stm32f4xx.o
    0x08005368   0x08005368   0x00000008   Data   RO         3514    .constdata          system_stm32f4xx.o
    0x08005370   0x08005370   0x00000404   Data   RO         8365    .constdata          u8g2_fonts.o
    0x08005774   0x08005774   0x0000000c   Data   RO         9344    .constdata          u8g2_setup.o
    0x08005780   0x08005780   0x00000158   Data   RO        10045    .constdata          u8x8_d_ssd1306_128x64_noname.o
    0x080058d8   0x080058d8   0x00000030   Data   RO          274    .conststring        freertos.o
    0x08005908   0x08005908   0x00000020   Data   RO        10838    Region$$Table       anon$$obj.o


    Execution Region RW_IRAM1 (Exec base: 0x20000000, Load base: 0x08005928, Size: 0x000055d8, Max: 0x0001c000, ABSOLUTE)

    Exec Addr    Load Addr    Size         Type   Attr      Idx    E Section Name        Object

    0x20000000   0x08005928   0x00000010   Data   RW          275    .data               freertos.o
    0x20000010   0x08005938   0x0000000c   Data   RW         1500    .data               stm32f4xx_hal.o
    0x2000001c   0x08005944   0x00000004   Data   RW         3515    .data               system_stm32f4xx.o
    0x20000020   0x08005948   0x00000018   Data   RW         3740    .data               pid_user.o
    0x20000038   0x08005960   0x00000001   Data   RW         3951    .data               my_iic.o
    0x20000039   0x08005961   0x00000003   PAD
    0x2000003c   0x08005964   0x0000003c   Data   RW         4723    .data               tasks.o
    0x20000078   0x080059a0   0x00000014   Data   RW         5054    .data               timers.o
    0x2000008c   0x080059b4   0x00000004   Data   RW         5278    .data               cmsis_os2.o
    0x20000090   0x080059b8   0x00000020   Data   RW         5719    .data               heap_4.o
    0x200000b0   0x080059d8   0x0000000c   Data   RW         5775    .data               port.o
    0x200000bc   0x080059e4   0x00000006   Data   RW         9878    .data               u8x8_cad.o
    0x200000c2   0x080059ea   0x00000002   PAD
    0x200000c4        -       0x00000054   Zero   RW          317    .bss                i2c.o
    0x20000118        -       0x00000120   Zero   RW          367    .bss                tim.o
    0x20000238        -       0x00000044   Zero   RW          449    .bss                usart.o
    0x2000027c        -       0x000000b0   Zero   RW         3553    .bss                my_motor.o
    0x2000032c        -       0x00000120   Zero   RW         3739    .bss                pid_user.o
    0x2000044c        -       0x000000b4   Zero   RW         3950    .bss                my_iic.o
    0x20000500        -       0x00000040   Zero   RW         4298    .bss                queue.o
    0x20000540        -       0x000004c4   Zero   RW         4722    .bss                tasks.o
    0x20000a04        -       0x00000118   Zero   RW         5053    .bss                timers.o
    0x20000b1c        -       0x000006b8   Zero   RW         5277    .bss                cmsis_os2.o
    0x200011d4        -       0x00003c00   Zero   RW         5718    .bss                heap_4.o
    0x20004dd4        -       0x00000400   Zero   RW         6795    .bss                u8g2_d_memory.o
    0x200051d4   0x080059ea   0x00000004   PAD
    0x200051d8        -       0x00000400   Zero   RW            1    STACK               startup_stm32f407xx.o


    Execution Region RW_IRAM2 (Exec base: 0x2001c000, Load base: 0x080059ec, Size: 0x00000000, Max: 0x00004000, ABSOLUTE)

    **** No section assigned to this execution region ****


==============================================================================

Image component sizes


      Code (inc. data)   RO Data    RW Data    ZI Data      Debug   Object Name

         0          0          0          0          0     764461   bsp_delay.o
       300         22          0          4       1720      64501   cmsis_os2.o
         0          0          0          0          0      19468   event_groups.o
        92         24        192         16          0       2048   freertos.o
       192         14          0          0          0       1051   gpio.o
       472         24          0         32      15360       4891   heap_4.o
       168         26          0          0         84       1693   i2c.o
       138          0          0          0          0       3574   list.o
       452         26          0          0          0     711580   main.o
         0          0          0          0          0     159189   mui_u8g2.o
        84         10          0          0          0        503   my_gpio.o
       180         30          0          1        180       2494   my_iic.o
       132          0          0          0        176     608280   my_motor.o
       152         60          0          0          0       1557   my_tasks.o
       140         22          0          0          0       1390   my_tim.o
        92          4          0          0          0       1039   pid.o
       100         16          0         24        288       1383   pid_user.o
       786         82          0         12          0      11561   port.o
      1514         20          0          0         64      17492   queue.o
        36          8        392          0       1024        840   startup_stm32f407xx.o
       180         28          0         12          0       9453   stm32f4xx_hal.o
       198         14          0          0          0      33975   stm32f4xx_hal_cortex.o
       182          0          0          0          0       2111   stm32f4xx_hal_dma.o
       522         46          0          0          0       2853   stm32f4xx_hal_gpio.o
      1300         32          0          0          0       9205   stm32f4xx_hal_i2c.o
        56          4          0          0          0        878   stm32f4xx_hal_msp.o
      1344         72          0          0          0       5264   stm32f4xx_hal_rcc.o
      2182        136          0          0          0      17351   stm32f4xx_hal_tim.o
       148         28          0          0          0       2473   stm32f4xx_hal_tim_ex.o
      1276         16          0          0          0       8376   stm32f4xx_hal_uart.o
       100         28          0          0          0       5335   stm32f4xx_it.o
         0          0          0          0          0        388   stream_buffer.o
        16          4         24          4          0       1139   system_stm32f4xx.o
      2084        168          0         60       1220      27036   tasks.o
       856         82          0          0        288       5731   tim.o
       972         80          0         20        280      32219   timers.o
       234          0          0          0          0       4268   u8g2_buffer.o
        30          0          0          0          0        588   u8g2_cleardisplay.o
        12          4          0          0       1024        840   u8g2_d_memory.o
        56         14          0          0          0       1049   u8g2_d_setup.o
      1212         10          0          0          0      14076   u8g2_font.o
         0          0       1028          0          0     145302   u8g2_fonts.o
       250          0          0          0          0       2491   u8g2_hvline.o
        72          0          0          0          0       1911   u8g2_intersection.o
       144          0          0          0          0       1374   u8g2_ll_hvline.o
       328          0         12          0          0     146818   u8g2_setup.o
        22          0          0          0          0       1845   u8x8_8x8.o
        46          0          0          0          0       1727   u8x8_byte.o
       416         12          0          6          0       8828   u8x8_cad.o
       260         12        344          0          0       3091   u8x8_d_ssd1306_128x64_noname.o
       200          0          0          0          0       4442   u8x8_display.o
        12          0          0          0          0        605   u8x8_gpio.o
        74          4          0          0          0       1802   u8x8_setup.o
       176         22          0          0         68       1728   usart.o

    ----------------------------------------------------------------------
     20046       1204       2024        196      21780    2885567   Object Totals
         0          0         32          0          0          0   (incl. Generated)
        56          0          0          5          4          0   (incl. Padding)

    ----------------------------------------------------------------------

      Code (inc. data)   RO Data    RW Data    ZI Data      Debug   Library Member Name

         0          0          0          0          0          0   entry.o
         0          0          0          0          0          0   entry10a.o
         0          0          0          0          0          0   entry11a.o
         8          4          0          0          0          0   entry2.o
         4          0          0          0          0          0   entry5.o
         0          0          0          0          0          0   entry7b.o
         0          0          0          0          0          0   entry8b.o
         8          4          0          0          0          0   entry9a.o
        30          0          0          0          0          0   handlers.o
        36          8          0          0          0         68   init.o
        30          0          0          0          0         68   llshl.o
        32          0          0          0          0         68   llushr.o
        36          0          0          0          0         68   memcpya.o
        36          0          0          0          0        108   memseta.o
       390         10          0          0          0        252   printf1.o
        44          0          0          0          0         80   uidiv.o
        98          0          0          0          0         92   uldiv.o

    ----------------------------------------------------------------------
       754         26          0          0          0        804   Library Totals
         2          0          0          0          0          0   (incl. Padding)

    ----------------------------------------------------------------------

      Code (inc. data)   RO Data    RW Data    ZI Data      Debug   Library Name

       752         26          0          0          0        804   mc_w.l

    ----------------------------------------------------------------------
       754         26          0          0          0        804   Library Totals

    ----------------------------------------------------------------------

==============================================================================


      Code (inc. data)   RO Data    RW Data    ZI Data      Debug   

     20800       1230       2024        196      21780    2863111   Grand Totals
     20800       1230       2024        196      21780    2863111   ELF Image Totals
     20800       1230       2024        196          0          0   ROM Totals

==============================================================================

    Total RO  Size (Code + RO Data)                22824 (  22.29kB)
    Total RW  Size (RW Data + ZI Data)             21976 (  21.46kB)
    Total ROM Size (Code + RO Data + RW Data)      23020 (  22.48kB)

==============================================================================

