<html>
<body>
<pre>
<h1>µVision Build Log</h1>
<h2>Tool Versions:</h2>
IDE-Version: ¦ÌVision V5.38.0.0
Copyright (C) 2022 ARM Ltd and ARM Germany GmbH. All rights reserved.
License Information: 32 Slh, 12, LIC=TIVNB-2RCVX-453T5-G8U3W-KSD4L-C0YC9
 
Tool Versions:
Toolchain:       MDK-ARM Plus  Version: 5.38.0.0
Toolchain Path:  D:\mdk503\ARM\ARMCC\Bin
C Compiler:      Armcc.exe V5.06 update 6 (build 750)
Assembler:       Armasm.exe V5.06 update 6 (build 750)
Linker/Locator:  ArmLink.exe V5.06 update 6 (build 750)
Library Manager: ArmAr.exe V5.06 update 6 (build 750)
Hex Converter:   FromElf.exe V5.06 update 6 (build 750)
CPU DLL:         SARMCM3.DLL V5.38.0.0
Dialog DLL:      DCM.DLL V1.17.5.0
Target DLL:      STLink\ST-LINKIII-KEIL_SWO.dll V3.1.0.0
Dialog DLL:      TCM.DLL V1.56.4.0
 
<h2>Project:</h2>
C:\Users\Slh\Desktop\TIRACE\stm32\TIRACE1\MDK-ARM\TIRACE1.uvprojx
Project File Date:  07/29/2023

<h2>Output:</h2>
*** Using Compiler 'V5.06 update 6 (build 750)', folder: 'D:\mdk503\ARM\ARMCC\Bin'
Rebuild target 'TIRACE1'
assembling startup_stm32f407xx.s...
compiling stm32f4xx_hal_flash_ramfunc.c...
compiling usart.c...
compiling tim.c...
compiling gpio.c...
compiling stm32f4xx_hal_dma_ex.c...
compiling stm32f4xx_hal_flash.c...
compiling freertos.c...
compiling stm32f4xx_hal_msp.c...
compiling i2c.c...
compiling stm32f4xx_hal_gpio.c...
compiling stm32f4xx_hal_rcc_ex.c...
compiling stm32f4xx_hal_flash_ex.c...
compiling stm32f4xx_it.c...
compiling main.c...
compiling stm32f4xx_hal_rcc.c...
compiling stm32f4xx_hal_pwr_ex.c...
compiling stm32f4xx_hal_tim_ex.c...
compiling stm32f4xx_hal_i2c_ex.c...
compiling stm32f4xx_hal_dma.c...
compiling stm32f4xx_hal_cortex.c...
compiling stm32f4xx_hal_pwr.c...
compiling stm32f4xx_hal.c...
compiling croutine.c...
compiling event_groups.c...
compiling list.c...
compiling stm32f4xx_hal_exti.c...
compiling queue.c...
compiling stream_buffer.c...
compiling pid_user.c...
compiling my_motor.c...
compiling tasks.c...
compiling timers.c...
compiling stm32f4xx_hal_tim.c...
compiling heap_4.c...
compiling system_stm32f4xx.c...
compiling port.c...
compiling stm32f4xx_hal_i2c.c...
compiling mui.c...
compiling u8g2_bitmap.c...
compiling u8g2_box.c...
compiling stm32f4xx_hal_uart.c...
compiling mui_u8g2.c...
compiling u8g2_button.c...
compiling u8g2_buffer.c...
compiling u8g2_cleardisplay.c...
compiling u8g2_circle.c...
compiling pid.c...
compiling u8g2_d_memory.c...
compiling u8g2_d_setup.c...
compiling u8g2_hvline.c...
compiling u8g2_input_value.c...
compiling u8g2_font.c...
compiling u8g2_kerning.c...
compiling u8g2_intersection.c...
compiling u8g2_line.c...
compiling u8g2_ll_hvline.c...
compiling u8g2_message.c...
compiling u8g2_polygon.c...
compiling u8g2_selection_list.c...
compiling u8log.c...
compiling u8log_u8x8.c...
compiling u8log_u8g2.c...
compiling u8g2_setup.c...
compiling u8x8_8x8.c...
compiling u8x8_capture.c...
compiling u8x8_debounce.c...
compiling u8x8_display.c...
compiling u8x8_byte.c...
compiling u8x8_cad.c...
compiling u8x8_d_ssd1306_128x64_noname.c...
compiling u8x8_gpio.c...
compiling u8x8_fonts.c...
compiling u8x8_input_value.c...
compiling u8x8_selection_list.c...
compiling u8x8_setup.c...
compiling u8x8_message.c...
compiling u8x8_u8toa.c...
compiling u8x8_string.c...
compiling u8x8_u16toa.c...
compiling my_usart.c...
compiling bsp_delay.c...
compiling my_iic.c...
compiling my_tim.c...
compiling u8g2_fonts.c...
compiling my_gpio.c...
compiling my_Tasks.c...
..\Tasks\my_Tasks.c(52): warning:  #177-D: variable "buff2"  was declared but never referenced
  		char buff1[5],buff2[5];
..\Tasks\my_Tasks.c: 1 warning, 0 errors
compiling cmsis_os2.c...
linking...
Program Size: Code=20800 RO-data=2024 RW-data=196 ZI-data=21780  
FromELF: creating hex file...
"TIRACE1\TIRACE1.axf" - 0 Error(s), 1 Warning(s).

<h2>Software Packages used:</h2>

Package Vendor: ARM
                http://www.keil.com/pack/ARM.CMSIS.5.9.0.pack
                ARM.CMSIS.5.9.0
                CMSIS (Common Microcontroller Software Interface Standard)
   * Component: CORE Version: 5.6.0

Package Vendor: Keil
                http://www.keil.com/pack/Keil.STM32F4xx_DFP.2.15.0.pack
                Keil.STM32F4xx_DFP.2.15.0
                STMicroelectronics STM32F4 Series Device Support, Drivers and Examples

<h2>Collection of Component include folders:</h2>
  ./RTE/_TIRACE1
  D:/mdk503/ARM/CMSIS/5.9.0/CMSIS/Core/Include
  D:/mdk503/Keil/STM32F4xx_DFP/2.15.0/Drivers/CMSIS/Device/ST/STM32F4xx/Include

<h2>Collection of Component Files used:</h2>

   * Component: ARM::CMSIS:CORE:5.6.0
      Include file:  CMSIS/Core/Include/tz_context.h
Build Time Elapsed:  00:00:16
</pre>
</body>
</html>
