Component: ARM Compiler 5.06 update 6 (build 750) Tool: armlink [4d35ed]

==============================================================================

Section Cross References

    startup_stm32f407xx.o(RESET) refers to startup_stm32f407xx.o(STACK) for __initial_sp
    startup_stm32f407xx.o(RESET) refers to startup_stm32f407xx.o(.text) for Reset_Handler
    startup_stm32f407xx.o(RESET) refers to stm32f4xx_it.o(i.NMI_Handler) for NMI_Handler
    startup_stm32f407xx.o(RESET) refers to stm32f4xx_it.o(i.HardFault_Handler) for HardFault_Handler
    startup_stm32f407xx.o(RESET) refers to stm32f4xx_it.o(i.MemManage_Handler) for MemManage_Handler
    startup_stm32f407xx.o(RESET) refers to stm32f4xx_it.o(i.BusFault_Handler) for BusFault_Handler
    startup_stm32f407xx.o(RESET) refers to stm32f4xx_it.o(i.UsageFault_Handler) for UsageFault_Handler
    startup_stm32f407xx.o(RESET) refers to port.o(.emb_text) for SVC_Handler
    startup_stm32f407xx.o(RESET) refers to stm32f4xx_it.o(i.DebugMon_Handler) for DebugMon_Handler
    startup_stm32f407xx.o(RESET) refers to stm32f4xx_it.o(i.SysTick_Handler) for SysTick_Handler
    startup_stm32f407xx.o(RESET) refers to stm32f4xx_it.o(i.TIM1_BRK_TIM9_IRQHandler) for TIM1_BRK_TIM9_IRQHandler
    startup_stm32f407xx.o(RESET) refers to stm32f4xx_it.o(i.TIM1_UP_TIM10_IRQHandler) for TIM1_UP_TIM10_IRQHandler
    startup_stm32f407xx.o(RESET) refers to stm32f4xx_it.o(i.TIM8_UP_TIM13_IRQHandler) for TIM8_UP_TIM13_IRQHandler
    startup_stm32f407xx.o(RESET) refers to stm32f4xx_it.o(i.UART4_IRQHandler) for UART4_IRQHandler
    startup_stm32f407xx.o(.text) refers to system_stm32f4xx.o(i.SystemInit) for SystemInit
    startup_stm32f407xx.o(.text) refers to entry.o(.ARM.Collect$$$$00000000) for __main
    main.o(i.SystemClock_Config) refers to memseta.o(.text) for __aeabi_memclr4
    main.o(i.SystemClock_Config) refers to stm32f4xx_hal_rcc.o(i.HAL_RCC_OscConfig) for HAL_RCC_OscConfig
    main.o(i.SystemClock_Config) refers to stm32f4xx_hal_rcc.o(i.HAL_RCC_ClockConfig) for HAL_RCC_ClockConfig
    main.o(i.main) refers to stm32f4xx_hal.o(i.HAL_Init) for HAL_Init
    main.o(i.main) refers to main.o(i.SystemClock_Config) for SystemClock_Config
    main.o(i.main) refers to gpio.o(i.MX_GPIO_Init) for MX_GPIO_Init
    main.o(i.main) refers to i2c.o(i.MX_I2C1_Init) for MX_I2C1_Init
    main.o(i.main) refers to usart.o(i.MX_UART4_Init) for MX_UART4_Init
    main.o(i.main) refers to tim.o(i.MX_TIM2_Init) for MX_TIM2_Init
    main.o(i.main) refers to tim.o(i.MX_TIM1_Init) for MX_TIM1_Init
    main.o(i.main) refers to tim.o(i.MX_TIM8_Init) for MX_TIM8_Init
    main.o(i.main) refers to tim.o(i.MX_TIM9_Init) for MX_TIM9_Init
    main.o(i.main) refers to my_tim.o(i.my_tim_init) for my_tim_init
    main.o(i.main) refers to my_gpio.o(i.my_gpio_init) for my_gpio_init
    main.o(i.main) refers to stm32f4xx_hal_tim.o(i.HAL_TIM_Base_Start_IT) for HAL_TIM_Base_Start_IT
    main.o(i.main) refers to memcpya.o(.text) for __aeabi_memcpy4
    main.o(i.main) refers to my_motor.o(i.motor_init) for motor_init
    main.o(i.main) refers to pid_user.o(i.PID_devices_Init) for PID_devices_Init
    main.o(i.main) refers to my_iic.o(i.u8g2_init) for u8g2_init
    main.o(i.main) refers to cmsis_os2.o(i.osKernelInitialize) for osKernelInitialize
    main.o(i.main) refers to freertos.o(i.MX_FREERTOS_Init) for MX_FREERTOS_Init
    main.o(i.main) refers to cmsis_os2.o(i.osKernelStart) for osKernelStart
    main.o(i.main) refers to tim.o(.bss) for htim8
    main.o(i.main) refers to my_motor.o(.bss) for MOTOR
    gpio.o(i.MX_GPIO_Init) refers to memseta.o(.text) for __aeabi_memclr4
    gpio.o(i.MX_GPIO_Init) refers to stm32f4xx_hal_gpio.o(i.HAL_GPIO_WritePin) for HAL_GPIO_WritePin
    gpio.o(i.MX_GPIO_Init) refers to stm32f4xx_hal_gpio.o(i.HAL_GPIO_Init) for HAL_GPIO_Init
    freertos.o(i.MX_FREERTOS_Init) refers to cmsis_os2.o(i.osThreadNew) for osThreadNew
    freertos.o(i.MX_FREERTOS_Init) refers to freertos.o(.constdata) for .constdata
    freertos.o(i.MX_FREERTOS_Init) refers to freertos.o(i.StartDefaultTask) for StartDefaultTask
    freertos.o(i.MX_FREERTOS_Init) refers to freertos.o(.data) for .data
    freertos.o(i.MX_FREERTOS_Init) refers to my_tasks.o(i.led_blink_Task) for led_blink_Task
    freertos.o(i.MX_FREERTOS_Init) refers to my_tasks.o(i.chassis_Move_Task) for chassis_Move_Task
    freertos.o(i.StartDefaultTask) refers to cmsis_os2.o(i.osDelay) for osDelay
    freertos.o(.constdata) refers to freertos.o(.conststring) for .conststring
    i2c.o(i.HAL_I2C_MspDeInit) refers to stm32f4xx_hal_gpio.o(i.HAL_GPIO_DeInit) for HAL_GPIO_DeInit
    i2c.o(i.HAL_I2C_MspInit) refers to memseta.o(.text) for __aeabi_memclr4
    i2c.o(i.HAL_I2C_MspInit) refers to stm32f4xx_hal_gpio.o(i.HAL_GPIO_Init) for HAL_GPIO_Init
    i2c.o(i.MX_I2C1_Init) refers to stm32f4xx_hal_i2c.o(i.HAL_I2C_Init) for HAL_I2C_Init
    i2c.o(i.MX_I2C1_Init) refers to main.o(i.Error_Handler) for Error_Handler
[...]
    xNumOfOverflows                          0x20000058   Data           4  tasks.o(.data)
    uxTaskNumber                             0x2000005c   Data           4  tasks.o(.data)
    xNextTaskUnblockTime                     0x20000060   Data           4  tasks.o(.data)
    xIdleTaskHandle                          0x20000064   Data           4  tasks.o(.data)
    uxSchedulerSuspended                     0x20000068   Data           4  tasks.o(.data)
    pxDelayedTaskList                        0x2000006c   Data           4  tasks.o(.data)
    pxOverflowDelayedTaskList                0x20000070   Data           4  tasks.o(.data)
    .data                                    0x20000074   Section       20  timers.o(.data)
    xTimerQueue                              0x20000074   Data           4  timers.o(.data)
    xTimerTaskHandle                         0x20000078   Data           4  timers.o(.data)
    xLastTime                                0x2000007c   Data           4  timers.o(.data)
    pxCurrentTimerList                       0x20000080   Data           4  timers.o(.data)
    pxOverflowTimerList                      0x20000084   Data           4  timers.o(.data)
    .data                                    0x20000088   Section        4  cmsis_os2.o(.data)
    KernelState                              0x20000088   Data           4  cmsis_os2.o(.data)
    .data                                    0x2000008c   Section       32  heap_4.o(.data)
    pxEnd                                    0x2000008c   Data           4  heap_4.o(.data)
    xFreeBytesRemaining                      0x20000090   Data           4  heap_4.o(.data)
    xMinimumEverFreeBytesRemaining           0x20000094   Data           4  heap_4.o(.data)
    xNumberOfSuccessfulAllocations           0x20000098   Data           4  heap_4.o(.data)
    xNumberOfSuccessfulFrees                 0x2000009c   Data           4  heap_4.o(.data)
    xBlockAllocatedBit                       0x200000a0   Data           4  heap_4.o(.data)
    xStart                                   0x200000a4   Data           8  heap_4.o(.data)
    .data                                    0x200000ac   Section       12  port.o(.data)
    ucMaxSysCallPriority                     0x200000ac   Data           1  port.o(.data)
    uxCriticalNesting                        0x200000b0   Data           4  port.o(.data)
    ulMaxPRIGROUPValue                       0x200000b4   Data           4  port.o(.data)
    .data                                    0x200000b8   Section        4  my_tasks.o(.data)
    .data                                    0x200000bc   Section        6  u8x8_cad.o(.data)
    in_transfer                              0x200000bc   Data           1  u8x8_cad.o(.data)
    in_transfer                              0x200000bd   Data           1  u8x8_cad.o(.data)
    in_transfer                              0x200000be   Data           1  u8x8_cad.o(.data)
    is_data                                  0x200000bf   Data           1  u8x8_cad.o(.data)
    in_transfer                              0x200000c0   Data           1  u8x8_cad.o(.data)
    is_data                                  0x200000c1   Data           1  u8x8_cad.o(.data)
    .data                                    0x200000c4   Section        4  stdout.o(.data)
    .bss                                     0x200000c8   Section       84  i2c.o(.bss)
    .bss                                     0x2000011c   Section      288  tim.o(.bss)
    .bss                                     0x2000023c   Section       68  usart.o(.bss)
    .bss                                     0x20000280   Section      176  my_motor.o(.bss)
    .bss                                     0x20000330   Section      288  pid_user.o(.bss)
    .bss                                     0x20000450   Section      180  my_iic.o(.bss)
    buffer                                   0x20000450   Data          32  my_iic.o(.bss)
    .bss                                     0x20000504   Section       64  queue.o(.bss)
    .bss                                     0x20000544   Section     1220  tasks.o(.bss)
    pxReadyTasksLists                        0x20000544   Data        1120  tasks.o(.bss)
    xDelayedTaskList1                        0x200009a4   Data          20  tasks.o(.bss)
    xDelayedTaskList2                        0x200009b8   Data          20  tasks.o(.bss)
    xPendingReadyList                        0x200009cc   Data          20  tasks.o(.bss)
    xTasksWaitingTermination                 0x200009e0   Data          20  tasks.o(.bss)
    xSuspendedTaskList                       0x200009f4   Data          20  tasks.o(.bss)
    .bss                                     0x20000a08   Section      280  timers.o(.bss)
    xStaticTimerQueue                        0x20000a08   Data          80  timers.o(.bss)
    ucStaticTimerQueueStorage                0x20000a58   Data         160  timers.o(.bss)
    xActiveTimerList1                        0x20000af8   Data          20  timers.o(.bss)
    xActiveTimerList2                        0x20000b0c   Data          20  timers.o(.bss)
    .bss                                     0x20000b20   Section     1720  cmsis_os2.o(.bss)
    Idle_TCB                                 0x20000b20   Data          92  cmsis_os2.o(.bss)
    Idle_Stack                               0x20000b7c   Data         512  cmsis_os2.o(.bss)
    Timer_TCB                                0x20000d7c   Data          92  cmsis_os2.o(.bss)
    Timer_Stack                              0x20000dd8   Data        1024  cmsis_os2.o(.bss)
    .bss                                     0x200011d8   Section    15360  heap_4.o(.bss)
    ucHeap                                   0x200011d8   Data       15360  heap_4.o(.bss)
    .bss                                     0x20004dd8   Section     1024  u8g2_d_memory.o(.bss)
    buf                                      0x20004dd8   Data        1024  u8g2_d_memory.o(.bss)
    STACK                                    0x200051d8   Section     1024  startup_stm32f407xx.o(STACK)

    Global Symbols

    Symbol Name                              Value     Ov Type        Size  Object(Section)

    BuildAttributes$$THM_ISAv4$E$P$D$K$B$S$7EM$VFPi3$EXTD16$VFPS$VFMA$PE$A:L22UL41UL21$X:L11$S22US41US21$IEEE1$IW$USESV6$~STKCKD$USESV7$~SHL$OSPACE$ROPI$EBA8$MICROLIB$REQ8$PRES8$EABIv2 0x00000000   Number         0  anon$$obj.o ABSOLUTE
    __ARM_use_no_argv                        0x00000000   Number         0  main.o ABSOLUTE
    _printf_a                                0x00000000   Number         0  stubs.o ABSOLUTE
    _printf_c                                0x00000000   Number         0  stubs.o ABSOLUTE
    _printf_charcount                        0x00000000   Number         0  stubs.o ABSOLUTE
    _printf_d                                0x00000000   Number         0  stubs.o ABSOLUTE
    _printf_e                                0x00000000   Number         0  stubs.o ABSOLUTE
    _printf_f                                0x00000000   Number         0  stubs.o ABSOLUTE
    _printf_flags                            0x00000000   Number         0  stubs.o ABSOLUTE
    _printf_fp_dec                           0x00000000   Number         0  stubs.o ABSOLUTE
    _printf_fp_hex                           0x00000000   Number         0  stubs.o ABSOLUTE
    _printf_g                                0x00000000   Number         0  stubs.o ABSOLUTE
    _printf_i                                0x00000000   Number         0  stubs.o ABSOLUTE
    _printf_int_dec                          0x00000000   Number         0  stubs.o ABSOLUTE
    _printf_l                                0x00000000   Number         0  stubs.o ABSOLUTE
    _printf_lc                               0x00000000   Number         0  stubs.o ABSOLUTE
    _printf_ll                               0x00000000   Number         0  stubs.o ABSOLUTE
    _printf_lld                              0x00000000   Number         0  stubs.o ABSOLUTE
    _printf_lli                              0x00000000   Number         0  stubs.o ABSOLUTE
    _printf_llo                              0x00000000   Number         0  stubs.o ABSOLUTE
    _printf_llu                              0x00000000   Number         0  stubs.o ABSOLUTE
    _printf_llx                              0x00000000   Number         0  stubs.o ABSOLUTE
    _printf_longlong_dec                     0x00000000   Number         0  stubs.o ABSOLUTE
    _printf_longlong_hex                     0x00000000   Number         0  stubs.o ABSOLUTE
    _printf_longlong_oct                     0x00000000   Number         0  stubs.o ABSOLUTE
    _printf_ls                               0x00000000   Number         0  stubs.o ABSOLUTE
    _printf_mbtowc                           0x00000000   Number         0  stubs.o ABSOLUTE
    _printf_n                                0x00000000   Number         0  stubs.o ABSOLUTE
    _printf_o                                0x00000000   Number         0  stubs.o ABSOLUTE
    _printf_p                                0x00000000   Number         0  stubs.o ABSOLUTE
    _printf_percent                          0x00000000   Number         0  stubs.o ABSOLUTE
    _printf_pre_padding                      0x00000000   Number         0  stubs.o ABSOLUTE
    _printf_return_value                     0x00000000   Number         0  stubs.o ABSOLUTE
    _printf_s                                0x00000000   Number         0  stubs.o ABSOLUTE
    _printf_sizespec                         0x00000000   Number         0  stubs.o ABSOLUTE
    _printf_str                              0x00000000   Number         0  stubs.o ABSOLUTE
    _printf_truncate_signed                  0x00000000   Number         0  stubs.o ABSOLUTE
    _printf_truncate_unsigned                0x00000000   Number         0  stubs.o ABSOLUTE
    _printf_u                                0x00000000   Number         0  stubs.o ABSOLUTE
    _printf_wc                               0x00000000   Number         0  stubs.o ABSOLUTE
    _printf_wctomb                           0x00000000   Number         0  stubs.o ABSOLUTE
    _printf_widthprec                        0x00000000   Number         0  stubs.o ABSOLUTE
    _printf_x                                0x00000000   Number         0  stubs.o ABSOLUTE
    __cpp_initialize__aeabi_                  - Undefined Weak Reference
    __cxa_finalize                            - Undefined Weak Reference
    __decompress                              - Undefined Weak Reference
    _clock_init                               - Undefined Weak Reference
    _microlib_exit                            - Undefined Weak Reference
    __Vectors_Size                           0x00000188   Number         0  startup_stm32f407xx.o ABSOLUTE
    __Vectors                                0x08000000   Data           4  startup_stm32f407xx.o(RESET)
    __Vectors_End                            0x08000188   Data           0  startup_stm32f407xx.o(RESET)
    __main                                   0x08000189   Thumb Code     0  entry.o(.ARM.Collect$$$$00000000)
    _main_stk                                0x08000189   Thumb Code     0  entry2.o(.ARM.Collect$$$$00000001)
    _main_scatterload                        0x0800018d   Thumb Code     0  entry5.o(.ARM.Collect$$$$00000004)
    __main_after_scatterload                 0x08000191   Thumb Code     0  entry5.o(.ARM.Collect$$$$00000004)
    _main_clock                              0x08000191   Thumb Code     0  entry7b.o(.ARM.Collect$$$$00000008)
    _main_cpp_init                           0x08000191   Thumb Code     0  entry8b.o(.ARM.Collect$$$$0000000A)
    _main_init                               0x08000191   Thumb Code     0  entry9a.o(.ARM.Collect$$$$0000000B)
    __rt_final_cpp                           0x08000199   Thumb Code     0  entry10a.o(.ARM.Collect$$$$0000000D)
    __rt_final_exit                          0x08000199   Thumb Code     0  entry11a.o(.ARM.Collect$$$$0000000F)
    SVC_Handler                              0x0800019d   Thumb Code    28  port.o(.emb_text)
    __asm___6_port_c_39a90d8d__prvStartFirstTask 0x080001bd   Thumb Code    36  port.o(.emb_text)
    __asm___6_port_c_39a90d8d__prvEnableVFP  0x080001e5   Thumb Code    16  port.o(.emb_text)
    PendSV_Handler                           0x080001f9   Thumb Code    88  port.o(.emb_text)
    vPortGetIPSR                             0x08000255   Thumb Code     6  port.o(.emb_text)
    Reset_Handler                            0x0800025d   Thumb Code     8  startup_stm32f407xx.o(.text)
    ADC_IRQHandler                           0x08000277   Thumb Code     0  startup_stm32f407xx.o(.text)
    CAN1_RX0_IRQHandler                      0x08000277   Thumb Code     0  startup_stm32f407xx.o(.text)
    CAN1_RX1_IRQHandler                      0x08000277   Thumb Code     0  startup_stm32f407xx.o(.text)
    CAN1_SCE_IRQHandler                      0x08000277   Thumb Code     0  startup_stm32f407xx.o(.text)
    CAN1_TX_IRQHandler                       0x08000277   Thumb Code     0  startup_stm32f407xx.o(.text)
    CAN2_RX0_IRQHandler                      0x08000277   Thumb Code     0  startup_stm32f407xx.o(.text)
    CAN2_RX1_IRQHandler                      0x08000277   Thumb Code     0  startup_stm32f407xx.o(.text)
    CAN2_SCE_IRQHandler                      0x08000277   Thumb Code     0  startup_stm32f407xx.o(.text)
    CAN2_TX_IRQHandler                       0x08000277   Thumb Code     0  startup_stm32f407xx.o(.text)
    DCMI_IRQHandler                          0x08000277   Thumb Code     0  startup_stm32f407xx.o(.text)
    DMA1_Stream0_IRQHandler                  0x08000277   Thumb Code     0  startup_stm32f407xx.o(.text)
    DMA1_Stream1_IRQHandler                  0x08000277   Thumb Code     0  startup_stm32f407xx.o(.text)
    DMA1_Stream2_IRQHandler                  0x08000277   Thumb Code     0  startup_stm32f407xx.o(.text)
    DMA1_Stream3_IRQHandler                  0x08000277   Thumb Code     0  startup_stm32f407xx.o(.text)
    DMA1_Stream4_IRQHandler                  0x08000277   Thumb Code     0  startup_stm32f407xx.o(.text)
    DMA1_Stream5_IRQHandler                  0x08000277   Thumb Code     0  startup_stm32f407xx.o(.text)
    DMA1_Stream6_IRQHandler                  0x08000277   Thumb Code     0  startup_stm32f407xx.o(.text)
    DMA1_Stream7_IRQHandler                  0x08000277   Thumb Code     0  startup_stm32f407xx.o(.text)
    DMA2_Stream0_IRQHandler                  0x08000277   Thumb Code     0  startup_stm32f407xx.o(.text)
    DMA2_Stream1_IRQHandler                  0x08000277   Thumb Code     0  startup_stm32f407xx.o(.text)
    DMA2_Stream2_IRQHandler                  0x08000277   Thumb Code     0  startup_stm32f407xx.o(.text)
    DMA2_Stream3_IRQHandler                  0x08000277   Thumb Code     0  startup_stm32f407xx.o(.text)
    DMA2_Stream4_IRQHandler                  0x08000277   Thumb Code     0  startup_stm32f407xx.o(.text)
    DMA2_Stream5_IRQHandler                  0x08000277   Thumb Code     0  startup_stm32f407xx.o(.text)
    DMA2_Stream6_IRQHandler                  0x08000277   Thumb Code     0  startup_stm32f407xx.o(.text)
    DMA2_Stream7_IRQHandler                  0x08000277   Thumb Code     0  startup_stm32f407xx.o(.text)
    ETH_IRQHandler                           0x08000277   Thumb Code     0  startup_stm32f407xx.o(.text)
    ETH_WKUP_IRQHandler                      0x08000277   Thumb Code     0  startup_stm32f407xx.o(.text)
    EXTI0_IRQHandler                         0x08000277   Thumb Code     0  startup_stm32f407xx.o(.text)
    EXTI15_10_IRQHandler                     0x08000277   Thumb Code     0  startup_stm32f407xx.o(.text)
    EXTI1_IRQHandler                         0x08000277   Thumb Code     0  startup_stm32f407xx.o(.text)
    EXTI2_IRQHandler                         0x08000277   Thumb Code     0  startup_stm32f407xx.o(.text)
    EXTI3_IRQHandler                         0x08000277   Thumb Code     0  startup_stm32f407xx.o(.text)
    EXTI4_IRQHandler                         0x08000277   Thumb Code     0  startup_stm32f407xx.o(.text)
    EXTI9_5_IRQHandler                       0x08000277   Thumb Code     0  startup_stm32f407xx.o(.text)
    FLASH_IRQHandler                         0x08000277   Thumb Code     0  startup_stm32f407xx.o(.text)
    FMC_IRQHandler                           0x08000277   Thumb Code     0  startup_stm32f407xx.o(.text)
    FPU_IRQHandler                           0x08000277   Thumb Code     0  startup_stm32f407xx.o(.text)
    HASH_RNG_IRQHandler                      0x08000277   Thumb Code     0  startup_stm32f407xx.o(.text)
    I2C1_ER_IRQHandler                       0x08000277   Thumb Code     0  startup_stm32f407xx.o(.text)
    I2C1_EV_IRQHandler                       0x08000277   Thumb Code     0  startup_stm32f407xx.o(.text)
    I2C2_ER_IRQHandler                       0x08000277   Thumb Code     0  startup_stm32f407xx.o(.text)
    I2C2_EV_IRQHandler                       0x08000277   Thumb Code     0  startup_stm32f407xx.o(.text)
    I2C3_ER_IRQHandler                       0x08000277   Thumb Code     0  startup_stm32f407xx.o(.text)
    I2C3_EV_IRQHandler                       0x08000277   Thumb Code     0  startup_stm32f407xx.o(.text)
    OTG_FS_IRQHandler                        0x08000277   Thumb Code     0  startup_stm32f407xx.o(.text)
    OTG_FS_WKUP_IRQHandler                   0x08000277   Thumb Code     0  startup_stm32f407xx.o(.text)
    OTG_HS_EP1_IN_IRQHandler                 0x08000277   Thumb Code     0  startup_stm32f407xx.o(.text)
    OTG_HS_EP1_OUT_IRQHandler                0x08000277   Thumb Code     0  startup_stm32f407xx.o(.text)
    OTG_HS_IRQHandler                        0x08000277   Thumb Code     0  startup_stm32f407xx.o(.text)
    OTG_HS_WKUP_IRQHandler                   0x08000277   Thumb Code     0  startup_stm32f407xx.o(.text)
    PVD_IRQHandler                           0x08000277   Thumb Code     0  startup_stm32f407xx.o(.text)
    RCC_IRQHandler                           0x08000277   Thumb Code     0  startup_stm32f407xx.o(.text)
    RTC_Alarm_IRQHandler                     0x08000277   Thumb Code     0  startup_stm32f407xx.o(.text)
    RTC_WKUP_IRQHandler                      0x08000277   Thumb Code     0  startup_stm32f407xx.o(.text)
    SDIO_IRQHandler                          0x08000277   Thumb Code     0  startup_stm32f407xx.o(.text)
    SPI1_IRQHandler                          0x08000277   Thumb Code     0  startup_stm32f407xx.o(.text)
    SPI2_IRQHandler                          0x08000277   Thumb Code     0  startup_stm32f407xx.o(.text)
    SPI3_IRQHandler                          0x08000277   Thumb Code     0  startup_stm32f407xx.o(.text)
    TAMP_STAMP_IRQHandler                    0x08000277   Thumb Code     0  startup_stm32f407xx.o(.text)
    TIM1_CC_IRQHandler                       0x08000277   Thumb Code     0  startup_stm32f407xx.o(.text)
    TIM1_TRG_COM_TIM11_IRQHandler            0x08000277   Thumb Code     0  startup_stm32f407xx.o(.text)
    TIM2_IRQHandler                          0x08000277   Thumb Code     0  startup_stm32f407xx.o(.text)
    TIM3_IRQHandler                          0x08000277   Thumb Code     0  startup_stm32f407xx.o(.text)
    TIM4_IRQHandler                          0x08000277   Thumb Code     0  startup_stm32f407xx.o(.text)
    TIM5_IRQHandler                          0x08000277   Thumb Code     0  startup_stm32f407xx.o(.text)
    TIM6_DAC_IRQHandler                      0x08000277   Thumb Code     0  startup_stm32f407xx.o(.text)
    TIM7_IRQHandler                          0x08000277   Thumb Code     0  startup_stm32f407xx.o(.text)
    TIM8_BRK_TIM12_IRQHandler                0x08000277   Thumb Code     0  startup_stm32f407xx.o(.text)
    TIM8_CC_IRQHandler                       0x08000277   Thumb Code     0  startup_stm32f407xx.o(.text)
    TIM8_TRG_COM_TIM14_IRQHandler            0x08000277   Thumb Code     0  startup_stm32f407xx.o(.text)
    UART5_IRQHandler                         0x08000277   Thumb Code     0  startup_stm32f407xx.o(.text)
    USART1_IRQHandler                        0x08000277   Thumb Code     0  startup_stm32f407xx.o(.text)
    USART2_IRQHandler                        0x08000277   Thumb Code     0  startup_stm32f407xx.o(.text)
    USART3_IRQHandler                        0x08000277   Thumb Code     0  startup_stm32f407xx.o(.text)
    USART6_IRQHandler                        0x08000277   Thumb Code     0  startup_stm32f407xx.o(.text)
    WWDG_IRQHandler                          0x08000277   Thumb Code     0  startup_stm32f407xx.o(.text)
    __aeabi_uldivmod                         0x08000281   Thumb Code    98  uldiv.o(.text)
    __aeabi_memcpy                           0x080002e3   Thumb Code    36  memcpya.o(.text)
    __aeabi_memcpy4                          0x080002e3   Thumb Code     0  memcpya.o(.text)
    __aeabi_memcpy8                          0x080002e3   Thumb Code     0  memcpya.o(.text)
    __aeabi_memset                           0x08000307   Thumb Code    14  memseta.o(.text)
    __aeabi_memset4                          0x08000307   Thumb Code     0  memseta.o(.text)
    __aeabi_memset8                          0x08000307   Thumb Code     0  memseta.o(.text)
    __aeabi_memclr                           0x08000315   Thumb Code     4  memseta.o(.text)
    __aeabi_memclr4                          0x08000315   Thumb Code     0  memseta.o(.text)
    __aeabi_memclr8                          0x08000315   Thumb Code     0  memseta.o(.text)
    memset                                   0x08000319   Thumb Code    18  memseta.o(.text)
    __aeabi_f2d                              0x0800032b   Thumb Code    38  f2d.o(.text)
    __aeabi_uidiv                            0x08000351   Thumb Code     0  uidiv.o(.text)
    __aeabi_uidivmod                         0x08000351   Thumb Code    44  uidiv.o(.text)
    __aeabi_llsl                             0x0800037d   Thumb Code    30  llshl.o(.text)
    _ll_shift_l                              0x0800037d   Thumb Code     0  llshl.o(.text)
    __aeabi_llsr                             0x0800039b   Thumb Code    32  llushr.o(.text)
    _ll_ushift_r                             0x0800039b   Thumb Code     0  llushr.o(.text)
    __I$use$fp                               0x080003bb   Thumb Code     0  iusefp.o(.text)
    __aeabi_dadd                             0x080003bb   Thumb Code   322  dadd.o(.text)
    __aeabi_dsub                             0x080004fd   Thumb Code     6  dadd.o(.text)
    __aeabi_drsub                            0x08000503   Thumb Code     6  dadd.o(.text)
    __aeabi_dmul                             0x08000509   Thumb Code   228  dmul.o(.text)
    __aeabi_ddiv                             0x080005ed   Thumb Code   222  ddiv.o(.text)
    __aeabi_d2ulz                            0x080006cb   Thumb Code    48  dfixul.o(.text)
    __aeabi_cdrcmple                         0x080006fd   Thumb Code    48  cdrcmple.o(.text)
    __scatterload                            0x0800072d   Thumb Code    28  init.o(.text)
    __scatterload_rt2                        0x0800072d   Thumb Code     0  init.o(.text)
    __aeabi_lasr                             0x08000751   Thumb Code    36  llsshr.o(.text)
    _ll_sshift_r                             0x08000751   Thumb Code     0  llsshr.o(.text)
    _double_round                            0x08000775   Thumb Code    30  depilogue.o(.text)
    _double_epilogue                         0x08000793   Thumb Code   156  depilogue.o(.text)
    BusFault_Handler                         0x0800082f   Thumb Code     2  stm32f4xx_it.o(i.BusFault_Handler)
    DebugMon_Handler                         0x08000831   Thumb Code     2  stm32f4xx_it.o(i.DebugMon_Handler)
    Error_Handler                            0x08000833   Thumb Code     4  main.o(i.Error_Handler)
    HAL_DMA_Abort                            0x08000837   Thumb Code   146  stm32f4xx_hal_dma.o(i.HAL_DMA_Abort)
    HAL_DMA_Abort_IT                         0x080008c9   Thumb Code    36  stm32f4xx_hal_dma.o(i.HAL_DMA_Abort_IT)
    HAL_Delay                                0x080008ed   Thumb Code    32  stm32f4xx_hal.o(i.HAL_Delay)
    HAL_GPIO_Init                            0x08000911   Thumb Code   450  stm32f4xx_hal_gpio.o(i.HAL_GPIO_Init)
    HAL_GPIO_TogglePin                       0x08000b01   Thumb Code    16  stm32f4xx_hal_gpio.o(i.HAL_GPIO_TogglePin)
    HAL_GPIO_WritePin                        0x08000b11   Thumb Code    10  stm32f4xx_hal_gpio.o(i.HAL_GPIO_WritePin)
    HAL_GetTick                              0x08000b1d   Thumb Code     6  stm32f4xx_hal.o(i.HAL_GetTick)
    HAL_I2C_Init                             0x08000b29   Thumb Code   376  stm32f4xx_hal_i2c.o(i.HAL_I2C_Init)
    HAL_I2C_Master_Transmit                  0x08000cb1   Thumb Code   290  stm32f4xx_hal_i2c.o(i.HAL_I2C_Master_Transmit)
    HAL_I2C_MspInit                          0x08000ddd   Thumb Code    92  i2c.o(i.HAL_I2C_MspInit)
    HAL_IncTick                              0x08000e45   Thumb Code    12  stm32f4xx_hal.o(i.HAL_IncTick)
    HAL_Init                                 0x08000e55   Thumb Code    48  stm32f4xx_hal.o(i.HAL_Init)
    HAL_InitTick                             0x08000e89   Thumb Code    54  stm32f4xx_hal.o(i.HAL_InitTick)
    HAL_MspInit                              0x08000ec9   Thumb Code    52  stm32f4xx_hal_msp.o(i.HAL_MspInit)
    HAL_NVIC_EnableIRQ                       0x08000f01   Thumb Code    26  stm32f4xx_hal_cortex.o(i.HAL_NVIC_EnableIRQ)
    HAL_NVIC_SetPriority                     0x08000f1d   Thumb Code    60  stm32f4xx_hal_cortex.o(i.HAL_NVIC_SetPriority)
    HAL_NVIC_SetPriorityGrouping             0x08000f5d   Thumb Code    26  stm32f4xx_hal_cortex.o(i.HAL_NVIC_SetPriorityGrouping)
    HAL_RCC_ClockConfig                      0x08000f81   Thumb Code   288  stm32f4xx_hal_rcc.o(i.HAL_RCC_ClockConfig)
    HAL_RCC_GetPCLK1Freq                     0x080010b5   Thumb Code    20  stm32f4xx_hal_rcc.o(i.HAL_RCC_GetPCLK1Freq)
    HAL_RCC_GetPCLK2Freq                     0x080010d5   Thumb Code    20  stm32f4xx_hal_rcc.o(i.HAL_RCC_GetPCLK2Freq)
    HAL_RCC_GetSysClockFreq                  0x080010f5   Thumb Code    88  stm32f4xx_hal_rcc.o(i.HAL_RCC_GetSysClockFreq)
    HAL_RCC_OscConfig                        0x08001155   Thumb Code   856  stm32f4xx_hal_rcc.o(i.HAL_RCC_OscConfig)
    HAL_SYSTICK_Config                       0x080014c1   Thumb Code    40  stm32f4xx_hal_cortex.o(i.HAL_SYSTICK_Config)
    HAL_TIMEx_BreakCallback                  0x080014e9   Thumb Code     2  stm32f4xx_hal_tim_ex.o(i.HAL_TIMEx_BreakCallback)
    HAL_TIMEx_CommutCallback                 0x080014eb   Thumb Code     2  stm32f4xx_hal_tim_ex.o(i.HAL_TIMEx_CommutCallback)
    HAL_TIMEx_MasterConfigSynchronization    0x080014ed   Thumb Code   116  stm32f4xx_hal_tim_ex.o(i.HAL_TIMEx_MasterConfigSynchronization)
    HAL_TIM_Base_Init                        0x0800157d   Thumb Code    90  stm32f4xx_hal_tim.o(i.HAL_TIM_Base_Init)
    HAL_TIM_Base_MspInit                     0x080015d9   Thumb Code    50  tim.o(i.HAL_TIM_Base_MspInit)
    HAL_TIM_Base_Start_IT                    0x08001615   Thumb Code   100  stm32f4xx_hal_tim.o(i.HAL_TIM_Base_Start_IT)
    HAL_TIM_ConfigClockSource                0x08001695   Thumb Code   220  stm32f4xx_hal_tim.o(i.HAL_TIM_ConfigClockSource)
    HAL_TIM_Encoder_Init                     0x08001771   Thumb Code   164  stm32f4xx_hal_tim.o(i.HAL_TIM_Encoder_Init)
    HAL_TIM_Encoder_MspInit                  0x08001815   Thumb Code   198  tim.o(i.HAL_TIM_Encoder_MspInit)
    HAL_TIM_IC_CaptureCallback               0x080018f1   Thumb Code     2  stm32f4xx_hal_tim.o(i.HAL_TIM_IC_CaptureCallback)
    HAL_TIM_IRQHandler                       0x080018f3   Thumb Code   358  stm32f4xx_hal_tim.o(i.HAL_TIM_IRQHandler)
    HAL_TIM_MspPostInit                      0x08001a59   Thumb Code   106  tim.o(i.HAL_TIM_MspPostInit)
    HAL_TIM_OC_DelayElapsedCallback          0x08001ad1   Thumb Code     2  stm32f4xx_hal_tim.o(i.HAL_TIM_OC_DelayElapsedCallback)
    HAL_TIM_PWM_ConfigChannel                0x08001ad3   Thumb Code   204  stm32f4xx_hal_tim.o(i.HAL_TIM_PWM_ConfigChannel)
    HAL_TIM_PWM_Init                         0x08001b9f   Thumb Code    90  stm32f4xx_hal_tim.o(i.HAL_TIM_PWM_Init)
    HAL_TIM_PWM_MspInit                      0x08001bf9   Thumb Code    30  tim.o(i.HAL_TIM_PWM_MspInit)
    HAL_TIM_PWM_PulseFinishedCallback        0x08001c1d   Thumb Code     2  stm32f4xx_hal_tim.o(i.HAL_TIM_PWM_PulseFinishedCallback)
    HAL_TIM_PWM_Start                        0x08001c21   Thumb Code   172  stm32f4xx_hal_tim.o(i.HAL_TIM_PWM_Start)
    HAL_TIM_PeriodElapsedCallback            0x08001ce9   Thumb Code    86  my_tim.o(i.HAL_TIM_PeriodElapsedCallback)
    HAL_TIM_TriggerCallback                  0x08001d51   Thumb Code     2  stm32f4xx_hal_tim.o(i.HAL_TIM_TriggerCallback)
    HAL_UARTEx_RxEventCallback               0x08001d53   Thumb Code     2  stm32f4xx_hal_uart.o(i.HAL_UARTEx_RxEventCallback)
    HAL_UART_ErrorCallback                   0x08001d55   Thumb Code     2  stm32f4xx_hal_uart.o(i.HAL_UART_ErrorCallback)
    HAL_UART_IRQHandler                      0x08001d59   Thumb Code   610  stm32f4xx_hal_uart.o(i.HAL_UART_IRQHandler)
    HAL_UART_Init                            0x08001fc1   Thumb Code    98  stm32f4xx_hal_uart.o(i.HAL_UART_Init)
    HAL_UART_MspInit                         0x08002025   Thumb Code   106  usart.o(i.HAL_UART_MspInit)
    HAL_UART_RxCpltCallback                  0x0800209d   Thumb Code     2  stm32f4xx_hal_uart.o(i.HAL_UART_RxCpltCallback)
    HAL_UART_Transmit                        0x080020a1   Thumb Code   178  stm32f4xx_hal_uart.o(i.HAL_UART_Transmit)
    HAL_UART_TxCpltCallback                  0x08002153   Thumb Code     2  stm32f4xx_hal_uart.o(i.HAL_UART_TxCpltCallback)
    HardFault_Handler                        0x08002155   Thumb Code     2  stm32f4xx_it.o(i.HardFault_Handler)
    MX_FREERTOS_Init                         0x080023b9   Thumb Code    46  freertos.o(i.MX_FREERTOS_Init)
    MX_GPIO_Init                             0x080023fd   Thumb Code   178  gpio.o(i.MX_GPIO_Init)
    MX_I2C1_Init                             0x080024bd   Thumb Code    50  i2c.o(i.MX_I2C1_Init)
    MX_TIM1_Init                             0x080024fd   Thumb Code   100  tim.o(i.MX_TIM1_Init)
    MX_TIM2_Init                             0x08002569   Thumb Code   122  tim.o(i.MX_TIM2_Init)
    MX_TIM8_Init                             0x080025e9   Thumb Code   100  tim.o(i.MX_TIM8_Init)
    MX_TIM9_Init                             0x08002655   Thumb Code    68  tim.o(i.MX_TIM9_Init)
    MX_UART4_Init                            0x080026a1   Thumb Code    48  usart.o(i.MX_UART4_Init)
    MemManage_Handler                        0x080026d9   Thumb Code     2  stm32f4xx_it.o(i.MemManage_Handler)
    NMI_Handler                              0x080026db   Thumb Code     2  stm32f4xx_it.o(i.NMI_Handler)
    PID_calc                                 0x080026dd   Thumb Code   292  pid.o(i.PID_calc)
    PID_devices_Init                         0x08002805   Thumb Code    84  pid_user.o(i.PID_devices_Init)
    PID_init                                 0x08002869   Thumb Code    88  pid.o(i.PID_init)
    PID_postions_realize_1                   0x080028c5   Thumb Code    56  pid_user.o(i.PID_postions_realize_1)
    Read_Encoder                             0x08002905   Thumb Code    14  my_motor.o(i.Read_Encoder)
    StartDefaultTask                         0x08002913   Thumb Code     8  freertos.o(i.StartDefaultTask)
    SysTick_Handler                          0x0800291b   Thumb Code    24  stm32f4xx_it.o(i.SysTick_Handler)
    SystemClock_Config                       0x08002935   Thumb Code   138  main.o(i.SystemClock_Config)
    SystemInit                               0x080029c9   Thumb Code    12  system_stm32f4xx.o(i.SystemInit)
    TIM1_BRK_TIM9_IRQHandler                 0x080029d9   Thumb Code    18  stm32f4xx_it.o(i.TIM1_BRK_TIM9_IRQHandler)
    TIM1_UP_TIM10_IRQHandler                 0x080029f5   Thumb Code     6  stm32f4xx_it.o(i.TIM1_UP_TIM10_IRQHandler)
    TIM8_UP_TIM13_IRQHandler                 0x08002a01   Thumb Code     6  stm32f4xx_it.o(i.TIM8_UP_TIM13_IRQHandler)
    TIM_Base_SetConfig                       0x08002a0d   Thumb Code   156  stm32f4xx_hal_tim.o(i.TIM_Base_SetConfig)
    TIM_CCxChannelCmd                        0x08002ad5   Thumb Code    26  stm32f4xx_hal_tim.o(i.TIM_CCxChannelCmd)
    TIM_ETR_SetConfig                        0x08002aef   Thumb Code    20  stm32f4xx_hal_tim.o(i.TIM_ETR_SetConfig)
    TIM_OC2_SetConfig                        0x08002b75   Thumb Code    98  stm32f4xx_hal_tim.o(i.TIM_OC2_SetConfig)
    UART4_IRQHandler                         0x08002ce1   Thumb Code     6  stm32f4xx_it.o(i.UART4_IRQHandler)
    UsageFault_Handler                       0x08002f91   Thumb Code     2  stm32f4xx_it.o(i.UsageFault_Handler)
    __0printf                                0x08002f95   Thumb Code    22  printfa.o(i.__0printf)
    __1printf                                0x08002f95   Thumb Code     0  printfa.o(i.__0printf)
    __2printf                                0x08002f95   Thumb Code     0  printfa.o(i.__0printf)
    __c89printf                              0x08002f95   Thumb Code     0  printfa.o(i.__0printf)
    printf                                   0x08002f95   Thumb Code     0  printfa.o(i.__0printf)
    __scatterload_copy                       0x08002fd5   Thumb Code    14  handlers.o(i.__scatterload_copy)
    __scatterload_null                       0x08002fe3   Thumb Code     2  handlers.o(i.__scatterload_null)
    __scatterload_zeroinit                   0x08002fe5   Thumb Code    14  handlers.o(i.__scatterload_zeroinit)
    chassis_Move_Task                        0x080038a9   Thumb Code    70  my_tasks.o(i.chassis_Move_Task)
    fputc                                    0x08003909   Thumb Code    20  my_usart.o(i.fputc)
    led_blink_Task                           0x08003921   Thumb Code    42  my_tasks.o(i.led_blink_Task)
    main                                     0x08003955   Thumb Code   284  main.o(i.main)
    motor_init                               0x08003a81   Thumb Code    98  my_motor.o(i.motor_init)
    motor_two_dirver                         0x08003ae5   Thumb Code   142  my_motor.o(i.motor_two_dirver)
    my_gpio_init                             0x08003b7d   Thumb Code    74  my_gpio.o(i.my_gpio_init)
    my_tim_init                              0x08003bd1   Thumb Code    32  my_tim.o(i.my_tim_init)
    osDelay                                  0x08003bf5   Thumb Code    26  cmsis_os2.o(i.osDelay)
    osKernelInitialize                       0x08003c11   Thumb Code    32  cmsis_os2.o(i.osKernelInitialize)
    osKernelStart                            0x08003c35   Thumb Code    48  cmsis_os2.o(i.osKernelStart)
    osThreadNew                              0x08003c6d   Thumb Code   138  cmsis_os2.o(i.osThreadNew)
    pvPortMalloc                             0x0800448d   Thumb Code   216  heap_4.o(i.pvPortMalloc)
    pxPortInitialiseStack                    0x08004569   Thumb Code    40  port.o(i.pxPortInitialiseStack)
    speed_Encoder                            0x08004595   Thumb Code    20  my_motor.o(i.speed_Encoder)
    u8g2_ClearBuffer                         0x080045a9   Thumb Code    20  u8g2_buffer.o(i.u8g2_ClearBuffer)
    u8g2_ClearDisplay                        0x080045bd   Thumb Code    30  u8g2_cleardisplay.o(i.u8g2_ClearDisplay)
    u8g2_DrawCircle                          0x080045db   Thumb Code    64  u8g2_circle.o(i.u8g2_DrawCircle)
    u8g2_DrawGlyph                           0x0800461b   Thumb Code   112  u8g2_font.o(i.u8g2_DrawGlyph)
    u8g2_DrawHVLine                          0x0800468d   Thumb Code   172  u8g2_hvline.o(i.u8g2_DrawHVLine)
    u8g2_DrawPixel                           0x08004739   Thumb Code    46  u8g2_hvline.o(i.u8g2_DrawPixel)
    u8g2_DrawUTF8                            0x08004769   Thumb Code    12  u8g2_font.o(i.u8g2_DrawUTF8)
    u8g2_FirstPage                           0x08004779   Thumb Code    28  u8g2_buffer.o(i.u8g2_FirstPage)
    u8g2_IsIntersection                      0x08004795   Thumb Code    48  u8g2_intersection.o(i.u8g2_IsIntersection)
    u8g2_NextPage                            0x080047c5   Thumb Code    62  u8g2_buffer.o(i.u8g2_NextPage)
    u8g2_SendBuffer                          0x08004803   Thumb Code    18  u8g2_buffer.o(i.u8g2_SendBuffer)
    u8g2_SetBufferCurrTileRow                0x08004815   Thumb Code    28  u8g2_buffer.o(i.u8g2_SetBufferCurrTileRow)
    u8g2_SetFont                             0x08004831   Thumb Code    32  u8g2_font.o(i.u8g2_SetFont)
    u8g2_SetFontPosBaseline                  0x08004851   Thumb Code     6  u8g2_font.o(i.u8g2_SetFontPosBaseline)
    u8g2_SetMaxClipWindow                    0x0800485d   Thumb Code    28  u8g2_setup.o(i.u8g2_SetMaxClipWindow)
    u8g2_SetupBuffer                         0x08004879   Thumb Code    70  u8g2_setup.o(i.u8g2_SetupBuffer)
    u8g2_Setup_ssd1306_i2c_128x64_noname_f   0x080048c1   Thumb Code    42  u8g2_d_setup.o(i.u8g2_Setup_ssd1306_i2c_128x64_noname_f)
    u8g2_UpdateRefHeight                     0x080048f9   Thumb Code    82  u8g2_font.o(i.u8g2_UpdateRefHeight)
    u8g2_add_vector_x                        0x0800494b   Thumb Code    28  u8g2_font.o(i.u8g2_add_vector_x)
    u8g2_add_vector_y                        0x08004967   Thumb Code    28  u8g2_font.o(i.u8g2_add_vector_y)
    u8g2_draw_hv_line_2dir                   0x08004b51   Thumb Code    18  u8g2_hvline.o(i.u8g2_draw_hv_line_2dir)
    u8g2_draw_l90_r0                         0x08004b63   Thumb Code    12  u8g2_setup.o(i.u8g2_draw_l90_r0)
    u8g2_font_calc_vref_font                 0x08004be5   Thumb Code     4  u8g2_font.o(i.u8g2_font_calc_vref_font)
    u8g2_font_decode_get_signed_bits         0x08004be9   Thumb Code    20  u8g2_font.o(i.u8g2_font_decode_get_signed_bits)
    u8g2_font_decode_get_unsigned_bits       0x08004bfd   Thumb Code    52  u8g2_font.o(i.u8g2_font_decode_get_unsigned_bits)
    u8g2_font_decode_glyph                   0x08004c31   Thumb Code   276  u8g2_font.o(i.u8g2_font_decode_glyph)
    u8g2_font_decode_len                     0x08004d45   Thumb Code   140  u8g2_font.o(i.u8g2_font_decode_len)
    u8g2_font_get_glyph_data                 0x08004dd1   Thumb Code   114  u8g2_font.o(i.u8g2_font_get_glyph_data)
    u8g2_gpio_and_delay_stm32                0x08004e8b   Thumb Code    32  my_iic.o(i.u8g2_gpio_and_delay_stm32)
    u8g2_init                                0x08004ead   Thumb Code    88  my_iic.o(i.u8g2_init)
    u8g2_is_intersection_decision_tree       0x08004f25   Thumb Code    24  u8g2_intersection.o(i.u8g2_is_intersection_decision_tree)
    u8g2_ll_hvline_vertical_top_lsb          0x08004f3d   Thumb Code   144  u8g2_ll_hvline.o(i.u8g2_ll_hvline_vertical_top_lsb)
    u8g2_m_16_8_f                            0x08004fcd   Thumb Code     8  u8g2_d_memory.o(i.u8g2_m_16_8_f)
    u8g2_read_font_info                      0x08004fd9   Thumb Code   106  u8g2_font.o(i.u8g2_read_font_info)
    u8g2_update_dimension_r0                 0x080050d7   Thumb Code     4  u8g2_setup.o(i.u8g2_update_dimension_r0)
    u8g2_update_page_win_r0                  0x080050db   Thumb Code    34  u8g2_setup.o(i.u8g2_update_page_win_r0)
    u8x8_DrawTile                            0x080050fd   Thumb Code    30  u8x8_display.o(i.u8x8_DrawTile)
    u8x8_InitDisplay                         0x0800511b   Thumb Code    16  u8x8_display.o(i.u8x8_InitDisplay)
    u8x8_RefreshDisplay                      0x0800512b   Thumb Code    16  u8x8_display.o(i.u8x8_RefreshDisplay)
    u8x8_SetPowerSave                        0x0800513b   Thumb Code    16  u8x8_display.o(i.u8x8_SetPowerSave)
    u8x8_Setup                               0x0800514b   Thumb Code    34  u8x8_setup.o(i.u8x8_Setup)
    u8x8_SetupDefaults                       0x0800516d   Thumb Code    32  u8x8_setup.o(i.u8x8_SetupDefaults)
    u8x8_SetupMemory                         0x08005191   Thumb Code    16  u8x8_display.o(i.u8x8_SetupMemory)
    u8x8_byte_EndTransfer                    0x080051a1   Thumb Code    16  u8x8_byte.o(i.u8x8_byte_EndTransfer)
    u8x8_byte_SendByte                       0x080051b1   Thumb Code    14  u8x8_byte.o(i.u8x8_byte_SendByte)
    u8x8_byte_StartTransfer                  0x080051bf   Thumb Code    16  u8x8_byte.o(i.u8x8_byte_StartTransfer)
    u8x8_byte_hw_i2c                         0x080051d1   Thumb Code    80  my_iic.o(i.u8x8_byte_hw_i2c)
    u8x8_cad_EndTransfer                     0x0800522d   Thumb Code    16  u8x8_cad.o(i.u8x8_cad_EndTransfer)
    u8x8_cad_SendArg                         0x0800523d   Thumb Code    16  u8x8_cad.o(i.u8x8_cad_SendArg)
    u8x8_cad_SendCmd                         0x0800524d   Thumb Code    16  u8x8_cad.o(i.u8x8_cad_SendCmd)
    u8x8_cad_SendData                        0x0800525d   Thumb Code    16  u8x8_cad.o(i.u8x8_cad_SendData)
    u8x8_cad_SendSequence                    0x0800526d   Thumb Code   104  u8x8_cad.o(i.u8x8_cad_SendSequence)
    u8x8_cad_StartTransfer                   0x080052d5   Thumb Code    16  u8x8_cad.o(i.u8x8_cad_StartTransfer)
    u8x8_cad_ssd13xx_fast_i2c                0x080052e5   Thumb Code   182  u8x8_cad.o(i.u8x8_cad_ssd13xx_fast_i2c)
    u8x8_d_helper_display_init               0x080053a1   Thumb Code    96  u8x8_display.o(i.u8x8_d_helper_display_init)
    u8x8_d_helper_display_setup_memory       0x08005401   Thumb Code    10  u8x8_display.o(i.u8x8_d_helper_display_setup_memory)
    u8x8_d_ssd1306_128x64_noname             0x0800540d   Thumb Code    52  u8x8_d_ssd1306_128x64_noname.o(i.u8x8_d_ssd1306_128x64_noname)
    u8x8_dummy_cb                            0x08005511   Thumb Code     4  u8x8_setup.o(i.u8x8_dummy_cb)
    u8x8_gpio_call                           0x08005515   Thumb Code    12  u8x8_gpio.o(i.u8x8_gpio_call)
    u8x8_utf8_init                           0x0800554d   Thumb Code     8  u8x8_8x8.o(i.u8x8_utf8_init)
    u8x8_utf8_next                           0x08005555   Thumb Code   144  u8x8_8x8.o(i.u8x8_utf8_next)
    uxListRemove                             0x080055e5   Thumb Code    38  list.o(i.uxListRemove)
    vApplicationGetIdleTaskMemory            0x0800560d   Thumb Code    16  cmsis_os2.o(i.vApplicationGetIdleTaskMemory)
    vApplicationGetTimerTaskMemory           0x08005621   Thumb Code    18  cmsis_os2.o(i.vApplicationGetTimerTaskMemory)
    vListInitialise                          0x08005639   Thumb Code    22  list.o(i.vListInitialise)
    vListInitialiseItem                      0x0800564f   Thumb Code     6  list.o(i.vListInitialiseItem)
    vListInsert                              0x08005655   Thumb Code    48  list.o(i.vListInsert)
    vListInsertEnd                           0x08005685   Thumb Code    24  list.o(i.vListInsertEnd)
    vPortEnterCritical                       0x0800569d   Thumb Code    54  port.o(i.vPortEnterCritical)
    vPortExitCritical                        0x080056dd   Thumb Code    34  port.o(i.vPortExitCritical)
    vPortFree                                0x08005705   Thumb Code    94  heap_4.o(i.vPortFree)
    vPortSetupTimerInterrupt                 0x08005769   Thumb Code    32  port.o(i.vPortSetupTimerInterrupt)
    vPortValidateInterruptPriority           0x0800578d   Thumb Code    74  port.o(i.vPortValidateInterruptPriority)
    vQueueAddToRegistry                      0x080057e1   Thumb Code    34  queue.o(i.vQueueAddToRegistry)
    vQueueWaitForMessageRestricted           0x08005809   Thumb Code    68  queue.o(i.vQueueWaitForMessageRestricted)
    vTaskDelay                               0x0800584d   Thumb Code    66  tasks.o(i.vTaskDelay)
    vTaskInternalSetTimeOutState             0x08005899   Thumb Code    12  tasks.o(i.vTaskInternalSetTimeOutState)
    vTaskMissedYield                         0x080058a9   Thumb Code     8  tasks.o(i.vTaskMissedYield)
    vTaskPlaceOnEventList                    0x080058b5   Thumb Code    44  tasks.o(i.vTaskPlaceOnEventList)
    vTaskPlaceOnEventListRestricted          0x080058e5   Thumb Code    52  tasks.o(i.vTaskPlaceOnEventListRestricted)
    vTaskStartScheduler                      0x0800591d   Thumb Code   118  tasks.o(i.vTaskStartScheduler)
    vTaskSuspendAll                          0x080059a5   Thumb Code    10  tasks.o(i.vTaskSuspendAll)
    vTaskSwitchContext                       0x080059b5   Thumb Code    90  tasks.o(i.vTaskSwitchContext)
    xPortStartScheduler                      0x08005a19   Thumb Code   222  port.o(i.xPortStartScheduler)
    xPortSysTickHandler                      0x08005b0d   Thumb Code    38  port.o(i.xPortSysTickHandler)
    xQueueGenericCreateStatic                0x08005b39   Thumb Code   102  queue.o(i.xQueueGenericCreateStatic)
    xQueueGenericReset                       0x08005ba1   Thumb Code   132  queue.o(i.xQueueGenericReset)
    xQueueGenericSend                        0x08005c29   Thumb Code   346  queue.o(i.xQueueGenericSend)
    xQueueGenericSendFromISR                 0x08005d89   Thumb Code   190  queue.o(i.xQueueGenericSendFromISR)
    xQueueReceive                            0x08005e49   Thumb Code   308  queue.o(i.xQueueReceive)
    xTaskCheckForTimeOut                     0x08005f81   Thumb Code   112  tasks.o(i.xTaskCheckForTimeOut)
    xTaskCreate                              0x08005ff5   Thumb Code    90  tasks.o(i.xTaskCreate)
    xTaskCreateStatic                        0x0800604f   Thumb Code    86  tasks.o(i.xTaskCreateStatic)
    xTaskGetSchedulerState                   0x080060a5   Thumb Code    22  tasks.o(i.xTaskGetSchedulerState)
    xTaskGetTickCount                        0x080060c1   Thumb Code     6  tasks.o(i.xTaskGetTickCount)
    xTaskIncrementTick                       0x080060cd   Thumb Code   192  tasks.o(i.xTaskIncrementTick)
    xTaskPriorityDisinherit                  0x08006195   Thumb Code   118  tasks.o(i.xTaskPriorityDisinherit)
    xTaskRemoveFromEventList                 0x08006215   Thumb Code    98  tasks.o(i.xTaskRemoveFromEventList)
    xTaskResumeAll                           0x08006285   Thumb Code   182  tasks.o(i.xTaskResumeAll)
    xTimerCreateTimerTask                    0x08006349   Thumb Code    78  timers.o(i.xTimerCreateTimerTask)
    xTimerGenericCommand                     0x080063a9   Thumb Code    98  timers.o(i.xTimerGenericCommand)
    defaultTask_attributes                   0x08006410   Data          36  freertos.o(.constdata)
    led_blink_attributes                     0x08006434   Data          36  freertos.o(.constdata)
    chassis_Move_attributes                  0x08006458   Data          36  freertos.o(.constdata)
    AHBPrescTable                            0x0800647c   Data          16  system_stm32f4xx.o(.constdata)
    APBPrescTable                            0x0800648c   Data           8  system_stm32f4xx.o(.constdata)
    u8g2_font_wqy16_t_chinese1               0x08006494   Data       13882  u8g2_fonts.o(.constdata)
    u8g2_cb_r0                               0x08009ad0   Data          12  u8g2_setup.o(.constdata)
    Region$$Table$$Base                      0x08009c5c   Number         0  anon$$obj.o(Region$$Table)
    Region$$Table$$Limit                     0x08009c7c   Number         0  anon$$obj.o(Region$$Table)
    defaultTaskHandle                        0x20000000   Data           4  freertos.o(.data)
    led_blinkHandle                          0x20000004   Data           4  freertos.o(.data)
    chassis_MoveHandle                       0x20000008   Data           4  freertos.o(.data)
    uwTickFreq                               0x2000000c   Data           1  stm32f4xx_hal.o(.data)
    uwTickPrio                               0x20000010   Data           4  stm32f4xx_hal.o(.data)
    uwTick                                   0x20000014   Data           4  stm32f4xx_hal.o(.data)
    SystemCoreClock                          0x20000018   Data           4  system_stm32f4xx.o(.data)
    motor_postion_motor_pid                  0x2000001c   Data          12  pid_user.o(.data)
    motor_speed_motor_pid                    0x20000028   Data          12  pid_user.o(.data)
    pxCurrentTCB                             0x20000038   Data           4  tasks.o(.data)
    a                                        0x200000b8   Data           4  my_tasks.o(.data)
    __stdout                                 0x200000c4   Data           4  stdout.o(.data)
    hi2c1                                    0x200000c8   Data          84  i2c.o(.bss)
    htim1                                    0x2000011c   Data          72  tim.o(.bss)
    htim2                                    0x20000164   Data          72  tim.o(.bss)
    htim8                                    0x200001ac   Data          72  tim.o(.bss)
    htim9                                    0x200001f4   Data          72  tim.o(.bss)
    huart4                                   0x2000023c   Data          68  usart.o(.bss)
    MOTOR                                    0x20000280   Data         176  my_motor.o(.bss)
    pid_v_1                                  0x20000330   Data         144  pid_user.o(.bss)
    pid_p_1                                  0x200003c0   Data         144  pid_user.o(.bss)
    u8g2                                     0x20000470   Data         148  my_iic.o(.bss)
    xQueueRegistry                           0x20000504   Data          64  queue.o(.bss)
    __initial_sp                             0x200055d8   Data           0  startup_stm32f407xx.o(STACK)



==============================================================================

Memory Map of the image

  Image Entry point : 0x08000189

  Load Region LR_IROM1 (Base: 0x08000000, Size: 0x00009d44, Max: 0x00100000, ABSOLUTE)

    Execution Region ER_IROM1 (Exec base: 0x08000000, Load base: 0x08000000, Size: 0x00009c7c, Max: 0x00100000, ABSOLUTE)

    Exec Addr    Load Addr    Size         Type   Attr      Idx    E Section Name        Object

    0x08000000   0x08000000   0x00000188   Data   RO            3    RESET               startup_stm32f407xx.o
    0x08000188   0x08000188   0x00000000   Code   RO        10503  * .ARM.Collect$$$$00000000  mc_w.l(entry.o)
    0x08000188   0x08000188   0x00000004   Code   RO        10779    .ARM.Collect$$$$00000001  mc_w.l(entry2.o)
    0x0800018c   0x0800018c   0x00000004   Code   RO        10782    .ARM.Collect$$$$00000004  mc_w.l(entry5.o)
    0x08000190   0x08000190   0x00000000   Code   RO        10784    .ARM.Collect$$$$00000008  mc_w.l(entry7b.o)
    0x08000190   0x08000190   0x00000000   Code   RO        10786    .ARM.Collect$$$$0000000A  mc_w.l(entry8b.o)
    0x08000190   0x08000190   0x00000008   Code   RO        10787    .ARM.Collect$$$$0000000B  mc_w.l(entry9a.o)
    0x08000198   0x08000198   0x00000000   Code   RO        10789    .ARM.Collect$$$$0000000D  mc_w.l(entry10a.o)
    0x08000198   0x08000198   0x00000000   Code   RO        10791    .ARM.Collect$$$$0000000F  mc_w.l(entry11a.o)
    0x08000198   0x08000198   0x00000004   Code   RO        10780    .ARM.Collect$$$$00002712  mc_w.l(entry2.o)
    0x0800019c   0x0800019c   0x000000be   Code   RO         5753    .emb_text           port.o
    0x0800025a   0x0800025a   0x00000002   PAD
    0x0800025c   0x0800025c   0x00000024   Code   RO            4    .text               startup_stm32f407xx.o
    0x08000280   0x08000280   0x00000062   Code   RO        10506    .text               mc_w.l(uldiv.o)
    0x080002e2   0x080002e2   0x00000024   Code   RO        10508    .text               mc_w.l(memcpya.o)
    0x08000306   0x08000306   0x00000024   Code   RO        10512    .text               mc_w.l(memseta.o)
    0x0800032a   0x0800032a   0x00000026   Code   RO        10777    .text               mf_w.l(f2d.o)
    0x08000350   0x08000350   0x0000002c   Code   RO        10794    .text               mc_w.l(uidiv.o)
    0x0800037c   0x0800037c   0x0000001e   Code   RO        10796    .text               mc_w.l(llshl.o)
    0x0800039a   0x0800039a   0x00000020   Code   RO        10798    .text               mc_w.l(llushr.o)
    0x080003ba   0x080003ba   0x00000000   Code   RO        10800    .text               mc_w.l(iusefp.o)
    0x080003ba   0x080003ba   0x0000014e   Code   RO        10801    .text               mf_w.l(dadd.o)
    0x08000508   0x08000508   0x000000e4   Code   RO        10803    .text               mf_w.l(dmul.o)
    0x080005ec   0x080005ec   0x000000de   Code   RO        10805    .text               mf_w.l(ddiv.o)
    0x080006ca   0x080006ca   0x00000030   Code   RO        10807    .text               mf_w.l(dfixul.o)
    0x080006fa   0x080006fa   0x00000002   PAD
    0x080006fc   0x080006fc   0x00000030   Code   RO        10809    .text               mf_w.l(cdrcmple.o)
    0x0800072c   0x0800072c   0x00000024   Code   RO        10811    .text               mc_w.l(init.o)
    0x08000750   0x08000750   0x00000024   Code   RO        10813    .text               mc_w.l(llsshr.o)
    0x08000774   0x08000774   0x000000ba   Code   RO        10815    .text               mf_w.l(depilogue.o)
    0x0800082e   0x0800082e   0x00000002   Code   RO          488    i.BusFault_Handler  stm32f4xx_it.o
    0x08000830   0x08000830   0x00000002   Code   RO          489    i.DebugMon_Handler  stm32f4xx_it.o
    0x08000832   0x08000832   0x00000004   Code   RO           13    i.Error_Handler     main.o
    0x08000836   0x08000836   0x00000092   Code   RO         1061    i.HAL_DMA_Abort     stm32f4xx_hal_dma.o
    0x080008c8   0x080008c8   0x00000024   Code   RO         1062    i.HAL_DMA_Abort_IT  stm32f4xx_hal_dma.o
    0x080008ec   0x080008ec   0x00000024   Code   RO         1480    i.HAL_Delay         stm32f4xx_hal.o
    0x08000910   0x08000910   0x000001f0   Code   RO          954    i.HAL_GPIO_Init     stm32f4xx_hal_gpio.o
    0x08000b00   0x08000b00   0x00000010   Code   RO          957    i.HAL_GPIO_TogglePin  stm32f4xx_hal_gpio.o
    0x08000b10   0x08000b10   0x0000000a   Code   RO          958    i.HAL_GPIO_WritePin  stm32f4xx_hal_gpio.o
    0x08000b1a   0x08000b1a   0x00000002   PAD
    0x08000b1c   0x08000b1c   0x0000000c   Code   RO         1486    i.HAL_GetTick       stm32f4xx_hal.o
    0x08000b28   0x08000b28   0x00000188   Code   RO         1742    i.HAL_I2C_Init      stm32f4xx_hal_i2c.o
    0x08000cb0   0x08000cb0   0x0000012c   Code   RO         1755    i.HAL_I2C_Master_Transmit  stm32f4xx_hal_i2c.o
    0x08000ddc   0x08000ddc   0x00000068   Code   RO          315    i.HAL_I2C_MspInit   i2c.o
    0x08000e44   0x08000e44   0x00000010   Code   RO         1492    i.HAL_IncTick       stm32f4xx_hal.o
    0x08000e54   0x08000e54   0x00000034   Code   RO         1493    i.HAL_Init          stm32f4xx_hal.o
    0x08000e88   0x08000e88   0x00000040   Code   RO         1494    i.HAL_InitTick      stm32f4xx_hal.o
    0x08000ec8   0x08000ec8   0x00000038   Code   RO          575    i.HAL_MspInit       stm32f4xx_hal_msp.o
    0x08000f00   0x08000f00   0x0000001a   Code   RO         1343    i.HAL_NVIC_EnableIRQ  stm32f4xx_hal_cortex.o
    0x08000f1a   0x08000f1a   0x00000002   PAD
    0x08000f1c   0x08000f1c   0x00000040   Code   RO         1349    i.HAL_NVIC_SetPriority  stm32f4xx_hal_cortex.o
    0x08000f5c   0x08000f5c   0x00000024   Code   RO         1350    i.HAL_NVIC_SetPriorityGrouping  stm32f4xx_hal_cortex.o
    0x08000f80   0x08000f80   0x00000134   Code   RO          600    i.HAL_RCC_ClockConfig  stm32f4xx_hal_rcc.o
    0x080010b4   0x080010b4   0x00000020   Code   RO          607    i.HAL_RCC_GetPCLK1Freq  stm32f4xx_hal_rcc.o
    0x080010d4   0x080010d4   0x00000020   Code   RO          608    i.HAL_RCC_GetPCLK2Freq  stm32f4xx_hal_rcc.o
    0x080010f4   0x080010f4   0x00000060   Code   RO          609    i.HAL_RCC_GetSysClockFreq  stm32f4xx_hal_rcc.o
    0x08001154   0x08001154   0x0000036c   Code   RO          612    i.HAL_RCC_OscConfig  stm32f4xx_hal_rcc.o
    0x080014c0   0x080014c0   0x00000028   Code   RO         1354    i.HAL_SYSTICK_Config  stm32f4xx_hal_cortex.o
    0x080014e8   0x080014e8   0x00000002   Code   RO         2887    i.HAL_TIMEx_BreakCallback  stm32f4xx_hal_tim_ex.o
    0x080014ea   0x080014ea   0x00000002   Code   RO         2888    i.HAL_TIMEx_CommutCallback  stm32f4xx_hal_tim_ex.o
    0x080014ec   0x080014ec   0x00000090   Code   RO         2906    i.HAL_TIMEx_MasterConfigSynchronization  stm32f4xx_hal_tim_ex.o
    0x0800157c   0x0800157c   0x0000005a   Code   RO         2183    i.HAL_TIM_Base_Init  stm32f4xx_hal_tim.o
    0x080015d6   0x080015d6   0x00000002   PAD
    0x080015d8   0x080015d8   0x0000003c   Code   RO          357    i.HAL_TIM_Base_MspInit  tim.o
    0x08001614   0x08001614   0x00000080   Code   RO         2188    i.HAL_TIM_Base_Start_IT  stm32f4xx_hal_tim.o
    0x08001694   0x08001694   0x000000dc   Code   RO         2192    i.HAL_TIM_ConfigClockSource  stm32f4xx_hal_tim.o
    0x08001770   0x08001770   0x000000a4   Code   RO         2204    i.HAL_TIM_Encoder_Init  stm32f4xx_hal_tim.o
    0x08001814   0x08001814   0x000000dc   Code   RO          359    i.HAL_TIM_Encoder_MspInit  tim.o
    0x080018f0   0x080018f0   0x00000002   Code   RO         2217    i.HAL_TIM_IC_CaptureCallback  stm32f4xx_hal_tim.o
    0x080018f2   0x080018f2   0x00000166   Code   RO         2231    i.HAL_TIM_IRQHandler  stm32f4xx_hal_tim.o
    0x08001a58   0x08001a58   0x00000078   Code   RO          360    i.HAL_TIM_MspPostInit  tim.o
    0x08001ad0   0x08001ad0   0x00000002   Code   RO         2234    i.HAL_TIM_OC_DelayElapsedCallback  stm32f4xx_hal_tim.o
    0x08001ad2   0x08001ad2   0x000000cc   Code   RO         2255    i.HAL_TIM_PWM_ConfigChannel  stm32f4xx_hal_tim.o
    0x08001b9e   0x08001b9e   0x0000005a   Code   RO         2258    i.HAL_TIM_PWM_Init  stm32f4xx_hal_tim.o
    0x08001bf8   0x08001bf8   0x00000024   Code   RO          362    i.HAL_TIM_PWM_MspInit  tim.o
    0x08001c1c   0x08001c1c   0x00000002   Code   RO         2261    i.HAL_TIM_PWM_PulseFinishedCallback  stm32f4xx_hal_tim.o
    0x08001c1e   0x08001c1e   0x00000002   PAD
    0x08001c20   0x08001c20   0x000000c8   Code   RO         2263    i.HAL_TIM_PWM_Start  stm32f4xx_hal_tim.o
    0x08001ce8   0x08001ce8   0x00000068   Code   RO         4008    i.HAL_TIM_PeriodElapsedCallback  my_tim.o
    0x08001d50   0x08001d50   0x00000002   Code   RO         2274    i.HAL_TIM_TriggerCallback  stm32f4xx_hal_tim.o
    0x08001d52   0x08001d52   0x00000002   Code   RO         3165    i.HAL_UARTEx_RxEventCallback  stm32f4xx_hal_uart.o
    0x08001d54   0x08001d54   0x00000002   Code   RO         3179    i.HAL_UART_ErrorCallback  stm32f4xx_hal_uart.o
    0x08001d56   0x08001d56   0x00000002   PAD
    0x08001d58   0x08001d58   0x00000268   Code   RO         3182    i.HAL_UART_IRQHandler  stm32f4xx_hal_uart.o
    0x08001fc0   0x08001fc0   0x00000062   Code   RO         3183    i.HAL_UART_Init     stm32f4xx_hal_uart.o
    0x08002022   0x08002022   0x00000002   PAD
    0x08002024   0x08002024   0x00000078   Code   RO          447    i.HAL_UART_MspInit  usart.o
    0x0800209c   0x0800209c   0x00000002   Code   RO         3189    i.HAL_UART_RxCpltCallback  stm32f4xx_hal_uart.o
    0x0800209e   0x0800209e   0x00000002   PAD
    0x080020a0   0x080020a0   0x000000b2   Code   RO         3191    i.HAL_UART_Transmit  stm32f4xx_hal_uart.o
    0x08002152   0x08002152   0x00000002   Code   RO         3194    i.HAL_UART_TxCpltCallback  stm32f4xx_hal_uart.o
    0x08002154   0x08002154   0x00000002   Code   RO          490    i.HardFault_Handler  stm32f4xx_it.o
    0x08002156   0x08002156   0x0000002e   Code   RO         1784    i.I2C_IsAcknowledgeFailed  stm32f4xx_hal_i2c.o
    0x08002184   0x08002184   0x0000009c   Code   RO         1788    i.I2C_MasterRequestWrite  stm32f4xx_hal_i2c.o
    0x08002220   0x08002220   0x0000004c   Code   RO         1799    i.I2C_WaitOnBTFFlagUntilTimeout  stm32f4xx_hal_i2c.o
    0x0800226c   0x0800226c   0x00000068   Code   RO         1800    i.I2C_WaitOnFlagUntilTimeout  stm32f4xx_hal_i2c.o
    0x080022d4   0x080022d4   0x00000096   Code   RO         1801    i.I2C_WaitOnMasterAddressFlagUntilTimeout  stm32f4xx_hal_i2c.o
    0x0800236a   0x0800236a   0x0000004c   Code   RO         1803    i.I2C_WaitOnTXEFlagUntilTimeout  stm32f4xx_hal_i2c.o
    0x080023b6   0x080023b6   0x00000002   PAD
    0x080023b8   0x080023b8   0x00000044   Code   RO          271    i.MX_FREERTOS_Init  freertos.o
    0x080023fc   0x080023fc   0x000000c0   Code   RO          247    i.MX_GPIO_Init      gpio.o
    0x080024bc   0x080024bc   0x00000040   Code   RO          316    i.MX_I2C1_Init      i2c.o
    0x080024fc   0x080024fc   0x0000006c   Code   RO          363    i.MX_TIM1_Init      tim.o
    0x08002568   0x08002568   0x00000080   Code   RO          364    i.MX_TIM2_Init      tim.o
    0x080025e8   0x080025e8   0x0000006c   Code   RO          365    i.MX_TIM8_Init      tim.o
    0x08002654   0x08002654   0x0000004c   Code   RO          366    i.MX_TIM9_Init      tim.o
    0x080026a0   0x080026a0   0x00000038   Code   RO          448    i.MX_UART4_Init     usart.o
    0x080026d8   0x080026d8   0x00000002   Code   RO          491    i.MemManage_Handler  stm32f4xx_it.o
    0x080026da   0x080026da   0x00000002   Code   RO          492    i.NMI_Handler       stm32f4xx_it.o
    0x080026dc   0x080026dc   0x00000128   Code   RO         3696    i.PID_calc          pid.o
    0x08002804   0x08002804   0x00000064   Code   RO         3736    i.PID_devices_Init  pid_user.o
    0x08002868   0x08002868   0x0000005c   Code   RO         3698    i.PID_init          pid.o
    0x080028c4   0x080028c4   0x00000040   Code   RO         3737    i.PID_postions_realize_1  pid_user.o
    0x08002904   0x08002904   0x0000000e   Code   RO         3549    i.Read_Encoder      my_motor.o
    0x08002912   0x08002912   0x00000008   Code   RO          272    i.StartDefaultTask  freertos.o
    0x0800291a   0x0800291a   0x00000018   Code   RO          493    i.SysTick_Handler   stm32f4xx_it.o
    0x08002932   0x08002932   0x00000002   PAD
    0x08002934   0x08002934   0x00000094   Code   RO           14    i.SystemClock_Config  main.o
    0x080029c8   0x080029c8   0x00000010   Code   RO         3512    i.SystemInit        system_stm32f4xx.o
    0x080029d8   0x080029d8   0x0000001c   Code   RO          494    i.TIM1_BRK_TIM9_IRQHandler  stm32f4xx_it.o
    0x080029f4   0x080029f4   0x0000000c   Code   RO          495    i.TIM1_UP_TIM10_IRQHandler  stm32f4xx_it.o
    0x08002a00   0x08002a00   0x0000000c   Code   RO          496    i.TIM8_UP_TIM13_IRQHandler  stm32f4xx_it.o
    0x08002a0c   0x08002a0c   0x000000c8   Code   RO         2276    i.TIM_Base_SetConfig  stm32f4xx_hal_tim.o
    0x08002ad4   0x08002ad4   0x0000001a   Code   RO         2277    i.TIM_CCxChannelCmd  stm32f4xx_hal_tim.o
    0x08002aee   0x08002aee   0x00000014   Code   RO         2287    i.TIM_ETR_SetConfig  stm32f4xx_hal_tim.o
    0x08002b02   0x08002b02   0x00000010   Code   RO         2288    i.TIM_ITRx_SetConfig  stm32f4xx_hal_tim.o
    0x08002b12   0x08002b12   0x00000002   PAD
    0x08002b14   0x08002b14   0x00000060   Code   RO         2289    i.TIM_OC1_SetConfig  stm32f4xx_hal_tim.o
    0x08002b74   0x08002b74   0x0000006c   Code   RO         2290    i.TIM_OC2_SetConfig  stm32f4xx_hal_tim.o
    0x08002be0   0x08002be0   0x00000068   Code   RO         2291    i.TIM_OC3_SetConfig  stm32f4xx_hal_tim.o
    0x08002c48   0x08002c48   0x00000050   Code   RO         2292    i.TIM_OC4_SetConfig  stm32f4xx_hal_tim.o
    0x08002c98   0x08002c98   0x00000022   Code   RO         2294    i.TIM_TI1_ConfigInputStage  stm32f4xx_hal_tim.o
    0x08002cba   0x08002cba   0x00000024   Code   RO         2296    i.TIM_TI2_ConfigInputStage  stm32f4xx_hal_tim.o
    0x08002cde   0x08002cde   0x00000002   PAD
    0x08002ce0   0x08002ce0   0x0000000c   Code   RO          497    i.UART4_IRQHandler  stm32f4xx_it.o
    0x08002cec   0x08002cec   0x00000010   Code   RO         3196    i.UART_DMAAbortOnError  stm32f4xx_hal_uart.o
    0x08002cfc   0x08002cfc   0x0000004e   Code   RO         3206    i.UART_EndRxTransfer  stm32f4xx_hal_uart.o
    0x08002d4a   0x08002d4a   0x000000c0   Code   RO         3208    i.UART_Receive_IT   stm32f4xx_hal_uart.o
    0x08002e0a   0x08002e0a   0x00000002   PAD
    0x08002e0c   0x08002e0c   0x0000010c   Code   RO         3209    i.UART_SetConfig    stm32f4xx_hal_uart.o
    0x08002f18   0x08002f18   0x00000078   Code   RO         3212    i.UART_WaitOnFlagUntilTimeout  stm32f4xx_hal_uart.o
    0x08002f90   0x08002f90   0x00000002   Code   RO          498    i.UsageFault_Handler  stm32f4xx_it.o
    0x08002f92   0x08002f92   0x00000002   PAD
    0x08002f94   0x08002f94   0x00000020   Code   RO        10749    i.__0printf         mc_w.l(printfa.o)
    0x08002fb4   0x08002fb4   0x00000020   Code   RO         1356    i.__NVIC_SetPriority  stm32f4xx_hal_cortex.o
    0x08002fd4   0x08002fd4   0x0000000e   Code   RO        10819    i.__scatterload_copy  mc_w.l(handlers.o)
    0x08002fe2   0x08002fe2   0x00000002   Code   RO        10820    i.__scatterload_null  mc_w.l(handlers.o)
    0x08002fe4   0x08002fe4   0x0000000e   Code   RO        10821    i.__scatterload_zeroinit  mc_w.l(handlers.o)
    0x08002ff2   0x08002ff2   0x00000002   PAD
    0x08002ff4   0x08002ff4   0x00000184   Code   RO        10756    i._fp_digits        mc_w.l(printfa.o)
    0x08003178   0x08003178   0x000006dc   Code   RO        10757    i._printf_core      mc_w.l(printfa.o)
    0x08003854   0x08003854   0x00000024   Code   RO        10758    i._printf_post_padding  mc_w.l(printfa.o)
    0x08003878   0x08003878   0x0000002e   Code   RO        10759    i._printf_pre_padding  mc_w.l(printfa.o)
    0x080038a6   0x080038a6   0x00000002   PAD
    0x080038a8   0x080038a8   0x00000060   Code   RO         5833    i.chassis_Move_Task  my_tasks.o
    0x08003908   0x08003908   0x00000018   Code   RO         4043    i.fputc             my_usart.o
    0x08003920   0x08003920   0x00000034   Code   RO         5834    i.led_blink_Task    my_tasks.o
    0x08003954   0x08003954   0x0000012c   Code   RO           15    i.main              main.o
    0x08003a80   0x08003a80   0x00000062   Code   RO         3550    i.motor_init        my_motor.o
    0x08003ae2   0x08003ae2   0x00000002   PAD
    0x08003ae4   0x08003ae4   0x00000098   Code   RO         3551    i.motor_two_dirver  my_motor.o
    0x08003b7c   0x08003b7c   0x00000054   Code   RO         3914    i.my_gpio_init      my_gpio.o
    0x08003bd0   0x08003bd0   0x00000024   Code   RO         4009    i.my_tim_init       my_tim.o
    0x08003bf4   0x08003bf4   0x0000001a   Code   RO         5192    i.osDelay           cmsis_os2.o
    0x08003c0e   0x08003c0e   0x00000002   PAD
    0x08003c10   0x08003c10   0x00000024   Code   RO         5206    i.osKernelInitialize  cmsis_os2.o
    0x08003c34   0x08003c34   0x00000038   Code   RO         5209    i.osKernelStart     cmsis_os2.o
    0x08003c6c   0x08003c6c   0x0000008a   Code   RO         5251    i.osThreadNew       cmsis_os2.o
    0x08003cf6   0x08003cf6   0x00000002   PAD
    0x08003cf8   0x08003cf8   0x0000005c   Code   RO         4652    i.prvAddCurrentTaskToDelayedList  tasks.o
    0x08003d54   0x08003d54   0x000000d0   Code   RO         4653    i.prvAddNewTaskToReadyList  tasks.o
    0x08003e24   0x08003e24   0x00000058   Code   RO         5017    i.prvCheckForValidListAndQueue  timers.o
    0x08003e7c   0x08003e7c   0x00000026   Code   RO         4249    i.prvCopyDataFromQueue  queue.o
    0x08003ea2   0x08003ea2   0x0000006c   Code   RO         4250    i.prvCopyDataToQueue  queue.o
    0x08003f0e   0x08003f0e   0x00000034   Code   RO         4654    i.prvDeleteTCB      tasks.o
    0x08003f42   0x08003f42   0x00000002   PAD
    0x08003f44   0x08003f44   0x0000004c   Code   RO         5698    i.prvHeapInit       heap_4.o
    0x08003f90   0x08003f90   0x00000060   Code   RO         4655    i.prvIdleTask       tasks.o
    0x08003ff0   0x08003ff0   0x00000022   Code   RO         4252    i.prvInitialiseNewQueue  queue.o
    0x08004012   0x08004012   0x00000002   PAD
    0x08004014   0x08004014   0x000000b0   Code   RO         4656    i.prvInitialiseNewTask  tasks.o
    0x080040c4   0x080040c4   0x0000004c   Code   RO         5699    i.prvInsertBlockIntoFreeList  heap_4.o
    0x08004110   0x08004110   0x00000038   Code   RO         5019    i.prvInsertTimerInActiveList  timers.o
    0x08004148   0x08004148   0x0000001c   Code   RO         4253    i.prvIsQueueEmpty   queue.o
    0x08004164   0x08004164   0x000000fc   Code   RO         5020    i.prvProcessReceivedCommands  timers.o
    0x08004260   0x08004260   0x000000c0   Code   RO         5021    i.prvProcessTimerOrBlockTask  timers.o
    0x08004320   0x08004320   0x00000020   Code   RO         4658    i.prvResetNextTaskUnblockTime  tasks.o
    0x08004340   0x08004340   0x00000028   Code   RO         5022    i.prvSampleTimeNow  timers.o
    0x08004368   0x08004368   0x0000006c   Code   RO         5023    i.prvSwitchTimerLists  timers.o
    0x080043d4   0x080043d4   0x00000028   Code   RO         5754    i.prvTaskExitError  port.o
    0x080043fc   0x080043fc   0x00000024   Code   RO         5024    i.prvTimerTask      timers.o
    0x08004420   0x08004420   0x0000006a   Code   RO         4254    i.prvUnlockQueue    queue.o
    0x0800448a   0x0800448a   0x00000002   PAD
    0x0800448c   0x0800448c   0x000000dc   Code   RO         5700    i.pvPortMalloc      heap_4.o
    0x08004568   0x08004568   0x0000002c   Code   RO         5755    i.pxPortInitialiseStack  port.o
    0x08004594   0x08004594   0x00000014   Code   RO         3552    i.speed_Encoder     my_motor.o
    0x080045a8   0x080045a8   0x00000014   Code   RO         6595    i.u8g2_ClearBuffer  u8g2_buffer.o
    0x080045bc   0x080045bc   0x0000001e   Code   RO         6759    i.u8g2_ClearDisplay  u8g2_cleardisplay.o
    0x080045da   0x080045da   0x00000040   Code   RO         6689    i.u8g2_DrawCircle   u8g2_circle.o
    0x0800461a   0x0800461a   0x00000070   Code   RO         6798    i.u8g2_DrawGlyph    u8g2_font.o
    0x0800468a   0x0800468a   0x00000002   PAD
    0x0800468c   0x0800468c   0x000000ac   Code   RO         9053    i.u8g2_DrawHVLine   u8g2_hvline.o
    0x08004738   0x08004738   0x0000002e   Code   RO         9054    i.u8g2_DrawPixel    u8g2_hvline.o
    0x08004766   0x08004766   0x00000002   PAD
    0x08004768   0x08004768   0x00000010   Code   RO         6802    i.u8g2_DrawUTF8     u8g2_font.o
    0x08004778   0x08004778   0x0000001c   Code   RO         6596    i.u8g2_FirstPage    u8g2_buffer.o
    0x08004794   0x08004794   0x00000030   Code   RO         9114    i.u8g2_IsIntersection  u8g2_intersection.o
    0x080047c4   0x080047c4   0x0000003e   Code   RO         6597    i.u8g2_NextPage     u8g2_buffer.o
    0x08004802   0x08004802   0x00000012   Code   RO         6598    i.u8g2_SendBuffer   u8g2_buffer.o
    0x08004814   0x08004814   0x0000001c   Code   RO         6599    i.u8g2_SetBufferCurrTileRow  u8g2_buffer.o
    0x08004830   0x08004830   0x00000020   Code   RO         6816    i.u8g2_SetFont      u8g2_font.o
    0x08004850   0x08004850   0x0000000c   Code   RO         6819    i.u8g2_SetFontPosBaseline  u8g2_font.o
    0x0800485c   0x0800485c   0x0000001c   Code   RO         9302    i.u8g2_SetMaxClipWindow  u8g2_setup.o
    0x08004878   0x08004878   0x00000046   Code   RO         9303    i.u8g2_SetupBuffer  u8g2_setup.o
    0x080048be   0x080048be   0x00000002   PAD
    0x080048c0   0x080048c0   0x00000038   Code   RO         6784    i.u8g2_Setup_ssd1306_i2c_128x64_noname_f  u8g2_d_setup.o
    0x080048f8   0x080048f8   0x00000052   Code   RO         6826    i.u8g2_UpdateRefHeight  u8g2_font.o
    0x0800494a   0x0800494a   0x0000001c   Code   RO         6827    i.u8g2_add_vector_x  u8g2_font.o
    0x08004966   0x08004966   0x0000001c   Code   RO         6828    i.u8g2_add_vector_y  u8g2_font.o
    0x08004982   0x08004982   0x0000006e   Code   RO         9305    i.u8g2_apply_clip_window  u8g2_setup.o
    0x080049f0   0x080049f0   0x0000003c   Code   RO         9057    i.u8g2_clip_intersection2  u8g2_hvline.o
    0x08004a2c   0x08004a2c   0x0000006a   Code   RO         6693    i.u8g2_draw_circle  u8g2_circle.o
    0x08004a96   0x08004a96   0x000000ba   Code   RO         6694    i.u8g2_draw_circle_section  u8g2_circle.o
    0x08004b50   0x08004b50   0x00000012   Code   RO         9058    i.u8g2_draw_hv_line_2dir  u8g2_hvline.o
    0x08004b62   0x08004b62   0x0000000c   Code   RO         9307    i.u8g2_draw_l90_r0  u8g2_setup.o
    0x08004b6e   0x08004b6e   0x00000076   Code   RO         6829    i.u8g2_draw_string  u8g2_font.o
    0x08004be4   0x08004be4   0x00000004   Code   RO         6835    i.u8g2_font_calc_vref_font  u8g2_font.o
    0x08004be8   0x08004be8   0x00000014   Code   RO         6837    i.u8g2_font_decode_get_signed_bits  u8g2_font.o
    0x08004bfc   0x08004bfc   0x00000034   Code   RO         6838    i.u8g2_font_decode_get_unsigned_bits  u8g2_font.o
    0x08004c30   0x08004c30   0x00000114   Code   RO         6839    i.u8g2_font_decode_glyph  u8g2_font.o
    0x08004d44   0x08004d44   0x0000008c   Code   RO         6840    i.u8g2_font_decode_len  u8g2_font.o
    0x08004dd0   0x08004dd0   0x00000072   Code   RO         6841    i.u8g2_font_get_glyph_data  u8g2_font.o
    0x08004e42   0x08004e42   0x00000014   Code   RO         6842    i.u8g2_font_get_word  u8g2_font.o
    0x08004e56   0x08004e56   0x00000034   Code   RO         6843    i.u8g2_font_setup_decode  u8g2_font.o
    0x08004e8a   0x08004e8a   0x00000020   Code   RO         3945    i.u8g2_gpio_and_delay_stm32  my_iic.o
    0x08004eaa   0x08004eaa   0x00000002   PAD
    0x08004eac   0x08004eac   0x00000078   Code   RO         3946    i.u8g2_init         my_iic.o
    0x08004f24   0x08004f24   0x00000018   Code   RO         9115    i.u8g2_is_intersection_decision_tree  u8g2_intersection.o
    0x08004f3c   0x08004f3c   0x00000090   Code   RO         9163    i.u8g2_ll_hvline_vertical_top_lsb  u8g2_ll_hvline.o
    0x08004fcc   0x08004fcc   0x0000000c   Code   RO         6771    i.u8g2_m_16_8_f     u8g2_d_memory.o
    0x08004fd8   0x08004fd8   0x0000006a   Code   RO         6844    i.u8g2_read_font_info  u8g2_font.o
    0x08005042   0x08005042   0x0000004e   Code   RO         6606    i.u8g2_send_buffer  u8g2_buffer.o
    0x08005090   0x08005090   0x00000046   Code   RO         9312    i.u8g2_update_dimension_common  u8g2_setup.o
    0x080050d6   0x080050d6   0x00000004   Code   RO         9313    i.u8g2_update_dimension_r0  u8g2_setup.o
    0x080050da   0x080050da   0x00000022   Code   RO         9317    i.u8g2_update_page_win_r0  u8g2_setup.o
    0x080050fc   0x080050fc   0x0000001e   Code   RO        10084    i.u8x8_DrawTile     u8x8_display.o
    0x0800511a   0x0800511a   0x00000010   Code   RO        10086    i.u8x8_InitDisplay  u8x8_display.o
    0x0800512a   0x0800512a   0x00000010   Code   RO        10088    i.u8x8_RefreshDisplay  u8x8_display.o
    0x0800513a   0x0800513a   0x00000010   Code   RO        10091    i.u8x8_SetPowerSave  u8x8_display.o
    0x0800514a   0x0800514a   0x00000022   Code   RO        10390    i.u8x8_Setup        u8x8_setup.o
    0x0800516c   0x0800516c   0x00000024   Code   RO        10391    i.u8x8_SetupDefaults  u8x8_setup.o
    0x08005190   0x08005190   0x00000010   Code   RO        10092    i.u8x8_SetupMemory  u8x8_display.o
    0x080051a0   0x080051a0   0x00000010   Code   RO         9716    i.u8x8_byte_EndTransfer  u8x8_byte.o
    0x080051b0   0x080051b0   0x0000000e   Code   RO         9717    i.u8x8_byte_SendByte  u8x8_byte.o
    0x080051be   0x080051be   0x00000010   Code   RO         9720    i.u8x8_byte_StartTransfer  u8x8_byte.o
    0x080051ce   0x080051ce   0x00000002   PAD
    0x080051d0   0x080051d0   0x0000005c   Code   RO         3947    i.u8x8_byte_hw_i2c  my_iic.o
    0x0800522c   0x0800522c   0x00000010   Code   RO         9836    i.u8x8_cad_EndTransfer  u8x8_cad.o
    0x0800523c   0x0800523c   0x00000010   Code   RO         9837    i.u8x8_cad_SendArg  u8x8_cad.o
    0x0800524c   0x0800524c   0x00000010   Code   RO         9838    i.u8x8_cad_SendCmd  u8x8_cad.o
    0x0800525c   0x0800525c   0x00000010   Code   RO         9839    i.u8x8_cad_SendData  u8x8_cad.o
    0x0800526c   0x0800526c   0x00000068   Code   RO         9841    i.u8x8_cad_SendSequence  u8x8_cad.o
    0x080052d4   0x080052d4   0x00000010   Code   RO         9842    i.u8x8_cad_StartTransfer  u8x8_cad.o
    0x080052e4   0x080052e4   0x000000bc   Code   RO         9845    i.u8x8_cad_ssd13xx_fast_i2c  u8x8_cad.o
    0x080053a0   0x080053a0   0x00000060   Code   RO        10093    i.u8x8_d_helper_display_init  u8x8_display.o
    0x08005400   0x08005400   0x0000000a   Code   RO        10094    i.u8x8_d_helper_display_setup_memory  u8x8_display.o
    0x0800540a   0x0800540a   0x00000002   PAD
    0x0800540c   0x0800540c   0x0000003c   Code   RO        10018    i.u8x8_d_ssd1306_128x64_noname  u8x8_d_ssd1306_128x64_noname.o
    0x08005448   0x08005448   0x000000c8   Code   RO        10020    i.u8x8_d_ssd1306_sh1106_generic  u8x8_d_ssd1306_128x64_noname.o
    0x08005510   0x08005510   0x00000004   Code   RO        10393    i.u8x8_dummy_cb     u8x8_setup.o
    0x08005514   0x08005514   0x0000000c   Code   RO        10312    i.u8x8_gpio_call    u8x8_gpio.o
    0x08005520   0x08005520   0x0000002c   Code   RO         9853    i.u8x8_i2c_data_transfer  u8x8_cad.o
    0x0800554c   0x0800554c   0x00000008   Code   RO         9599    i.u8x8_utf8_init    u8x8_8x8.o
    0x08005554   0x08005554   0x00000090   Code   RO         9600    i.u8x8_utf8_next    u8x8_8x8.o
    0x080055e4   0x080055e4   0x00000026   Code   RO         4209    i.uxListRemove      list.o
    0x0800560a   0x0800560a   0x00000002   PAD
    0x0800560c   0x0800560c   0x00000014   Code   RO         5263    i.vApplicationGetIdleTaskMemory  cmsis_os2.o
    0x08005620   0x08005620   0x00000018   Code   RO         5264    i.vApplicationGetTimerTaskMemory  cmsis_os2.o
    0x08005638   0x08005638   0x00000016   Code   RO         4210    i.vListInitialise   list.o
    0x0800564e   0x0800564e   0x00000006   Code   RO         4211    i.vListInitialiseItem  list.o
    0x08005654   0x08005654   0x00000030   Code   RO         4212    i.vListInsert       list.o
    0x08005684   0x08005684   0x00000018   Code   RO         4213    i.vListInsertEnd    list.o
    0x0800569c   0x0800569c   0x00000040   Code   RO         5757    i.vPortEnterCritical  port.o
    0x080056dc   0x080056dc   0x00000028   Code   RO         5758    i.vPortExitCritical  port.o
    0x08005704   0x08005704   0x00000064   Code   RO         5701    i.vPortFree         heap_4.o
    0x08005768   0x08005768   0x00000024   Code   RO         5759    i.vPortSetupTimerInterrupt  port.o
    0x0800578c   0x0800578c   0x00000054   Code   RO         5760    i.vPortValidateInterruptPriority  port.o
    0x080057e0   0x080057e0   0x00000028   Code   RO         4260    i.vQueueAddToRegistry  queue.o
    0x08005808   0x08005808   0x00000044   Code   RO         4264    i.vQueueWaitForMessageRestricted  queue.o
    0x0800584c   0x0800584c   0x0000004c   Code   RO         4671    i.vTaskDelay        tasks.o
    0x08005898   0x08005898   0x00000010   Code   RO         4676    i.vTaskInternalSetTimeOutState  tasks.o
    0x080058a8   0x080058a8   0x0000000c   Code   RO         4677    i.vTaskMissedYield  tasks.o
    0x080058b4   0x080058b4   0x00000030   Code   RO         4679    i.vTaskPlaceOnEventList  tasks.o
    0x080058e4   0x080058e4   0x00000038   Code   RO         4680    i.vTaskPlaceOnEventListRestricted  tasks.o
    0x0800591c   0x0800591c   0x00000088   Code   RO         4688    i.vTaskStartScheduler  tasks.o
    0x080059a4   0x080059a4   0x00000010   Code   RO         4690    i.vTaskSuspendAll   tasks.o
    0x080059b4   0x080059b4   0x00000064   Code   RO         4691    i.vTaskSwitchContext  tasks.o
    0x08005a18   0x08005a18   0x000000f4   Code   RO         5761    i.xPortStartScheduler  port.o
    0x08005b0c   0x08005b0c   0x0000002c   Code   RO         5762    i.xPortSysTickHandler  port.o
    0x08005b38   0x08005b38   0x00000066   Code   RO         4270    i.xQueueGenericCreateStatic  queue.o
    0x08005b9e   0x08005b9e   0x00000002   PAD
    0x08005ba0   0x08005ba0   0x00000088   Code   RO         4271    i.xQueueGenericReset  queue.o
    0x08005c28   0x08005c28   0x00000160   Code   RO         4272    i.xQueueGenericSend  queue.o
    0x08005d88   0x08005d88   0x000000be   Code   RO         4273    i.xQueueGenericSendFromISR  queue.o
    0x08005e46   0x08005e46   0x00000002   PAD
    0x08005e48   0x08005e48   0x00000138   Code   RO         4282    i.xQueueReceive     queue.o
    0x08005f80   0x08005f80   0x00000074   Code   RO         4693    i.xTaskCheckForTimeOut  tasks.o
    0x08005ff4   0x08005ff4   0x0000005a   Code   RO         4694    i.xTaskCreate       tasks.o
    0x0800604e   0x0800604e   0x00000056   Code   RO         4695    i.xTaskCreateStatic  tasks.o
    0x080060a4   0x080060a4   0x0000001c   Code   RO         4699    i.xTaskGetSchedulerState  tasks.o
    0x080060c0   0x080060c0   0x0000000c   Code   RO         4700    i.xTaskGetTickCount  tasks.o
    0x080060cc   0x080060cc   0x000000c8   Code   RO         4702    i.xTaskIncrementTick  tasks.o
    0x08006194   0x08006194   0x00000080   Code   RO         4705    i.xTaskPriorityDisinherit  tasks.o
    0x08006214   0x08006214   0x00000070   Code   RO         4707    i.xTaskRemoveFromEventList  tasks.o
    0x08006284   0x08006284   0x000000c4   Code   RO         4708    i.xTaskResumeAll    tasks.o
    0x08006348   0x08006348   0x00000060   Code   RO         5033    i.xTimerCreateTimerTask  timers.o
    0x080063a8   0x080063a8   0x00000068   Code   RO         5034    i.xTimerGenericCommand  timers.o
    0x08006410   0x08006410   0x0000006c   Data   RO          273    .constdata          freertos.o
    0x0800647c   0x0800647c   0x00000010   Data   RO         3513    .constdata          system_stm32f4xx.o
    0x0800648c   0x0800648c   0x00000008   Data   RO         3514    .constdata          system_stm32f4xx.o
    0x08006494   0x08006494   0x0000363a   Data   RO         8251    .constdata          u8g2_fonts.o
    0x08009ace   0x08009ace   0x00000002   PAD
    0x08009ad0   0x08009ad0   0x0000000c   Data   RO         9321    .constdata          u8g2_setup.o
    0x08009adc   0x08009adc   0x00000158   Data   RO        10022    .constdata          u8x8_d_ssd1306_128x64_noname.o
    0x08009c34   0x08009c34   0x00000028   Data   RO          274    .conststring        freertos.o
    0x08009c5c   0x08009c5c   0x00000020   Data   RO        10817    Region$$Table       anon$$obj.o


    Execution Region RW_IRAM1 (Exec base: 0x20000000, Load base: 0x08009c7c, Size: 0x000055d8, Max: 0x0001c000, ABSOLUTE)

    Exec Addr    Load Addr    Size         Type   Attr      Idx    E Section Name        Object

    0x20000000   0x08009c7c   0x0000000c   Data   RW          275    .data               freertos.o
    0x2000000c   0x08009c88   0x0000000c   Data   RW         1500    .data               stm32f4xx_hal.o
    0x20000018   0x08009c94   0x00000004   Data   RW         3515    .data               system_stm32f4xx.o
    0x2000001c   0x08009c98   0x00000018   Data   RW         3740    .data               pid_user.o
    0x20000034   0x08009cb0   0x00000001   Data   RW         3949    .data               my_iic.o
    0x20000035   0x08009cb1   0x00000003   PAD
    0x20000038   0x08009cb4   0x0000003c   Data   RW         4711    .data               tasks.o
    0x20000074   0x08009cf0   0x00000014   Data   RW         5042    .data               timers.o
    0x20000088   0x08009d04   0x00000004   Data   RW         5266    .data               cmsis_os2.o
    0x2000008c   0x08009d08   0x00000020   Data   RW         5707    .data               heap_4.o
    0x200000ac   0x08009d28   0x0000000c   Data   RW         5763    .data               port.o
    0x200000b8   0x08009d34   0x00000004   Data   RW         5835    .data               my_tasks.o
    0x200000bc   0x08009d38   0x00000006   Data   RW         9855    .data               u8x8_cad.o
    0x200000c2   0x08009d3e   0x00000002   PAD
    0x200000c4   0x08009d40   0x00000004   Data   RW        10793    .data               mc_w.l(stdout.o)
    0x200000c8        -       0x00000054   Zero   RW          317    .bss                i2c.o
    0x2000011c        -       0x00000120   Zero   RW          367    .bss                tim.o
    0x2000023c        -       0x00000044   Zero   RW          449    .bss                usart.o
    0x20000280        -       0x000000b0   Zero   RW         3553    .bss                my_motor.o
    0x20000330        -       0x00000120   Zero   RW         3739    .bss                pid_user.o
    0x20000450        -       0x000000b4   Zero   RW         3948    .bss                my_iic.o
    0x20000504        -       0x00000040   Zero   RW         4286    .bss                queue.o
    0x20000544        -       0x000004c4   Zero   RW         4710    .bss                tasks.o
    0x20000a08        -       0x00000118   Zero   RW         5041    .bss                timers.o
    0x20000b20        -       0x000006b8   Zero   RW         5265    .bss                cmsis_os2.o
    0x200011d8        -       0x00003c00   Zero   RW         5706    .bss                heap_4.o
    0x20004dd8        -       0x00000400   Zero   RW         6772    .bss                u8g2_d_memory.o
    0x200051d8        -       0x00000400   Zero   RW            1    STACK               startup_stm32f407xx.o


    Execution Region RW_IRAM2 (Exec base: 0x2001c000, Load base: 0x08009d44, Size: 0x00000000, Max: 0x00004000, ABSOLUTE)

    **** No section assigned to this execution region ****


==============================================================================

Image component sizes


      Code (inc. data)   RO Data    RW Data    ZI Data      Debug   Object Name

         0          0          0          0          0     764429   bsp_delay.o
       300         22          0          4       1720      64405   cmsis_os2.o
         0          0          0          0          0      19440   event_groups.o
        76         22        148         12          0       1933   freertos.o
       192         14          0          0          0       1035   gpio.o
       472         24          0         32      15360       4855   heap_4.o
       168         26          0          0         84       1673   i2c.o
       138          0          0          0          0       3534   list.o
       452         26          0          0          0     872449   main.o
        84         10          0          0          0        499   my_gpio.o
       244         44          0          1        180       2486   my_iic.o
       284         10          0          0        176     608891   my_motor.o
       148         36          0          4          0       1225   my_tasks.o
       140         22          0          0          0       1370   my_tim.o
        24          4          0          0          0        496   my_usart.o
       388          8          0          0          0       1790   pid.o
       164         24          0         24        288       1968   pid_user.o
       786         82          0         12          0      11489   port.o
      1514         20          0          0         64      17404   queue.o
        36          8        392          0       1024        836   startup_stm32f407xx.o
       180         28          0         12          0       9401   stm32f4xx_hal.o
       198         14          0          0          0      33935   stm32f4xx_hal_cortex.o
       182          0          0          0          0       2099   stm32f4xx_hal_dma.o
       522         46          0          0          0       2837   stm32f4xx_hal_gpio.o
      1300         32          0          0          0       9153   stm32f4xx_hal_i2c.o
        56          4          0          0          0        866   stm32f4xx_hal_msp.o
      1344         72          0          0          0       5232   stm32f4xx_hal_rcc.o
      2182        136          0          0          0      17215   stm32f4xx_hal_tim.o
       148         28          0          0          0       2449   stm32f4xx_hal_tim_ex.o
      1574         16          0          0          0      10488   stm32f4xx_hal_uart.o
       100         28          0          0          0       5255   stm32f4xx_it.o
         0          0          0          0          0        388   stream_buffer.o
        16          4         24          4          0       1127   system_stm32f4xx.o
      2084        168          0         60       1220      26872   tasks.o
       856         82          0          0        288       5671   tim.o
       972         80          0         20        280      32111   timers.o
       234          0          0          0          0       4220   u8g2_buffer.o
       356          0          0          0          0       3494   u8g2_circle.o
        30          0          0          0          0        580   u8g2_cleardisplay.o
        12          4          0          0       1024        832   u8g2_d_memory.o
        56         14          0          0          0       1037   u8g2_d_setup.o
      1212         10          0          0          0      13953   u8g2_font.o
         0          0      13882          0          0     145290   u8g2_fonts.o
       296          0          0          0          0       3076   u8g2_hvline.o
        72          0          0          0          0       1887   u8g2_intersection.o
       144          0          0          0          0       1362   u8g2_ll_hvline.o
       328          0         12          0          0     146758   u8g2_setup.o
       152          0          0          0          0       2028   u8x8_8x8.o
        46          0          0          0          0       1707   u8x8_byte.o
       416         12          0          6          0       8756   u8x8_cad.o
       260         12        344          0          0       3071   u8x8_d_ssd1306_128x64_noname.o
       200          0          0          0          0       4394   u8x8_display.o
        12          0          0          0          0        601   u8x8_gpio.o
        74          4          0          0          0       1782   u8x8_setup.o
       176         22          0          0         68       1704   usart.o

    ----------------------------------------------------------------------
     21458       1218      14836        196      21776    2893838   Object Totals
         0          0         32          0          0          0   (incl. Generated)
        58          0          2          5          0          0   (incl. Padding)

    ----------------------------------------------------------------------

      Code (inc. data)   RO Data    RW Data    ZI Data      Debug   Library Member Name

         0          0          0          0          0          0   entry.o
         0          0          0          0          0          0   entry10a.o
         0          0          0          0          0          0   entry11a.o
         8          4          0          0          0          0   entry2.o
         4          0          0          0          0          0   entry5.o
         0          0          0          0          0          0   entry7b.o
         0          0          0          0          0          0   entry8b.o
         8          4          0          0          0          0   entry9a.o
        30          0          0          0          0          0   handlers.o
        36          8          0          0          0         68   init.o
         0          0          0          0          0          0   iusefp.o
        30          0          0          0          0         68   llshl.o
        36          0          0          0          0         68   llsshr.o
        32          0          0          0          0         68   llushr.o
        36          0          0          0          0         68   memcpya.o
        36          0          0          0          0        108   memseta.o
      2258         90          0          0          0        452   printfa.o
         0          0          0          4          0          0   stdout.o
        44          0          0          0          0         80   uidiv.o
        98          0          0          0          0         92   uldiv.o
        48          0          0          0          0         68   cdrcmple.o
       334          0          0          0          0        148   dadd.o
       222          0          0          0          0        100   ddiv.o
       186          0          0          0          0        176   depilogue.o
        48          0          0          0          0         68   dfixul.o
       228          0          0          0          0         96   dmul.o
        38          0          0          0          0         68   f2d.o

    ----------------------------------------------------------------------
      3766        106          0          4          0       1796   Library Totals
         6          0          0          0          0          0   (incl. Padding)

    ----------------------------------------------------------------------

      Code (inc. data)   RO Data    RW Data    ZI Data      Debug   Library Name

      2656        106          0          4          0       1072   mc_w.l
      1104          0          0          0          0        724   mf_w.l

    ----------------------------------------------------------------------
      3766        106          0          4          0       1796   Library Totals

    ----------------------------------------------------------------------

==============================================================================


      Code (inc. data)   RO Data    RW Data    ZI Data      Debug   

     25224       1324      14836        200      21776    2871054   Grand Totals
     25224       1324      14836        200      21776    2871054   ELF Image Totals
     25224       1324      14836        200          0          0   ROM Totals

==============================================================================

    Total RO  Size (Code + RO Data)                40060 (  39.12kB)
    Total RW  Size (RW Data + ZI Data)             21976 (  21.46kB)
    Total ROM Size (Code + RO Data + RW Data)      40260 (  39.32kB)

==============================================================================

